176.31.101.111 - - [28/Sep/2017:08:57:23 +0000] "GET /codes/%D9%86%D8%B8%D8%A7%D9%85-%D8%A7%D9%84%D9%85%D8%B1%D8%A7%D9%81%D8%B9%D8%A7%D8%AA-%D8%A3%D9%85%D8%A7%D9%85-%D8%AF%D9%8A%D9%88%D8%A7%D9%86-%D8%A7%D9%84%D9%85%D8%B8%D8%A7%D9%84%D9%85-1435 HTTP/1.1" 200 14761 "-" "Mozilla/5.0 (compatible; MJ12bot/v1.4.7; http://mj12bot.com/)"
176.31.101.111 - - [28/Sep/2017:08:57:49 +0000] "GET /codes/%D9%86%D8%B8%D8%A7%D9%85-%D8%A7%D9%84%D9%85%D8%B1%D8%A7%D9%81%D8%B9%D8%A7%D8%AA-%D8%A7%D9%84%D8%B4%D8%B1%D8%B9%D9%8A%D8%A9-1421 HTTP/1.1" 200 39838 "-" "Mozilla/5.0 (compatible; MJ12bot/v1.4.7; http://mj12bot.com/)"
37.104.222.69 - - [28/Sep/2017:08:58:20 +0000] "GET /lawyers/%D8%A7%D8%A8%D8%B1%D8%A7%D9%87%D9%8A%D9%85-%D8%A8%D9%86-%D9%85%D9%86%D8%A7%D8%AD%D9%8A-%D8%A7%D9%84%D8%BA%D9%81%D9%8A%D9%84%D9%8A-%D8%A7%D9%84%D8%AD%D8%A8%D8%B1%D8%AF%D9%8A HTTP/1.1" 200 7274 "-" "Mozilla/5.0 (iPhone; CPU iPhone OS 10_3_3 like Mac OS X) AppleWebKit/603.3.8 (KHTML, like Gecko) Version/10.0 Mobile/14G60 Safari/602.1"
37.104.222.69 - - [28/Sep/2017:08:58:20 +0000] "GET /css/app.css?id=ea2b7f26afe664d56a04 HTTP/1.1" 200 33869 "https://www.thesaudilaw.com/lawyers/%D8%A7%D8%A8%D8%B1%D8%A7%D9%87%D9%8A%D9%85-%D8%A8%D9%86-%D9%85%D9%86%D8%A7%D8%AD%D9%8A-%D8%A7%D9%84%D8%BA%D9%81%D9%8A%D9%84%D9%8A-%D8%A7%D9%84%D8%AD%D8%A8%D8%B1%D8%AF%D9%8A" "Mozilla/5.0 (iPhone; CPU iPhone OS 10_3_3 like Mac OS X) AppleWebKit/603.3.8 (KHTML, like Gecko) Version/10.0 Mobile/14G60 Safari/602.1"
37.104.222.69 - - [28/Sep/2017:08:58:21 +0000] "GET /js/manifest.js?id=00c9397dc4d2d4ed54de HTTP/1.1" 200 1359 "https://www.thesaudilaw.com/lawyers/%D8%A7%D8%A8%D8%B1%D8%A7%D9%87%D9%8A%D9%85-%D8%A8%D9%86-%D9%85%D9%86%D8%A7%D8%AD%D9%8A-%D8%A7%D9%84%D8%BA%D9%81%D9%8A%D9%84%D9%8A-%D8%A7%D9%84%D8%AD%D8%A8%D8%B1%D8%AF%D9%8A" "Mozilla/5.0 (iPhone; CPU iPhone OS 10_3_3 like Mac OS X) AppleWebKit/603.3.8 (KHTML, like Gecko) Version/10.0 Mobile/14G60 Safari/602.1"
37.104.222.69 - - [28/Sep/2017:08:58:21 +0000] "GET /img/avatar.jpg HTTP/1.1" 200 51408 "https://www.thesaudilaw.com/lawyers/%D8%A7%D8%A8%D8%B1%D8%A7%D9%87%D9%8A%D9%85-%D8%A8%D9%86-%D9%85%D9%86%D8%A7%D8%AD%D9%8A-%D8%A7%D9%84%D8%BA%D9%81%D9%8A%D9%84%D9%8A-%D8%A7%D9%84%D8%AD%D8%A8%D8%B1%D8%AF%D9%8A" "Mozilla/5.0 (iPhone; CPU iPhone OS 10_3_3 like Mac OS X) AppleWebKit/603.3.8 (KHTML, like Gecko) Version/10.0 Mobile/14G60 Safari/602.1"
37.104.222.69 - - [28/Sep/2017:08:58:21 +0000] "GET /img/logo.svg HTTP/1.1" 200 4161 "https://www.thesaudilaw.com/lawyers/%D8%A7%D8%A8%D8%B1%D8%A7%D9%87%D9%8A%D9%85-%D8%A8%D9%86-%D9%85%D9%86%D8%A7%D8%AD%D9%8A-%D8%A7%D9%84%D8%BA%D9%81%D9%8A%D9%84%D9%8A-%D8%A7%D9%84%D8%AD%D8%A8%D8%B1%D8%AF%D9%8A" "Mozilla/5.0 (iPhone; CPU iPhone OS 10_3_3 like Mac OS X) AppleWebKit/603.3.8 (KHTML, like Gecko) Version/10.0 Mobile/14G60 Safari/602.1"
37.104.222.69 - - [28/Sep/2017:08:58:21 +0000] "GET /js/app.js?id=616a35b9db9ae672e3b5 HTTP/1.1" 200 42188 "https://www.thesaudilaw.com/lawyers/%D8%A7%D8%A8%D8%B1%D8%A7%D9%87%D9%8A%D9%85-%D8%A8%D9%86-%D9%85%D9%86%D8%A7%D8%AD%D9%8A-%D8%A7%D9%84%D8%BA%D9%81%D9%8A%D9%84%D9%8A-%D8%A7%D9%84%D8%AD%D8%A8%D8%B1%D8%AF%D9%8A" "Mozilla/5.0 (iPhone; CPU iPhone OS 10_3_3 like Mac OS X) AppleWebKit/603.3.8 (KHTML, like Gecko) Version/10.0 Mobile/14G60 Safari/602.1"
37.104.222.69 - - [28/Sep/2017:08:58:21 +0000] "GET /js/vendor.js?id=f7400958569fae48befe HTTP/1.1" 200 252214 "https://www.thesaudilaw.com/lawyers/%D8%A7%D8%A8%D8%B1%D8%A7%D9%87%D9%8A%D9%85-%D8%A8%D9%86-%D9%85%D9%86%D8%A7%D8%AD%D9%8A-%D8%A7%D9%84%D8%BA%D9%81%D9%8A%D9%84%D9%8A-%D8%A7%D9%84%D8%AD%D8%A8%D8%B1%D8%AF%D9%8A" "Mozilla/5.0 (iPhone; CPU iPhone OS 10_3_3 like Mac OS X) AppleWebKit/603.3.8 (KHTML, like Gecko) Version/10.0 Mobile/14G60 Safari/602.1"
176.31.101.111 - - [28/Sep/2017:08:58:30 +0000] "GET /codes/%D9%86%D8%B8%D8%A7%D9%85-%D8%A7%D9%84%D9%85%D8%B1%D8%A7%D9%81%D8%B9%D8%A7%D8%AA-%D8%A7%D9%84%D8%B4%D8%B1%D8%B9%D9%8A%D8%A9-1435 HTTP/1.1" 200 42606 "-" "Mozilla/5.0 (compatible; MJ12bot/v1.4.7; http://mj12bot.com/)"
37.104.222.69 - - [28/Sep/2017:08:58:36 +0000] "GET /fonts/vendor/font-awesome/fontawesome-webfont.woff2?af7ae505a9eed503f8b8e6982036873e HTTP/1.1" 200 77750 "https://www.thesaudilaw.com/lawyers/%D8%A7%D8%A8%D8%B1%D8%A7%D9%87%D9%8A%D9%85-%D8%A8%D9%86-%D9%85%D9%86%D8%A7%D8%AD%D9%8A-%D8%A7%D9%84%D8%BA%D9%81%D9%8A%D9%84%D9%8A-%D8%A7%D9%84%D8%AD%D8%A8%D8%B1%D8%AF%D9%8A" "Mozilla/5.0 (iPhone; CPU iPhone OS 10_3_3 like Mac OS X) AppleWebKit/603.3.8 (KHTML, like Gecko) Version/10.0 Mobile/14G60 Safari/602.1"
37.104.222.69 - - [28/Sep/2017:08:58:38 +0000] "GET /lawyers HTTP/1.1" 200 7585 "https://www.thesaudilaw.com/lawyers/%D8%A7%D8%A8%D8%B1%D8%A7%D9%87%D9%8A%D9%85-%D8%A8%D9%86-%D9%85%D9%86%D8%A7%D8%AD%D9%8A-%D8%A7%D9%84%D8%BA%D9%81%D9%8A%D9%84%D9%8A-%D8%A7%D9%84%D8%AD%D8%A8%D8%B1%D8%AF%D9%8A" "Mozilla/5.0 (iPhone; CPU iPhone OS 10_3_3 like Mac OS X) AppleWebKit/603.3.8 (KHTML, like Gecko) Version/10.0 Mobile/14G60 Safari/602.1"
176.31.101.111 - - [28/Sep/2017:08:58:42 +0000] "GET /codes/%D9%86%D8%B8%D8%A7%D9%85-%D8%A7%D9%84%D9%85%D8%B1%D8%A7%D9%82%D8%A8%D8%A9-%D8%A7%D9%84%D8%B5%D8%AD%D9%8A%D8%A9-%D9%81%D9%8A-%D9%85%D9%86%D8%A7%D9%81%D8%B0-%D8%A7%D9%84%D8%AF%D8%AE%D9%88%D9%84-1433 HTTP/1.1" 200 12783 "-" "Mozilla/5.0 (compatible; MJ12bot/v1.4.7; http://mj12bot.com/)"
37.104.222.69 - - [28/Sep/2017:08:58:44 +0000] "GET /lawyers?gender=female HTTP/1.1" 200 6227 "https://www.thesaudilaw.com/lawyers" "Mozilla/5.0 (iPhone; CPU iPhone OS 10_3_3 like Mac OS X) AppleWebKit/603.3.8 (KHTML, like Gecko) Version/10.0 Mobile/14G60 Safari/602.1"
176.31.101.111 - - [28/Sep/2017:08:58:52 +0000] "GET /codes/%D9%86%D8%B8%D8%A7%D9%85-%D8%A7%D9%84%D9%85%D8%B1%D9%83%D8%B2-%D8%A7%D9%84%D9%88%D8%B7%D9%86%D9%8A-%D9%84%D9%84%D9%88%D8%AB%D8%A7%D8%A6%D9%82-%D9%88%D8%A7%D9%84%D9%85%D8%AD%D9%81%D9%88%D8%B8%D8%A7%D8%AA-1409 HTTP/1.1" 200 9354 "-" "Mozilla/5.0 (compatible; MJ12bot/v1.4.7; http://mj12bot.com/)"
176.31.101.111 - - [28/Sep/2017:08:59:01 +0000] "GET /codes/%D9%86%D8%B8%D8%A7%D9%85-%D8%A7%D9%84%D9%85%D8%B1%D9%88%D8%B1-1428 HTTP/1.1" 200 20068 "-" "Mozilla/5.0 (compatible; MJ12bot/v1.4.7; http://mj12bot.com/)"
176.31.101.111 - - [28/Sep/2017:08:59:11 +0000] "GET /codes/%D9%86%D8%B8%D8%A7%D9%85-%D8%A7%D9%84%D9%85%D8%B7%D8%A8%D9%88%D8%B9%D8%A7%D8%AA-%D9%88%D8%A7%D9%84%D9%86%D8%B4%D8%B1-1421 HTTP/1.1" 200 15183 "-" "Mozilla/5.0 (compatible; MJ12bot/v1.4.7; http://mj12bot.com/)"
176.31.101.111 - - [28/Sep/2017:08:59:15 +0000] "GET /codes/%D9%86%D8%B8%D8%A7%D9%85-%D8%A7%D9%84%D9%85%D8%B9%D8%A7%D8%AF%D9%86-%D8%A7%D9%84%D8%AB%D9%85%D9%8A%D9%86%D8%A9-%D9%88%D8%A7%D9%84%D8%A3%D8%AD%D8%AC%D8%A7%D8%B1-%D8%A7%D9%84%D9%83%D8%B1%D9%8A%D9%85%D8%A9-1403 HTTP/1.1" 200 7508 "-" "Mozilla/5.0 (compatible; MJ12bot/v1.4.7; http://mj12bot.com/)"
176.31.101.111 - - [28/Sep/2017:08:59:18 +0000] "GET /codes/%D9%86%D8%B8%D8%A7%D9%85-%D8%A7%D9%84%D9%85%D8%B9%D8%A7%D9%8A%D8%B1%D8%A9-%D9%88%D8%A7%D9%84%D9%85%D9%82%D8%A7%D9%8A%D9%8A%D8%B3-1383 HTTP/1.1" 200 6276 "-" "Mozilla/5.0 (compatible; MJ12bot/v1.4.7; http://mj12bot.com/)"
176.31.101.111 - - [28/Sep/2017:08:59:20 +0000] "GET /codes/%D9%86%D8%B8%D8%A7%D9%85-%D8%A7%D9%84%D9%85%D8%B9%D9%84%D9%88%D9%85%D8%A7%D8%AA-%D8%A7%D9%84%D8%A7%D8%A6%D8%AA%D9%85%D8%A7%D9%86%D9%8A%D8%A9-1429 HTTP/1.1" 200 7764 "-" "Mozilla/5.0 (compatible; MJ12bot/v1.4.7; http://mj12bot.com/)"
37.104.222.69 - - [28/Sep/2017:08:59:27 +0000] "GET /lawyers?gender=female&page=2 HTTP/1.1" 200 6186 "https://www.thesaudilaw.com/lawyers?gender=female" "Mozilla/5.0 (iPhone; CPU iPhone OS 10_3_3 like Mac OS X) AppleWebKit/603.3.8 (KHTML, like Gecko) Version/10.0 Mobile/14G60 Safari/602.1"
176.31.101.111 - - [28/Sep/2017:08:59:32 +0000] "GET /codes/%D9%86%D8%B8%D8%A7%D9%85-%D8%A7%D9%84%D9%85%D9%82%D9%8A%D9%85%D9%8A%D9%86-%D8%A7%D9%84%D9%85%D8%B9%D8%AA%D9%85%D8%AF%D9%8A%D9%86-1433 HTTP/1.1" 200 15519 "-" "Mozilla/5.0 (compatible; MJ12bot/v1.4.7; http://mj12bot.com/)"
176.31.101.111 - - [28/Sep/2017:08:59:36 +0000] "GET /codes/%D9%86%D8%B8%D8%A7%D9%85-%D8%A7%D9%84%D9%85%D9%84%D8%A7%D8%A8%D8%B3-%D9%88%D8%A7%D9%84%D8%AA%D8%AC%D9%87%D9%8A%D8%B2%D8%A7%D8%AA-%D8%A7%D9%84%D8%B9%D8%B3%D9%83%D8%B1%D9%8A%D8%A9-1426 HTTP/1.1" 200 9641 "-" "Mozilla/5.0 (compatible; MJ12bot/v1.4.7; http://mj12bot.com/)"
176.31.101.111 - - [28/Sep/2017:08:59:45 +0000] "GET /codes/%D9%86%D8%B8%D8%A7%D9%85-%D8%A7%D9%84%D9%85%D9%86%D8%A7%D8%B7%D9%82-1412 HTTP/1.1" 200 12079 "-" "Mozilla/5.0 (compatible; MJ12bot/v1.4.7; http://mj12bot.com/)"
37.104.222.69 - - [28/Sep/2017:09:00:11 +0000] "GET /lawyers?gender=female&page=3 HTTP/1.1" 200 6217 "https://www.thesaudilaw.com/lawyers?gender=female&page=2" "Mozilla/5.0 (iPhone; CPU iPhone OS 10_3_3 like Mac OS X) AppleWebKit/603.3.8 (KHTML, like Gecko) Version/10.0 Mobile/14G60 Safari/602.1"
176.31.101.111 - - [28/Sep/2017:09:00:40 +0000] "GET /codes/%D9%86%D8%B8%D8%A7%D9%85-%D8%A7%D9%84%D9%85%D9%86%D8%A7%D8%B7%D9%82-%D8%A7%D9%84%D9%85%D8%AD%D9%85%D9%8A%D8%A9-%D9%84%D9%84%D8%AD%D9%8A%D8%A7%D8%A9-%D8%A7%D9%84%D9%81%D8%B7%D8%B1%D9%8A%D8%A9-1436 HTTP/1.1" 200 11018 "-" "Mozilla/5.0 (compatible; MJ12bot/v1.4.7; http://mj12bot.com/)"
37.104.222.69 - - [28/Sep/2017:09:00:45 +0000] "GET /lawyers?gender=female&page=4 HTTP/1.1" 200 6199 "https://www.thesaudilaw.com/lawyers?gender=female&page=3" "Mozilla/5.0 (iPhone; CPU iPhone OS 10_3_3 like Mac OS X) AppleWebKit/603.3.8 (KHTML, like Gecko) Version/10.0 Mobile/14G60 Safari/602.1"
176.31.101.111 - - [28/Sep/2017:09:00:48 +0000] "GET /codes/%D9%86%D8%B8%D8%A7%D9%85-%D8%A7%D9%84%D9%85%D9%86%D8%A7%D9%81%D8%B3%D8%A7%D8%AA-%D9%88%D8%A7%D9%84%D9%85%D8%B4%D8%AA%D8%B1%D9%8A%D8%A7%D8%AA-%D8%A7%D9%84%D8%AD%D9%83%D9%88%D9%85%D9%8A%D8%A9-1427 HTTP/1.1" 200 19279 "-" "Mozilla/5.0 (compatible; MJ12bot/v1.4.7; http://mj12bot.com/)"
176.31.101.111 - - [28/Sep/2017:09:00:53 +0000] "GET /codes/%D9%86%D8%B8%D8%A7%D9%85-%D8%A7%D9%84%D9%85%D9%86%D8%A7%D9%81%D8%B3%D8%A9-1425 HTTP/1.1" 200 10249 "-" "Mozilla/5.0 (compatible; MJ12bot/v1.4.7; http://mj12bot.com/)"
176.31.101.111 - - [28/Sep/2017:09:00:55 +0000] "GET /codes/%D9%86%D8%B8%D8%A7%D9%85-%D8%A7%D9%84%D9%85%D9%86%D8%B4%D8%A2%D8%AA-%D9%88%D8%A7%D9%84%D9%85%D8%B3%D8%AA%D8%AD%D8%B6%D8%B1%D8%A7%D8%AA-%D8%A7%D9%84%D8%B5%D9%8A%D8%AF%D9%84%D8%A7%D9%86%D9%8A%D8%A9-1425 HTTP/1.1" 200 8724 "-" "Mozilla/5.0 (compatible; MJ12bot/v1.4.7; http://mj12bot.com/)"
176.31.101.111 - - [28/Sep/2017:09:00:58 +0000] "GET /codes/%D9%86%D8%B8%D8%A7%D9%85-%D8%A7%D9%84%D9%85%D9%88%D8%A7%D9%86%D8%A6-%D9%88%D8%A7%D9%84%D9%85%D8%B1%D8%A7%D9%81%D8%A6-%D9%88%D8%A7%D9%84%D9%85%D9%86%D8%A7%D8%A6%D8%B1-%D8%A7%D9%84%D8%A8%D8%AD%D8%B1%D9%8A%D8%A9-1394 HTTP/1.1" 200 5764 "-" "Mozilla/5.0 (compatible; MJ12bot/v1.4.7; http://mj12bot.com/)"
176.31.101.111 - - [28/Sep/2017:09:01:00 +0000] "GET /codes/%D9%86%D8%B8%D8%A7%D9%85-%D8%A7%D9%84%D9%86%D9%82%D8%AF-%D8%A7%D9%84%D8%B9%D8%B1%D8%A8%D9%89-%D8%A7%D9%84%D8%B3%D8%B9%D9%88%D8%AF%D9%89-1379 HTTP/1.1" 200 8084 "-" "Mozilla/5.0 (compatible; MJ12bot/v1.4.7; http://mj12bot.com/)"
37.104.222.69 - - [28/Sep/2017:09:01:23 +0000] "GET /lawyers?gender=female&page=5 HTTP/1.1" 200 5637 "https://www.thesaudilaw.com/lawyers?gender=female&page=4" "Mozilla/5.0 (iPhone; CPU iPhone OS 10_3_3 like Mac OS X) AppleWebKit/603.3.8 (KHTML, like Gecko) Version/10.0 Mobile/14G60 Safari/602.1"
176.31.101.111 - - [28/Sep/2017:09:01:40 +0000] "GET /codes/%D9%86%D8%B8%D8%A7%D9%85-%D8%A7%D9%84%D9%86%D9%82%D9%84-%D8%A8%D8%A7%D9%84%D8%AE%D8%B7%D9%88%D8%B7-%D8%A7%D9%84%D8%AD%D8%AF%D9%8A%D8%AF%D9%8A%D8%A9-1433 HTTP/1.1" 200 13295 "-" "Mozilla/5.0 (compatible; MJ12bot/v1.4.7; http://mj12bot.com/)"
176.31.101.111 - - [28/Sep/2017:09:01:49 +0000] "GET /codes/%D9%86%D8%B8%D8%A7%D9%85-%D8%A7%D9%84%D9%87%D9%8A%D8%A6%D8%A9-%D8%A7%D9%84%D8%B3%D8%B9%D9%88%D8%AF%D9%8A%D8%A9-%D9%84%D9%84%D8%AA%D8%AE%D8%B5%D8%B5%D8%A7%D8%AA-%D8%A7%D9%84%D8%B5%D8%AD%D9%8A%D8%A9-1413 HTTP/1.1" 200 10058 "-" "Mozilla/5.0 (compatible; MJ12bot/v1.4.7; http://mj12bot.com/)"
176.31.101.111 - - [28/Sep/2017:09:01:59 +0000] "GET /codes/%D9%86%D8%B8%D8%A7%D9%85-%D8%A7%D9%84%D9%87%D9%8A%D8%A6%D8%A9-%D8%A7%D9%84%D8%B3%D8%B9%D9%88%D8%AF%D9%8A%D8%A9-%D9%84%D9%84%D9%85%D9%87%D9%86%D8%AF%D8%B3%D9%8A%D9%86-1423 HTTP/1.1" 200 9962 "-" "Mozilla/5.0 (compatible; MJ12bot/v1.4.7; http://mj12bot.com/)"
176.31.101.111 - - [28/Sep/2017:09:03:03 +0000] "GET /codes/%D9%86%D8%B8%D8%A7%D9%85-%D8%A7%D9%84%D9%87%D9%8A%D8%A6%D8%A9-%D8%A7%D9%84%D8%B9%D8%A7%D9%85%D8%A9-%D9%84%D9%84%D8%A3%D9%88%D9%82%D8%A7%D9%81-1437 HTTP/1.1" 200 14943 "-" "Mozilla/5.0 (compatible; MJ12bot/v1.4.7; http://mj12bot.com/)"
176.31.101.111 - - [28/Sep/2017:09:03:53 +0000] "GET /codes/%D9%86%D8%B8%D8%A7%D9%85-%D8%A7%D9%84%D9%88%D8%AB%D8%A7%D8%A6%D9%82-%D9%88%D8%A7%D9%84%D9%85%D8%AD%D9%81%D9%88%D8%B8%D8%A7%D8%AA-1409 HTTP/1.1" 200 8410 "-" "Mozilla/5.0 (compatible; MJ12bot/v1.4.7; http://mj12bot.com/)"
176.31.101.111 - - [28/Sep/2017:09:03:56 +0000] "GET /codes/%D9%86%D8%B8%D8%A7%D9%85-%D8%A7%D9%84%D9%88%D9%83%D8%A7%D9%84%D8%A7%D8%AA-%D8%A7%D9%84%D8%AA%D8%AC%D8%A7%D8%B1%D9%8A%D8%A9-1382 HTTP/1.1" 200 6276 "-" "Mozilla/5.0 (compatible; MJ12bot/v1.4.7; http://mj12bot.com/)"
176.31.101.111 - - [28/Sep/2017:09:04:09 +0000] "GET /codes/%D9%86%D8%B8%D8%A7%D9%85-%D8%AA%D8%A3%D8%AF%D9%8A%D8%A8-%D8%A7%D9%84%D9%85%D9%88%D8%B8%D9%81%D9%8A%D9%86-1391 HTTP/1.1" 200 23972 "-" "Mozilla/5.0 (compatible; MJ12bot/v1.4.7; http://mj12bot.com/)"
176.31.101.111 - - [28/Sep/2017:09:04:57 +0000] "GET /codes/%D9%86%D8%B8%D8%A7%D9%85-%D8%AA%D8%AF%D8%A7%D9%88%D9%84-%D8%A8%D8%AF%D8%A7%D8%A6%D9%84-%D8%AD%D9%84%D9%8A%D8%A8-%D8%A7%D9%84%D8%A3%D9%85-1425 HTTP/1.1" 200 11919 "-" "Mozilla/5.0 (compatible; MJ12bot/v1.4.7; http://mj12bot.com/)"
176.31.101.111 - - [28/Sep/2017:09:05:00 +0000] "GET /codes/%D9%86%D8%B8%D8%A7%D9%85-%D8%AA%D8%B1%D8%A8%D9%8A%D8%A9-%D8%A7%D9%84%D9%86%D8%AD%D9%84-1431 HTTP/1.1" 200 7668 "-" "Mozilla/5.0 (compatible; MJ12bot/v1.4.7; http://mj12bot.com/)"
176.31.101.111 - - [28/Sep/2017:09:05:14 +0000] "GET /codes/%D9%86%D8%B8%D8%A7%D9%85-%D8%AA%D8%B1%D9%83%D9%8A%D8%B2-%D9%85%D8%B3%D8%A4%D9%88%D9%84%D9%8A%D8%A7%D8%AA-%D8%A7%D9%84%D9%82%D8%B6%D8%A7%D8%A1-%D8%A7%D9%84%D8%B4%D8%B1%D8%B9%D9%8A-1372 HTTP/1.1" 200 32473 "-" "Mozilla/5.0 (compatible; MJ12bot/v1.4.7; http://mj12bot.com/)"
176.31.101.111 - - [28/Sep/2017:09:05:26 +0000] "GET /codes/%D9%86%D8%B8%D8%A7%D9%85-%D8%AA%D8%B5%D9%86%D9%8A%D9%81-%D8%A7%D9%84%D9%85%D9%82%D8%A7%D9%88%D9%84%D9%8A%D9%86-1427 HTTP/1.1" 200 10490 "-" "Mozilla/5.0 (compatible; MJ12bot/v1.4.7; http://mj12bot.com/)"
176.31.101.111 - - [28/Sep/2017:09:05:28 +0000] "GET /codes/%D9%86%D8%B8%D8%A7%D9%85-%D8%AA%D8%B9%D8%AF%D8%A7%D8%AF-%D8%A7%D9%84%D8%B3%D9%83%D8%A7%D9%86-%D8%A7%D9%84%D8%B9%D8%A7%D9%85-1391 HTTP/1.1" 200 5572 "-" "Mozilla/5.0 (compatible; MJ12bot/v1.4.7; http://mj12bot.com/)"
176.31.101.111 - - [28/Sep/2017:09:05:32 +0000] "GET /codes/%D9%86%D8%B8%D8%A7%D9%85-%D8%AA%D8%B9%D8%B1%D9%8A%D9%81%D8%A9-%D8%A7%D9%84%D8%B7%D9%8A%D8%B1%D8%A7%D9%86-%D8%A7%D9%84%D9%85%D8%AF%D9%86%D9%8A-1426 HTTP/1.1" 200 9785 "-" "Mozilla/5.0 (compatible; MJ12bot/v1.4.7; http://mj12bot.com/)"
176.31.101.111 - - [28/Sep/2017:09:05:37 +0000] "GET /codes/%D9%86%D8%B8%D8%A7%D9%85-%D8%AA%D9%85%D9%84%D9%83-%D8%BA%D9%8A%D8%B1-%D8%A7%D9%84%D8%B3%D8%B9%D9%88%D8%AF%D9%8A%D9%8A%D9%86-%D9%84%D9%84%D8%B9%D9%82%D8%A7%D8%B1-%D9%88%D8%A7%D8%B3%D8%AA%D8%AB%D9%85%D8%A7%D8%B1%D9%87-1421 HTTP/1.1" 200 6788 "-" "Mozilla/5.0 (compatible; MJ12bot/v1.4.7; http://mj12bot.com/)"
176.31.101.111 - - [28/Sep/2017:09:05:39 +0000] "GET /codes/%D9%86%D8%B8%D8%A7%D9%85-%D8%AA%D9%88%D8%B2%D9%8A%D8%B9-%D8%A7%D9%84%D8%A3%D8%B1%D8%A7%D8%B6%D9%8A-%D8%A7%D9%84%D8%A8%D9%88%D8%B1-1388 HTTP/1.1" 200 8644 "-" "Mozilla/5.0 (compatible; MJ12bot/v1.4.7; http://mj12bot.com/)"
176.31.101.111 - - [28/Sep/2017:09:05:48 +0000] "GET /codes/%D9%86%D8%B8%D8%A7%D9%85-%D8%AC%D8%A8%D8%A7%D9%8A%D8%A9-%D8%A3%D9%85%D9%88%D8%A7%D9%84-%D8%A7%D9%84%D8%AF%D9%88%D9%84%D8%A9-1359 HTTP/1.1" 200 14335 "-" "Mozilla/5.0 (compatible; MJ12bot/v1.4.7; http://mj12bot.com/)"
176.31.101.111 - - [28/Sep/2017:09:05:49 +0000] "GET /codes/%D9%86%D8%B8%D8%A7%D9%85-%D8%AC%D8%B1%D8%A7%D8%A6%D9%85-%D8%A7%D9%84%D8%A5%D8%B1%D9%87%D8%A7%D8%A8-%D9%88%D8%AA%D9%85%D9%88%D9%8A%D9%84%D9%87-1435 HTTP/1.1" 200 11705 "-" "Mozilla/5.0 (compatible; MJ12bot/v1.4.7; http://mj12bot.com/)"
176.31.101.111 - - [28/Sep/2017:09:05:53 +0000] "GET /codes/%D9%86%D8%B8%D8%A7%D9%85-%D8%AC%D9%85%D8%B9%D9%8A%D8%A9-%D8%A7%D9%84%D9%83%D8%B4%D8%A7%D9%81%D8%A9-%D8%A7%D9%84%D8%B9%D8%B1%D8%A8%D9%8A%D8%A9-%D8%A7%D9%84%D8%B3%D8%B9%D9%88%D8%AF%D9%8A%D8%A9-1407 HTTP/1.1" 200 7156 "-" "Mozilla/5.0 (compatible; MJ12bot/v1.4.7; http://mj12bot.com/)"
176.31.101.111 - - [28/Sep/2017:09:05:56 +0000] "GET /codes/%D9%86%D8%B8%D8%A7%D9%85-%D8%AC%D9%88%D8%A7%D8%B2%D8%A7%D8%AA-%D8%A7%D9%84%D8%B3%D9%81%D8%B1-%D8%A7%D9%84%D8%B3%D9%8A%D8%A7%D8%B3%D9%8A%D8%A9-%D9%88%D8%A7%D9%84%D8%AE%D8%A7%D8%B5%D8%A9-1392 HTTP/1.1" 200 6564 "-" "Mozilla/5.0 (compatible; MJ12bot/v1.4.7; http://mj12bot.com/)"
176.31.101.111 - - [28/Sep/2017:09:05:58 +0000] "GET /codes/%D9%86%D8%B8%D8%A7%D9%85-%D8%AD%D9%85%D8%A7%D9%8A%D8%A9-%D8%A7%D9%84%D9%85%D8%B1%D8%A7%D9%81%D9%82-%D8%A7%D9%84%D8%B9%D8%A7%D9%85%D8%A9-1405 HTTP/1.1" 200 8036 "-" "Mozilla/5.0 (compatible; MJ12bot/v1.4.7; http://mj12bot.com/)"
176.31.101.111 - - [28/Sep/2017:09:06:34 +0000] "GET /codes/%D9%86%D8%B8%D8%A7%D9%85-%D8%AD%D9%85%D8%A7%D9%8A%D8%A9-%D8%AD%D9%82%D9%88%D9%82-%D8%A7%D9%84%D9%85%D8%A4%D9%84%D9%81-1424 HTTP/1.1" 200 17183 "-" "Mozilla/5.0 (compatible; MJ12bot/v1.4.7; http://mj12bot.com/)"
176.31.101.111 - - [28/Sep/2017:09:06:46 +0000] "GET /codes/%D9%86%D8%B8%D8%A7%D9%85-%D8%AD%D9%85%D8%A7%D9%8A%D8%A9-%D8%AE%D8%B7%D9%88%D8%B7-%D8%A7%D9%84%D8%B3%D9%83%D9%83-%D8%A7%D9%84%D8%AD%D8%AF%D9%8A%D8%AF%D9%8A%D8%A9-1382 HTTP/1.1" 200 7882 "-" "Mozilla/5.0 (compatible; MJ12bot/v1.4.7; http://mj12bot.com/)"
176.31.101.111 - - [28/Sep/2017:09:07:04 +0000] "GET /codes/%D9%86%D8%B8%D8%A7%D9%85-%D8%AD%D9%85%D8%A7%D9%8A%D8%A9-%D9%88%D8%AA%D8%B4%D8%AC%D9%8A%D8%B9-%D8%A7%D9%84%D8%B5%D9%86%D8%A7%D8%B9%D8%A7%D8%AA-%D8%A7%D9%84%D9%88%D8%B7%D9%86%D9%8A%D8%A9-1381 HTTP/1.1" 200 8922 "-" "Mozilla/5.0 (compatible; MJ12bot/v1.4.7; http://mj12bot.com/)"
176.31.101.111 - - [28/Sep/2017:09:07:07 +0000] "GET /codes/%D9%86%D8%B8%D8%A7%D9%85-%D8%AE%D8%AF%D9%85%D8%A9-%D8%A7%D9%84%D8%B6%D8%A8%D8%A7%D8%B7-1393 HTTP/1.1" 200 33475 "-" "Mozilla/5.0 (compatible; MJ12bot/v1.4.7; http://mj12bot.com/)"
176.31.101.111 - - [28/Sep/2017:09:07:21 +0000] "GET /codes/%D9%86%D8%B8%D8%A7%D9%85-%D8%AE%D8%AF%D9%85%D8%A9-%D8%AD%D8%AC%D8%A7%D8%AC-%D8%A7%D9%84%D8%AF%D8%A7%D8%AE%D9%84-1426 HTTP/1.1" 200 13007 "-" "Mozilla/5.0 (compatible; MJ12bot/v1.4.7; http://mj12bot.com/)"
176.31.101.111 - - [28/Sep/2017:09:07:34 +0000] "GET /codes/%D9%86%D8%B8%D8%A7%D9%85-%D8%AF%D8%A7%D8%B1%D8%A9-%D8%A7%D9%84%D9%85%D9%84%D9%83-%D8%B9%D8%A8%D8%AF-%D8%A7%D9%84%D8%B9%D8%B2%D9%8A%D8%B2-1392 HTTP/1.1" 200 9866 "-" "Mozilla/5.0 (compatible; MJ12bot/v1.4.7; http://mj12bot.com/)"
176.31.101.111 - - [28/Sep/2017:09:07:35 +0000] "GET /codes/%D9%86%D8%B8%D8%A7%D9%85-%D8%AF%D9%8A%D9%88%D8%A7%D9%86-%D8%A7%D9%84%D9%85%D8%B1%D8%A7%D9%82%D8%A8%D8%A9-%D8%A7%D9%84%D8%B9%D8%A7%D9%85%D8%A9-1391 HTTP/1.1" 200 9108 "-" "Mozilla/5.0 (compatible; MJ12bot/v1.4.7; http://mj12bot.com/)"
176.31.101.111 - - [28/Sep/2017:09:07:37 +0000] "GET /codes/%D9%86%D8%B8%D8%A7%D9%85-%D8%AF%D9%8A%D9%88%D8%A7%D9%86-%D8%A7%D9%84%D9%85%D8%B8%D8%A7%D9%84%D9%85-1428 HTTP/1.1" 200 8468 "-" "Mozilla/5.0 (compatible; MJ12bot/v1.4.7; http://mj12bot.com/)"
176.31.101.111 - - [28/Sep/2017:09:07:40 +0000] "GET /codes/%D9%86%D8%B8%D8%A7%D9%85-%D8%B1%D8%B3%D9%88%D9%85-%D8%A7%D9%84%D8%A3%D8%B1%D8%A7%D8%B6%D9%8A-%D8%A7%D9%84%D8%A8%D9%8A%D8%B6%D8%A7%D8%A1-1437 HTTP/1.1" 200 6836 "-" "Mozilla/5.0 (compatible; MJ12bot/v1.4.7; http://mj12bot.com/)"
176.31.101.111 - - [28/Sep/2017:09:07:43 +0000] "GET /codes/%D9%86%D8%B8%D8%A7%D9%85-%D8%B1%D8%B3%D9%88%D9%85-%D8%AA%D8%B3%D8%AC%D9%8A%D9%84-%D8%A7%D9%84%D8%B3%D9%81%D9%86-%D9%88%D8%A7%D9%84%D9%88%D8%AD%D8%AF%D8%A7%D8%AA-%D8%A7%D9%84%D8%B9%D8%A7%D8%A6%D9%85%D8%A9-1419 HTTP/1.1" 200 6212 "-" "Mozilla/5.0 (compatible; MJ12bot/v1.4.7; http://mj12bot.com/)"
176.31.101.111 - - [28/Sep/2017:09:07:45 +0000] "GET /codes/%D9%86%D8%B8%D8%A7%D9%85-%D8%B1%D8%B3%D9%88%D9%85-%D9%88%D8%A3%D8%AC%D9%88%D8%B1-%D8%AE%D8%AF%D9%85%D8%A7%D8%AA-%D8%A7%D9%84%D9%85%D9%88%D8%A7%D9%86%D8%A6-1405 HTTP/1.1" 200 4596 "-" "Mozilla/5.0 (compatible; MJ12bot/v1.4.7; http://mj12bot.com/)"
176.31.101.111 - - [28/Sep/2017:09:07:48 +0000] "GET /codes/%D9%86%D8%B8%D8%A7%D9%85-%D8%B1%D8%B9%D8%A7%D9%8A%D8%A9-%D8%A7%D9%84%D9%85%D8%B9%D9%88%D9%82%D9%8A%D9%86-1421 HTTP/1.1" 200 9353 "-" "Mozilla/5.0 (compatible; MJ12bot/v1.4.7; http://mj12bot.com/)"
176.31.101.111 - - [28/Sep/2017:09:09:05 +0000] "GET /codes/%D9%86%D8%B8%D8%A7%D9%85-%D8%B5%D9%86%D8%AF%D9%88%D9%82-%D8%A7%D9%84%D8%A7%D8%B3%D8%AA%D8%AB%D9%85%D8%A7%D8%B1%D8%A7%D8%AA-%D8%A7%D9%84%D8%B9%D8%A7%D9%85%D8%A9-1391 HTTP/1.1" 200 9066 "-" "Mozilla/5.0 (compatible; MJ12bot/v1.4.7; http://mj12bot.com/)"
176.31.101.111 - - [28/Sep/2017:09:09:34 +0000] "GET /codes/%D9%86%D8%B8%D8%A7%D9%85-%D8%B5%D9%86%D8%AF%D9%88%D9%82-%D8%A7%D9%84%D8%AA%D9%86%D9%85%D9%8A%D8%A9-%D8%A7%D9%84%D8%B2%D8%B1%D8%A7%D8%B9%D9%8A%D8%A9-1430 HTTP/1.1" 200 8558 "-" "Mozilla/5.0 (compatible; MJ12bot/v1.4.7; http://mj12bot.com/)"
176.31.101.111 - - [28/Sep/2017:09:09:44 +0000] "GET /codes/%D9%86%D8%B8%D8%A7%D9%85-%D8%B5%D9%86%D8%AF%D9%88%D9%82-%D8%A7%D9%84%D8%AA%D9%86%D9%85%D9%8A%D8%A9-%D8%A7%D9%84%D8%B5%D9%86%D8%A7%D8%B9%D9%8A%D8%A9-%D8%A7%D9%84%D8%B3%D8%B9%D9%88%D8%AF%D9%8A-1394 HTTP/1.1" 200 8382 "-" "Mozilla/5.0 (compatible; MJ12bot/v1.4.7; http://mj12bot.com/)"
176.31.101.111 - - [28/Sep/2017:09:10:04 +0000] "GET /codes/%D9%86%D8%B8%D8%A7%D9%85-%D8%B5%D9%8A%D8%AF-%D8%A7%D9%84%D8%AD%D9%8A%D9%88%D8%A7%D9%86%D8%A7%D8%AA-%D9%88%D8%A7%D9%84%D8%B7%D9%8A%D9%88%D8%B1-%D8%A7%D9%84%D8%A8%D8%B1%D9%8A%D8%A9-1420 HTTP/1.1" 200 5982 "-" "Mozilla/5.0 (compatible; MJ12bot/v1.4.7; http://mj12bot.com/)"
176.31.101.111 - - [28/Sep/2017:09:10:08 +0000] "GET /codes/%D9%86%D8%B8%D8%A7%D9%85-%D8%B6%D8%B1%D9%8A%D8%A8%D8%A9-%D8%A7%D9%84%D8%AF%D8%AE%D9%84-1425 HTTP/1.1" 200 26611 "-" "Mozilla/5.0 (compatible; MJ12bot/v1.4.7; http://mj12bot.com/)"
176.31.101.111 - - [28/Sep/2017:09:10:18 +0000] "GET /codes/%D9%86%D8%B8%D8%A7%D9%85-%D8%B9%D9%82%D9%88%D8%A8%D8%A7%D8%AA-%D8%A7%D9%86%D8%AA%D8%AD%D8%A7%D9%84-%D8%B5%D9%81%D8%A9-%D8%B1%D8%AC%D9%84-%D8%A7%D9%84%D8%B3%D9%84%D8%B7%D8%A9-%D8%A7%D9%84%D8%B9%D8%A7%D9%85%D8%A9-1408 HTTP/1.1" 200 5214 "-" "Mozilla/5.0 (compatible; MJ12bot/v1.4.7; http://mj12bot.com/)"
176.31.101.111 - - [28/Sep/2017:09:10:30 +0000] "GET /codes/%D9%86%D8%B8%D8%A7%D9%85-%D9%85%D8%A4%D8%B3%D8%B3%D8%A9-%D8%A7%D9%84%D9%86%D9%82%D8%AF-%D8%A7%D9%84%D8%B9%D8%B1%D8%A8%D9%8A-%D8%A7%D9%84%D8%B3%D8%B9%D9%88%D8%AF%D9%8A-1377 HTTP/1.1" 200 8510 "-" "Mozilla/5.0 (compatible; MJ12bot/v1.4.7; http://mj12bot.com/)"
176.31.101.111 - - [28/Sep/2017:09:11:27 +0000] "GET /codes/%D9%86%D8%B8%D8%A7%D9%85-%D9%85%D8%AC%D9%84%D8%B3-%D8%A7%D9%84%D8%A3%D9%88%D9%82%D8%A7%D9%81-%D8%A7%D9%84%D8%A3%D8%B9%D9%84%D9%89-1386 HTTP/1.1" 200 9459 "-" "Mozilla/5.0 (compatible; MJ12bot/v1.4.7; http://mj12bot.com/)"
176.31.101.111 - - [28/Sep/2017:09:11:32 +0000] "GET /codes/%D9%86%D8%B8%D8%A7%D9%85-%D9%85%D8%AC%D9%84%D8%B3-%D8%A7%D9%84%D8%AA%D8%B9%D9%84%D9%8A%D9%85-%D8%A7%D9%84%D8%B9%D8%A7%D9%84%D9%8A-%D9%88%D8%A7%D9%84%D8%AC%D8%A7%D9%85%D8%B9%D8%A7%D8%AA-1414 HTTP/1.1" 200 13625 "-" "Mozilla/5.0 (compatible; MJ12bot/v1.4.7; http://mj12bot.com/)"
176.31.101.111 - - [28/Sep/2017:09:12:13 +0000] "GET /codes/%D9%86%D8%B8%D8%A7%D9%85-%D9%85%D8%AC%D9%84%D8%B3-%D8%A7%D9%84%D8%AE%D8%AF%D9%85%D8%A9-%D8%A7%D9%84%D8%B9%D8%B3%D9%83%D8%B1%D9%8A%D8%A9-1402 HTTP/1.1" 200 6318 "-" "Mozilla/5.0 (compatible; MJ12bot/v1.4.7; http://mj12bot.com/)"
176.31.101.111 - - [28/Sep/2017:09:12:34 +0000] "GET /codes/%D9%86%D8%B8%D8%A7%D9%85-%D9%85%D8%AC%D9%84%D8%B3-%D8%A7%D9%84%D8%AE%D8%AF%D9%85%D8%A9-%D8%A7%D9%84%D9%85%D8%AF%D9%86%D9%8A%D8%A9-1397 HTTP/1.1" 200 6718 "-" "Mozilla/5.0 (compatible; MJ12bot/v1.4.7; http://mj12bot.com/)"
176.31.101.111 - - [28/Sep/2017:09:13:07 +0000] "GET /codes/%D9%86%D8%B8%D8%A7%D9%85-%D9%85%D8%AC%D9%84%D8%B3-%D8%A7%D9%84%D8%B4%D9%88%D8%B1%D9%89-1412 HTTP/1.1" 200 8350 "-" "Mozilla/5.0 (compatible; MJ12bot/v1.4.7; http://mj12bot.com/)"
176.31.101.111 - - [28/Sep/2017:09:13:33 +0000] "GET /codes/%D9%86%D8%B8%D8%A7%D9%85-%D9%85%D8%AC%D9%84%D8%B3-%D8%A7%D9%84%D9%88%D8%B2%D8%B1%D8%A7%D8%A1-1414 HTTP/1.1" 200 8382 "-" "Mozilla/5.0 (compatible; MJ12bot/v1.4.7; http://mj12bot.com/)"
176.31.101.111 - - [28/Sep/2017:09:14:52 +0000] "GET /codes/%D9%86%D8%B8%D8%A7%D9%85-%D9%85%D8%AD%D8%A7%D9%83%D9%85%D8%A9-%D8%A7%D9%84%D9%88%D8%B2%D8%B1%D8%A7%D8%A1-1380 HTTP/1.1" 200 11146 "-" "Mozilla/5.0 (compatible; MJ12bot/v1.4.7; http://mj12bot.com/)"
176.31.101.111 - - [28/Sep/2017:09:15:44 +0000] "GET /codes/%D9%86%D8%B8%D8%A7%D9%85-%D9%85%D8%B1%D8%A7%D9%82%D8%A8%D8%A9-%D8%A7%D9%84%D8%A8%D9%86%D9%88%D9%83-1386 HTTP/1.1" 200 14079 "-" "Mozilla/5.0 (compatible; MJ12bot/v1.4.7; http://mj12bot.com/)"
176.31.101.111 - - [28/Sep/2017:09:15:47 +0000] "GET /codes/%D9%86%D8%B8%D8%A7%D9%85-%D9%85%D8%B1%D8%A7%D9%82%D8%A8%D8%A9-%D8%B4%D8%B1%D9%83%D8%A7%D8%AA-%D8%A7%D9%84%D8%AA%D8%A3%D9%85%D9%8A%D9%86-%D8%A7%D9%84%D8%AA%D8%B9%D8%A7%D9%88%D9%86%D9%8A-1424 HTTP/1.1" 200 10281 "-" "Mozilla/5.0 (compatible; MJ12bot/v1.4.7; http://mj12bot.com/)"
66.249.79.25 - - [28/Sep/2017:09:15:55 +0000] "GET /lawyers/%D9%8A%D8%AD%D9%8A%D9%89-%D8%A8%D9%86-%D8%B3%D9%84%D9%85%D8%A7%D9%86-%D9%8A%D8%AD%D9%8A%D9%89-%D9%84%D8%BA%D8%A8%D9%8A HTTP/1.1" 200 7435 "-" "Mozilla/5.0 (compatible; Googlebot/2.1; +http://www.google.com/bot.html)"
176.31.101.111 - - [28/Sep/2017:09:16:04 +0000] "GET /codes/%D9%86%D8%B8%D8%A7%D9%85-%D9%85%D8%B1%D8%A7%D9%82%D8%A8%D8%A9-%D8%B4%D8%B1%D9%83%D8%A7%D8%AA-%D8%A7%D9%84%D8%AA%D9%85%D9%88%D9%8A%D9%84-1433 HTTP/1.1" 200 14127 "-" "Mozilla/5.0 (compatible; MJ12bot/v1.4.7; http://mj12bot.com/)"
176.31.101.111 - - [28/Sep/2017:09:16:33 +0000] "GET /codes/%D9%86%D8%B8%D8%A7%D9%85-%D9%85%D8%B2%D8%A7%D9%88%D9%84%D8%A9-%D8%A7%D9%84%D9%85%D9%87%D9%86-%D8%A7%D9%84%D8%B5%D8%AD%D9%8A%D8%A9-1426 HTTP/1.1" 200 15727 "-" "Mozilla/5.0 (compatible; MJ12bot/v1.4.7; http://mj12bot.com/)"
176.31.101.111 - - [28/Sep/2017:09:16:42 +0000] "GET /codes/%D9%86%D8%B8%D8%A7%D9%85-%D9%85%D8%B9%D9%87%D8%AF-%D8%A7%D9%84%D8%A5%D8%AF%D8%A7%D8%B1%D8%A9-%D8%A7%D9%84%D8%B9%D8%A7%D9%85%D8%A9-1426 HTTP/1.1" 200 11338 "-" "Mozilla/5.0 (compatible; MJ12bot/v1.4.7; http://mj12bot.com/)"
176.31.101.111 - - [28/Sep/2017:09:17:04 +0000] "GET /codes/%D9%86%D8%B8%D8%A7%D9%85-%D9%85%D8%B9%D9%87%D8%AF-%D8%A7%D9%84%D8%AF%D8%B1%D8%A7%D8%B3%D8%A7%D8%AA-%D8%A7%D9%84%D8%AF%D8%A8%D9%84%D9%88%D9%85%D8%A7%D8%B3%D9%8A%D8%A9-1403 HTTP/1.1" 200 9578 "-" "Mozilla/5.0 (compatible; MJ12bot/v1.4.7; http://mj12bot.com/)"
176.31.101.111 - - [28/Sep/2017:09:17:21 +0000] "GET /codes/%D9%86%D8%B8%D8%A7%D9%85-%D9%85%D9%83%D8%A7%D9%81%D8%AD%D8%A9-%D8%A7%D9%84%D8%AA%D8%AF%D8%AE%D9%8A%D9%86-1436 HTTP/1.1" 200 9530 "-" "Mozilla/5.0 (compatible; MJ12bot/v1.4.7; http://mj12bot.com/)"
176.31.101.111 - - [28/Sep/2017:09:18:32 +0000] "GET /codes/%D9%86%D8%B8%D8%A7%D9%85-%D9%85%D9%83%D8%A7%D9%81%D8%AD%D8%A9-%D8%A7%D9%84%D8%AA%D8%B2%D9%88%D9%8A%D8%B1-1380 HTTP/1.1" 200 9594 "-" "Mozilla/5.0 (compatible; MJ12bot/v1.4.7; http://mj12bot.com/)"
176.31.101.111 - - [28/Sep/2017:09:18:41 +0000] "GET /codes/%D9%86%D8%B8%D8%A7%D9%85-%D9%85%D9%83%D8%A7%D9%81%D8%AD%D8%A9-%D8%A7%D9%84%D8%AA%D8%B3%D8%AA%D8%B1-1425 HTTP/1.1" 200 9450 "-" "Mozilla/5.0 (compatible; MJ12bot/v1.4.7; http://mj12bot.com/)"
176.31.101.111 - - [28/Sep/2017:09:18:48 +0000] "GET /codes/%D9%86%D8%B8%D8%A7%D9%85-%D9%85%D9%83%D8%A7%D9%81%D8%AD%D8%A9-%D8%A7%D9%84%D8%B1%D8%B4%D9%88%D8%A9-1412 HTTP/1.1" 200 10042 "-" "Mozilla/5.0 (compatible; MJ12bot/v1.4.7; http://mj12bot.com/)"
176.31.101.111 - - [28/Sep/2017:09:19:17 +0000] "GET /codes/%D9%86%D8%B8%D8%A7%D9%85-%D9%85%D9%83%D8%A7%D9%81%D8%AD%D8%A9-%D8%A7%D9%84%D8%BA%D8%B4-%D8%A7%D9%84%D8%AA%D8%AC%D8%A7%D8%B1%D9%8A-1429 HTTP/1.1" 200 11258 "-" "Mozilla/5.0 (compatible; MJ12bot/v1.4.7; http://mj12bot.com/)"
176.31.101.111 - - [28/Sep/2017:09:19:26 +0000] "GET /codes/%D9%86%D8%B8%D8%A7%D9%85-%D9%85%D9%83%D8%A7%D9%81%D8%AD%D8%A9-%D8%A7%D9%84%D9%85%D8%AE%D8%AF%D8%B1%D8%A7%D8%AA-%D9%88%D8%A7%D9%84%D9%85%D8%A4%D8%AB%D8%B1%D8%A7%D8%AA-%D8%A7%D9%84%D8%B9%D9%82%D9%84%D9%8A%D8%A9-1426 HTTP/1.1" 200 20788 "-" "Mozilla/5.0 (compatible; MJ12bot/v1.4.7; http://mj12bot.com/)"
176.31.101.111 - - [28/Sep/2017:09:20:08 +0000] "GET /codes/%D9%86%D8%B8%D8%A7%D9%85-%D9%85%D9%83%D8%A7%D9%81%D8%AD%D8%A9-%D8%AC%D8%B1%D8%A7%D8%A6%D9%85-%D8%A7%D9%84%D8%A7%D8%AA%D8%AC%D8%A7%D8%B1-%D8%A8%D8%A7%D9%84%D8%A3%D8%B4%D8%AE%D8%A7%D8%B5-1430 HTTP/1.1" 200 10122 "-" "Mozilla/5.0 (compatible; MJ12bot/v1.4.7; http://mj12bot.com/)"
176.31.101.111 - - [28/Sep/2017:09:21:12 +0000] "GET /codes/%D9%86%D8%B8%D8%A7%D9%85-%D9%85%D9%83%D8%A7%D9%81%D8%AD%D8%A9-%D8%AC%D8%B1%D8%A7%D8%A6%D9%85-%D8%A7%D9%84%D9%85%D8%B9%D9%84%D9%88%D9%85%D8%A7%D8%AA%D9%8A%D8%A9-1428 HTTP/1.1" 200 10826 "-" "Mozilla/5.0 (compatible; MJ12bot/v1.4.7; http://mj12bot.com/)"
176.31.101.111 - - [28/Sep/2017:09:23:24 +0000] "GET /codes/%D9%86%D8%B8%D8%A7%D9%85-%D9%85%D9%83%D8%A7%D9%81%D8%AD%D8%A9-%D8%BA%D8%B3%D9%84-%D8%A7%D9%84%D8%A3%D9%85%D9%88%D8%A7%D9%84-1433 HTTP/1.1" 200 14431 "-" "Mozilla/5.0 (compatible; MJ12bot/v1.4.7; http://mj12bot.com/)"
176.31.101.111 - - [28/Sep/2017:09:25:49 +0000] "GET /codes/%D9%86%D8%B8%D8%A7%D9%85-%D9%85%D9%83%D8%A7%D9%81%D8%AD%D8%A9-%D8%BA%D8%B3%D9%84-%D8%A7%D9%84%D8%A3%D9%85%D9%88%D8%A7%D9%84-%D9%82%D8%AF%D9%8A%D9%85-1424 HTTP/1.1" 200 12495 "-" "Mozilla/5.0 (compatible; MJ12bot/v1.4.7; http://mj12bot.com/)"
176.31.101.111 - - [28/Sep/2017:09:25:58 +0000] "GET /codes/%D9%86%D8%B8%D8%A7%D9%85-%D9%85%D9%83%D8%AA%D8%A8%D8%A9-%D8%A7%D9%84%D9%85%D9%84%D9%83-%D8%B9%D8%A8%D8%AF-%D8%A7%D9%84%D8%B9%D8%B2%D9%8A%D8%B2-%D8%A7%D9%84%D8%B9%D8%A7%D9%85%D8%A9-1417 HTTP/1.1" 200 10730 "-" "Mozilla/5.0 (compatible; MJ12bot/v1.4.7; http://mj12bot.com/)"
176.31.101.111 - - [28/Sep/2017:09:26:11 +0000] "GET /codes/%D9%86%D8%B8%D8%A7%D9%85-%D9%85%D9%83%D8%AA%D8%A8%D8%A9-%D8%A7%D9%84%D9%85%D9%84%D9%83-%D9%81%D9%87%D8%AF-%D8%A7%D9%84%D9%88%D8%B7%D9%86%D9%8A%D8%A9-1410 HTTP/1.1" 200 9914 "-" "Mozilla/5.0 (compatible; MJ12bot/v1.4.7; http://mj12bot.com/)"
176.31.101.111 - - [28/Sep/2017:09:26:26 +0000] "GET /codes/%D9%86%D8%B8%D8%A7%D9%85-%D9%85%D9%84%D9%83%D9%8A%D8%A9-%D8%A7%D9%84%D9%88%D8%AD%D8%AF%D8%A7%D8%AA-%D8%A7%D9%84%D8%B9%D9%82%D8%A7%D8%B1%D9%8A%D8%A9-%D9%88%D9%81%D8%B1%D8%B2%D9%87%D8%A7-1423 HTTP/1.1" 200 10986 "-" "Mozilla/5.0 (compatible; MJ12bot/v1.4.7; http://mj12bot.com/)"
176.31.101.111 - - [28/Sep/2017:09:26:30 +0000] "GET /codes/%D9%86%D8%B8%D8%A7%D9%85-%D9%85%D9%86%D8%AA%D8%AC%D8%A7%D8%AA-%D8%A7%D9%84%D8%AA%D8%AC%D9%85%D9%8A%D9%84-1436 HTTP/1.1" 200 9513 "-" "Mozilla/5.0 (compatible; MJ12bot/v1.4.7; http://mj12bot.com/)"
176.31.101.111 - - [28/Sep/2017:09:27:20 +0000] "GET /codes/%D9%86%D8%B8%D8%A7%D9%85-%D9%86%D9%82%D8%A7%D8%A8%D8%A9-%D8%A7%D9%84%D8%B3%D9%8A%D8%A7%D8%B1%D8%A7%D8%AA-1372 HTTP/1.1" 200 14479 "-" "Mozilla/5.0 (compatible; MJ12bot/v1.4.7; http://mj12bot.com/)"
176.31.101.111 - - [28/Sep/2017:09:28:41 +0000] "GET /codes/%D9%86%D8%B8%D8%A7%D9%85-%D9%87%D9%8A%D8%A6%D8%A9-%D8%A7%D9%84%D8%A8%D9%8A%D8%B9%D8%A9-1427 HTTP/1.1" 200 10762 "-" "Mozilla/5.0 (compatible; MJ12bot/v1.4.7; http://mj12bot.com/)"
176.31.101.111 - - [28/Sep/2017:09:28:54 +0000] "GET /codes/%D9%86%D8%B8%D8%A7%D9%85-%D9%87%D9%8A%D8%A6%D8%A9-%D8%A7%D9%84%D8%AA%D8%AD%D9%82%D9%8A%D9%82-%D9%88%D8%A7%D9%84%D8%A7%D8%AF%D8%B9%D8%A7%D8%A1-%D8%A7%D9%84%D8%B9%D8%A7%D9%85-1409 HTTP/1.1" 200 17295 "-" "Mozilla/5.0 (compatible; MJ12bot/v1.4.7; http://mj12bot.com/)"
176.31.101.111 - - [28/Sep/2017:09:28:57 +0000] "GET /codes/%D9%86%D8%B8%D8%A7%D9%85-%D9%88%D8%AB%D8%A7%D8%A6%D9%82-%D8%A7%D9%84%D8%B3%D9%81%D8%B1-1421 HTTP/1.1" 200 7028 "-" "Mozilla/5.0 (compatible; MJ12bot/v1.4.7; http://mj12bot.com/)"
176.31.101.111 - - [28/Sep/2017:09:29:00 +0000] "GET /codes/%D9%86%D8%B8%D8%A7%D9%85-%D9%88%D8%AD%D8%AF%D8%A7%D8%AA-%D8%A7%D9%84%D8%A5%D8%AE%D8%B5%D8%A7%D8%A8-%D9%88%D8%A7%D9%84%D8%A3%D8%AC%D9%86%D8%A9-%D9%88%D8%B9%D9%84%D8%A7%D8%AC-%D8%A7%D9%84%D8%B9%D9%82%D9%85-1424 HTTP/1.1" 200 10649 "-" "Mozilla/5.0 (compatible; MJ12bot/v1.4.7; http://mj12bot.com/)"
176.31.101.111 - - [28/Sep/2017:09:29:02 +0000] "GET /codes/%D9%86%D8%B8%D8%A7%D9%85-%D9%88%D8%B8%D8%A7%D8%A6%D9%81-%D9%85%D8%A8%D8%A7%D8%B4%D8%B1%D8%A9-%D8%A7%D9%84%D8%A3%D9%85%D9%88%D8%A7%D9%84-%D8%A7%D9%84%D8%B9%D8%A7%D9%85%D8%A9-1436 HTTP/1.1" 200 6564 "-" "Mozilla/5.0 (compatible; MJ12bot/v1.4.7; http://mj12bot.com/)"
176.31.101.111 - - [28/Sep/2017:09:29:06 +0000] "GET /codes/%D9%86%D8%B8%D8%A7%D9%85-%D9%88%D8%B8%D8%A7%D8%A6%D9%81-%D9%85%D8%A8%D8%A7%D8%B4%D8%B1%D8%A9-%D8%A7%D9%84%D8%A3%D9%85%D9%88%D8%A7%D9%84-%D8%A7%D9%84%D8%B9%D8%A7%D9%85%D8%A9-%D8%A7%D9%84%D9%82%D8%AF%D9%8A%D9%85-1395 HTTP/1.1" 200 7700 "-" "Mozilla/5.0 (compatible; MJ12bot/v1.4.7; http://mj12bot.com/)"
176.31.101.111 - - [28/Sep/2017:09:29:09 +0000] "GET /lawyers/%D8%A3%D8%AB%D9%8A%D8%B1-%D8%A8%D9%86%D8%AA-%D8%AC%D8%A7%D8%B3%D9%85-%D8%B9%D8%AB%D9%85%D8%A7%D9%86-%D8%A7%D9%84%D8%A8%D9%86%D8%B9%D9%84%D9%8A HTTP/1.1" 200 4244 "-" "Mozilla/5.0 (compatible; MJ12bot/v1.4.7; http://mj12bot.com/)"
176.31.101.111 - - [28/Sep/2017:09:29:17 +0000] "GET /lawyers/%D8%A3%D8%AD%D9%85%D8%AF-%D8%A8%D9%86-%D8%A3%D8%B3%D8%A7%D9%85%D9%87-%D9%85%D8%AD%D9%85%D8%AF-%D8%B1%D8%A7%D8%B6%D9%8A HTTP/1.1" 200 6842 "-" "Mozilla/5.0 (compatible; MJ12bot/v1.4.7; http://mj12bot.com/)"
176.31.101.111 - - [28/Sep/2017:09:29:21 +0000] "GET /lawyers/%D8%A3%D8%AD%D9%85%D8%AF-%D8%A8%D9%86-%D8%A5%D8%A8%D8%B1%D8%A7%D9%87%D9%8A%D9%85-%D8%B9%D8%A8%D8%AF%D8%A7%D9%84%D9%84%D9%87-%D8%A7%D9%84%D8%B2%D8%A7%D8%AD%D9%85 HTTP/1.1" 200 4260 "-" "Mozilla/5.0 (compatible; MJ12bot/v1.4.7; http://mj12bot.com/)"
176.31.101.111 - - [28/Sep/2017:09:29:47 +0000] "GET /lawyers/%D8%A3%D8%AD%D9%85%D8%AF-%D8%A8%D9%86-%D8%AC%D9%85%D8%B9%D8%A7%D9%86-%D9%85%D8%AD%D9%85%D8%AF-%D8%A7%D9%84%D9%85%D8%A7%D9%84%D9%83%D9%8A HTTP/1.1" 200 6858 "-" "Mozilla/5.0 (compatible; MJ12bot/v1.4.7; http://mj12bot.com/)"
176.31.101.111 - - [28/Sep/2017:09:29:55 +0000] "GET /lawyers/%D8%A3%D8%AD%D9%85%D8%AF-%D8%A8%D9%86-%D8%AD%D8%A7%D9%8A%D9%81-%D9%86%D9%85%D8%B4-%D8%A7%D9%84%D8%B9%D8%B1%D9%8A%D9%81%D9%8A-%D8%A7%D9%84%D8%B8%D9%81%D9%8A%D8%B1%D9%8A HTTP/1.1" 200 6874 "-" "Mozilla/5.0 (compatible; MJ12bot/v1.4.7; http://mj12bot.com/)"
176.31.101.111 - - [28/Sep/2017:09:29:57 +0000] "GET /lawyers/%D8%A3%D8%AD%D9%85%D8%AF-%D8%A8%D9%86-%D8%AD%D8%B3%D9%86-%D8%A3%D8%AD%D9%85%D8%AF-%D8%A7%D9%84%D8%B3%D9%81%D8%B1%D9%8A-%D8%A7%D9%84%D8%AD%D8%B1%D8%A8%D9%8A HTTP/1.1" 200 4228 "-" "Mozilla/5.0 (compatible; MJ12bot/v1.4.7; http://mj12bot.com/)"
176.31.101.111 - - [28/Sep/2017:09:30:01 +0000] "GET /lawyers/%D8%A3%D8%AD%D9%85%D8%AF-%D8%A8%D9%86-%D8%AD%D8%B3%D9%86-%D8%B9%D9%85%D8%B1-%D8%B2%D8%A8%D9%8A%D8%B1 HTTP/1.1" 200 4212 "-" "Mozilla/5.0 (compatible; MJ12bot/v1.4.7; http://mj12bot.com/)"
176.31.101.111 - - [28/Sep/2017:09:30:05 +0000] "GET /lawyers/%D8%A3%D8%AD%D9%85%D8%AF-%D8%A8%D9%86-%D8%AD%D9%85%D9%8A%D8%AF-%D9%85%D8%AD%D9%85%D8%AF-%D8%A7%D9%84%D9%83%D8%B4%D9%8A-%D8%A7%D9%84%D8%AC%D9%87%D9%86%D9%8A HTTP/1.1" 200 4244 "-" "Mozilla/5.0 (compatible; MJ12bot/v1.4.7; http://mj12bot.com/)"
176.31.101.111 - - [28/Sep/2017:09:30:08 +0000] "GET /lawyers/%D8%A3%D8%AD%D9%85%D8%AF-%D8%A8%D9%86-%D8%AE%D8%A7%D9%84%D8%AF-%D8%A3%D8%AD%D9%85%D8%AF-%D8%A7%D9%84%D8%B3%D8%AF%D9%8A%D8%B1%D9%8A HTTP/1.1" 200 4212 "-" "Mozilla/5.0 (compatible; MJ12bot/v1.4.7; http://mj12bot.com/)"
176.31.101.111 - - [28/Sep/2017:09:30:10 +0000] "GET /lawyers/%D8%A3%D8%AD%D9%85%D8%AF-%D8%A8%D9%86-%D8%B1%D8%A7%D8%B4%D8%AF-%D8%AD%D9%85%D9%88%D8%AF-%D8%A7%D9%84%D8%A8%D8%AD%D9%8A%D8%B1%D9%8A HTTP/1.1" 200 4228 "-" "Mozilla/5.0 (compatible; MJ12bot/v1.4.7; http://mj12bot.com/)"
66.249.79.25 - - [28/Sep/2017:09:30:57 +0000] "GET / HTTP/1.1" 200 7468 "-" "Mozilla/5.0 (compatible; Googlebot/2.1; +http://www.google.com/bot.html)"
176.31.101.111 - - [28/Sep/2017:09:31:11 +0000] "GET /lawyers/%D8%A3%D8%AD%D9%85%D8%AF-%D8%A8%D9%86-%D8%B3%D8%B9%D8%AF-%D8%AE%D9%84%D9%8A%D9%84-%D9%81%D8%AA%D9%87 HTTP/1.1" 200 6842 "-" "Mozilla/5.0 (compatible; MJ12bot/v1.4.7; http://mj12bot.com/)"
176.31.101.111 - - [28/Sep/2017:09:31:13 +0000] "GET /lawyers/%D8%A3%D8%AD%D9%85%D8%AF-%D8%A8%D9%86-%D8%B3%D9%84%D9%8A%D9%85%D8%A7%D9%86-%D8%B9%D8%A8%D8%AF%D8%A7%D9%84%D9%84%D9%87-%D8%A7%D9%84%D8%B9%D8%A8%D8%AF%D8%A7%D9%86%D9%8A HTTP/1.1" 200 4244 "-" "Mozilla/5.0 (compatible; MJ12bot/v1.4.7; http://mj12bot.com/)"
176.31.101.111 - - [28/Sep/2017:09:31:22 +0000] "GET /lawyers/%D8%A3%D8%AD%D9%85%D8%AF-%D8%A8%D9%86-%D8%B5%D8%A7%D9%84%D8%AD-%D8%B9%D8%A8%D8%AF%D8%A7%D9%84%D9%84%D9%87-%D9%85%D8%AE%D8%B1%D8%A8-%D8%A7%D9%84%D8%BA%D8%A7%D9%85%D8%AF%D9%8A HTTP/1.1" 200 6890 "-" "Mozilla/5.0 (compatible; MJ12bot/v1.4.7; http://mj12bot.com/)"
66.249.79.27 - - [28/Sep/2017:09:36:14 +0000] "GET / HTTP/1.1" 200 7469 "-" "Mozilla/5.0 (Linux; Android 6.0.1; Nexus 5X Build/MMB29P) AppleWebKit/537.36 (KHTML, like Gecko) Chrome/41.0.2272.96 Mobile Safari/537.36 (compatible; Googlebot/2.1; +http://www.google.com/bot.html)"
188.48.22.217 - - [28/Sep/2017:09:43:03 +0000] "HEAD /lawyers HTTP/1.1" 200 4173 "-" "Mozilla/5.0 (Windows NT 6.1; Win64; x64) AppleWebKit/537.36 (KHTML, like Gecko) Chrome/61.0.3163.100 Safari/537.36"
188.48.22.217 - - [28/Sep/2017:09:43:04 +0000] "GET /lawyers HTTP/1.1" 200 10766 "-" "Mozilla/5.0 (Windows NT 6.1; Win64; x64) AppleWebKit/537.36 (KHTML, like Gecko) Chrome/61.0.3163.100 Safari/537.36"
188.48.22.217 - - [28/Sep/2017:09:43:04 +0000] "GET /css/app.css?id=ea2b7f26afe664d56a04 HTTP/1.1" 200 33869 "https://thesaudilaw.com/lawyers" "Mozilla/5.0 (Windows NT 6.1; Win64; x64) AppleWebKit/537.36 (KHTML, like Gecko) Chrome/61.0.3163.100 Safari/537.36"
188.48.22.217 - - [28/Sep/2017:09:43:04 +0000] "GET /img/logo.svg HTTP/1.1" 200 7207 "https://thesaudilaw.com/lawyers" "Mozilla/5.0 (Windows NT 6.1; Win64; x64) AppleWebKit/537.36 (KHTML, like Gecko) Chrome/61.0.3163.100 Safari/537.36"
188.48.22.217 - - [28/Sep/2017:09:43:05 +0000] "GET /js/manifest.js?id=00c9397dc4d2d4ed54de HTTP/1.1" 200 1374 "https://thesaudilaw.com/lawyers" "Mozilla/5.0 (Windows NT 6.1; Win64; x64) AppleWebKit/537.36 (KHTML, like Gecko) Chrome/61.0.3163.100 Safari/537.36"
188.48.22.217 - - [28/Sep/2017:09:43:05 +0000] "GET /js/app.js?id=616a35b9db9ae672e3b5 HTTP/1.1" 200 42188 "https://thesaudilaw.com/lawyers" "Mozilla/5.0 (Windows NT 6.1; Win64; x64) AppleWebKit/537.36 (KHTML, like Gecko) Chrome/61.0.3163.100 Safari/537.36"
188.48.22.217 - - [28/Sep/2017:09:43:05 +0000] "GET /fonts/vendor/font-awesome/fontawesome-webfont.woff2?af7ae505a9eed503f8b8e6982036873e HTTP/1.1" 200 77597 "https://thesaudilaw.com/css/app.css?id=ea2b7f26afe664d56a04" "Mozilla/5.0 (Windows NT 6.1; Win64; x64) AppleWebKit/537.36 (KHTML, like Gecko) Chrome/61.0.3163.100 Safari/537.36"
188.48.22.217 - - [28/Sep/2017:09:43:05 +0000] "GET /js/vendor.js?id=f7400958569fae48befe HTTP/1.1" 200 252214 "https://thesaudilaw.com/lawyers" "Mozilla/5.0 (Windows NT 6.1; Win64; x64) AppleWebKit/537.36 (KHTML, like Gecko) Chrome/61.0.3163.100 Safari/537.36"
188.48.22.217 - - [28/Sep/2017:09:43:17 +0000] "GET /favicon-32x32.png HTTP/1.1" 200 1456 "https://thesaudilaw.com/lawyers" "Mozilla/5.0 (Windows NT 6.1; Win64; x64) AppleWebKit/537.36 (KHTML, like Gecko) Chrome/61.0.3163.100 Safari/537.36"
188.48.22.217 - - [28/Sep/2017:09:43:17 +0000] "GET /favicon-16x16.png HTTP/1.1" 200 996 "https://thesaudilaw.com/lawyers" "Mozilla/5.0 (Windows NT 6.1; Win64; x64) AppleWebKit/537.36 (KHTML, like Gecko) Chrome/61.0.3163.100 Safari/537.36"
66.249.79.17 - - [28/Sep/2017:09:49:59 +0000] "GET /lawyers/%D8%AC%D8%A7%D8%A8%D8%B1-%D8%A8%D9%86-%D8%B9%D9%84%D9%8A-%D8%AC%D8%A7%D8%A8%D8%B1-%D8%AE%D8%A8%D8%B1%D8%A7%D9%86%D9%8A HTTP/1.1" 200 7427 "-" "Mozilla/5.0 (compatible; Googlebot/2.1; +http://www.google.com/bot.html)"
66.249.79.17 - - [28/Sep/2017:09:51:17 +0000] "GET /documents/454 HTTP/1.1" 200 8078 "-" "Mozilla/5.0 (compatible; Googlebot/2.1; +http://www.google.com/bot.html)"
66.249.79.21 - - [28/Sep/2017:09:56:17 +0000] "GET /codes/%D9%86%D8%B8%D8%A7%D9%85-%D9%85%D8%AD%D8%A7%D9%83%D9%85%D8%A9-%D8%A7%D9%84%D9%88%D8%B2%D8%B1%D8%A7%D8%A1-1961 HTTP/1.1" 404 11946 "-" "Mozilla/5.0 (compatible; Googlebot/2.1; +http://www.google.com/bot.html)"
156.218.89.69 - - [28/Sep/2017:10:03:15 +0000] "GET /documents/119 HTTP/1.1" 200 8566 "https://www.google.com.eg/" "Mozilla/5.0 (Linux; Android 4.4.2; Infinix X507 Build/KOT49H) AppleWebKit/537.36 (KHTML, like Gecko) Version/4.0 Chrome/30.0.0.0 Mobile Safari/537.36"
156.218.89.69 - - [28/Sep/2017:10:03:16 +0000] "GET /css/app.css?id=ea2b7f26afe664d56a04 HTTP/1.1" 200 33869 "https://thesaudilaw.com/documents/119" "Mozilla/5.0 (Linux; Android 4.4.2; Infinix X507 Build/KOT49H) AppleWebKit/537.36 (KHTML, like Gecko) Version/4.0 Chrome/30.0.0.0 Mobile Safari/537.36"
156.218.89.69 - - [28/Sep/2017:10:03:16 +0000] "GET /js/manifest.js?id=00c9397dc4d2d4ed54de HTTP/1.1" 200 1359 "https://thesaudilaw.com/documents/119" "Mozilla/5.0 (Linux; Android 4.4.2; Infinix X507 Build/KOT49H) AppleWebKit/537.36 (KHTML, like Gecko) Version/4.0 Chrome/30.0.0.0 Mobile Safari/537.36"
156.218.89.69 - - [28/Sep/2017:10:03:16 +0000] "GET /js/app.js?id=616a35b9db9ae672e3b5 HTTP/1.1" 200 42188 "https://thesaudilaw.com/documents/119" "Mozilla/5.0 (Linux; Android 4.4.2; Infinix X507 Build/KOT49H) AppleWebKit/537.36 (KHTML, like Gecko) Version/4.0 Chrome/30.0.0.0 Mobile Safari/537.36"
156.218.89.69 - - [28/Sep/2017:10:03:18 +0000] "GET /img/logo.svg HTTP/1.1" 200 4161 "https://thesaudilaw.com/documents/119" "Mozilla/5.0 (Linux; Android 4.4.2; Infinix X507 Build/KOT49H) AppleWebKit/537.36 (KHTML, like Gecko) Version/4.0 Chrome/30.0.0.0 Mobile Safari/537.36"
156.218.89.69 - - [28/Sep/2017:10:03:27 +0000] "GET /favicon-32x32.png HTTP/1.1" 200 1441 "-" "Mozilla/5.0 (Linux; Android 4.4.2; Infinix X507 Build/KOT49H) AppleWebKit/537.36 (KHTML, like Gecko) Version/4.0 Chrome/30.0.0.0 Mobile Safari/537.36"
156.218.89.69 - - [28/Sep/2017:10:03:27 +0000] "GET /favicon-16x16.png HTTP/1.1" 200 1134 "-" "Mozilla/5.0 (Linux; Android 4.4.2; Infinix X507 Build/KOT49H) AppleWebKit/537.36 (KHTML, like Gecko) Version/4.0 Chrome/30.0.0.0 Mobile Safari/537.36"
156.218.89.69 - - [28/Sep/2017:10:03:16 +0000] "GET /js/vendor.js?id=f7400958569fae48befe HTTP/1.1" 200 235337 "https://thesaudilaw.com/documents/119" "Mozilla/5.0 (Linux; Android 4.4.2; Infinix X507 Build/KOT49H) AppleWebKit/537.36 (KHTML, like Gecko) Version/4.0 Chrome/30.0.0.0 Mobile Safari/537.36"
66.249.79.17 - - [28/Sep/2017:10:08:36 +0000] "GET /lawyers/%D8%AD%D9%86%D9%8A%D9%81-%D8%A8%D9%86-%D9%86%D8%A7%D8%B5%D8%B1-%D8%B3%D8%B9%D9%8A%D8%AF-%D8%A7%D9%84%D8%AC%D8%B1%D9%88%D9%8A-%D8%A7%D9%84%D9%82%D8%AD%D8%B7%D8%A7%D9%86%D9%8A HTTP/1.1" 200 7471 "-" "Mozilla/5.0 (compatible; Googlebot/2.1; +http://www.google.com/bot.html)"
66.249.79.23 - - [28/Sep/2017:10:13:36 +0000] "GET /lawyers/%D9%86%D8%A7%D8%B5%D8%B1-%D8%A8%D9%86-%D9%85%D9%87%D8%AF%D9%8A-%D8%B9%D9%84%D9%8A-%D8%A7%D9%84-%D8%AE%D9%85%D8%B3%D8%A7%D9%86 HTTP/1.1" 200 7440 "-" "Mozilla/5.0 (compatible; Googlebot/2.1; +http://www.google.com/bot.html)"
66.249.79.19 - - [28/Sep/2017:10:36:58 +0000] "GET / HTTP/1.1" 200 7459 "-" "Mozilla/5.0 (compatible; Googlebot/2.1; +http://www.google.com/bot.html)"
66.249.79.25 - - [28/Sep/2017:10:54:37 +0000] "GET /css/app.css HTTP/1.1" 200 37038 "https://www.thesaudilaw.com/documents/512" "Mozilla/5.0 (compatible; Googlebot/2.1; +http://www.google.com/bot.html)"
66.249.79.23 - - [28/Sep/2017:10:54:38 +0000] "GET /js/app.js HTTP/1.1" 200 45357 "https://www.thesaudilaw.com/documents/512" "Mozilla/5.0 (compatible; Googlebot/2.1; +http://www.google.com/bot.html)"
188.48.182.104 - - [28/Sep/2017:11:03:24 +0000] "GET /lawyers/%D8%B1%D8%A7%D8%A8%D8%B9%D8%A9-%D8%A8%D9%86%D8%AA-%D9%85%D8%A7%D8%B1%D9%8A%D9%86-%D9%84%D9%88%D9%8A%D8%B3-%D9%87%D8%A7%D9%86%D8%B3%D9%88%D9%86 HTTP/1.1" 200 7472 "https://www.google.com.sa/" "Mozilla/5.0 (Windows NT 6.3; Win64; x64) AppleWebKit/537.36 (KHTML, like Gecko) Chrome/61.0.3163.100 Safari/537.36"
188.48.182.104 - - [28/Sep/2017:11:03:25 +0000] "GET /css/app.css?id=ea2b7f26afe664d56a04 HTTP/1.1" 200 33869 "https://thesaudilaw.com/lawyers/%D8%B1%D8%A7%D8%A8%D8%B9%D8%A9-%D8%A8%D9%86%D8%AA-%D9%85%D8%A7%D8%B1%D9%8A%D9%86-%D9%84%D9%88%D9%8A%D8%B3-%D9%87%D8%A7%D9%86%D8%B3%D9%88%D9%86" "Mozilla/5.0 (Windows NT 6.3; Win64; x64) AppleWebKit/537.36 (KHTML, like Gecko) Chrome/61.0.3163.100 Safari/537.36"
188.48.182.104 - - [28/Sep/2017:11:03:25 +0000] "GET /js/manifest.js?id=00c9397dc4d2d4ed54de HTTP/1.1" 200 1374 "https://thesaudilaw.com/lawyers/%D8%B1%D8%A7%D8%A8%D8%B9%D8%A9-%D8%A8%D9%86%D8%AA-%D9%85%D8%A7%D8%B1%D9%8A%D9%86-%D9%84%D9%88%D9%8A%D8%B3-%D9%87%D8%A7%D9%86%D8%B3%D9%88%D9%86" "Mozilla/5.0 (Windows NT 6.3; Win64; x64) AppleWebKit/537.36 (KHTML, like Gecko) Chrome/61.0.3163.100 Safari/537.36"
188.48.182.104 - - [28/Sep/2017:11:03:25 +0000] "GET /img/logo.svg HTTP/1.1" 200 4023 "https://thesaudilaw.com/lawyers/%D8%B1%D8%A7%D8%A8%D8%B9%D8%A9-%D8%A8%D9%86%D8%AA-%D9%85%D8%A7%D8%B1%D9%8A%D9%86-%D9%84%D9%88%D9%8A%D8%B3-%D9%87%D8%A7%D9%86%D8%B3%D9%88%D9%86" "Mozilla/5.0 (Windows NT 6.3; Win64; x64) AppleWebKit/537.36 (KHTML, like Gecko) Chrome/61.0.3163.100 Safari/537.36"
188.48.182.104 - - [28/Sep/2017:11:03:26 +0000] "GET /img/avatar.jpg HTTP/1.1" 200 51270 "https://thesaudilaw.com/lawyers/%D8%B1%D8%A7%D8%A8%D8%B9%D8%A9-%D8%A8%D9%86%D8%AA-%D9%85%D8%A7%D8%B1%D9%8A%D9%86-%D9%84%D9%88%D9%8A%D8%B3-%D9%87%D8%A7%D9%86%D8%B3%D9%88%D9%86" "Mozilla/5.0 (Windows NT 6.3; Win64; x64) AppleWebKit/537.36 (KHTML, like Gecko) Chrome/61.0.3163.100 Safari/537.36"
188.48.182.104 - - [28/Sep/2017:11:03:26 +0000] "GET /js/app.js?id=616a35b9db9ae672e3b5 HTTP/1.1" 200 42341 "https://thesaudilaw.com/lawyers/%D8%B1%D8%A7%D8%A8%D8%B9%D8%A9-%D8%A8%D9%86%D8%AA-%D9%85%D8%A7%D8%B1%D9%8A%D9%86-%D9%84%D9%88%D9%8A%D8%B3-%D9%87%D8%A7%D9%86%D8%B3%D9%88%D9%86" "Mozilla/5.0 (Windows NT 6.3; Win64; x64) AppleWebKit/537.36 (KHTML, like Gecko) Chrome/61.0.3163.100 Safari/537.36"
188.48.182.104 - - [28/Sep/2017:11:03:26 +0000] "GET /fonts/vendor/font-awesome/fontawesome-webfont.woff2?af7ae505a9eed503f8b8e6982036873e HTTP/1.1" 200 77750 "https://thesaudilaw.com/css/app.css?id=ea2b7f26afe664d56a04" "Mozilla/5.0 (Windows NT 6.3; Win64; x64) AppleWebKit/537.36 (KHTML, like Gecko) Chrome/61.0.3163.100 Safari/537.36"
188.48.182.104 - - [28/Sep/2017:11:03:26 +0000] "GET /js/vendor.js?id=f7400958569fae48befe HTTP/1.1" 200 252214 "https://thesaudilaw.com/lawyers/%D8%B1%D8%A7%D8%A8%D8%B9%D8%A9-%D8%A8%D9%86%D8%AA-%D9%85%D8%A7%D8%B1%D9%8A%D9%86-%D9%84%D9%88%D9%8A%D8%B3-%D9%87%D8%A7%D9%86%D8%B3%D9%88%D9%86" "Mozilla/5.0 (Windows NT 6.3; Win64; x64) AppleWebKit/537.36 (KHTML, like Gecko) Chrome/61.0.3163.100 Safari/537.36"
188.48.182.104 - - [28/Sep/2017:11:03:35 +0000] "GET /favicon-32x32.png HTTP/1.1" 200 1303 "https://thesaudilaw.com/lawyers/%D8%B1%D8%A7%D8%A8%D8%B9%D8%A9-%D8%A8%D9%86%D8%AA-%D9%85%D8%A7%D8%B1%D9%8A%D9%86-%D9%84%D9%88%D9%8A%D8%B3-%D9%87%D8%A7%D9%86%D8%B3%D9%88%D9%86" "Mozilla/5.0 (Windows NT 6.3; Win64; x64) AppleWebKit/537.36 (KHTML, like Gecko) Chrome/61.0.3163.100 Safari/537.36"
188.48.182.104 - - [28/Sep/2017:11:03:35 +0000] "GET /favicon-16x16.png HTTP/1.1" 200 996 "https://thesaudilaw.com/lawyers/%D8%B1%D8%A7%D8%A8%D8%B9%D8%A9-%D8%A8%D9%86%D8%AA-%D9%85%D8%A7%D8%B1%D9%8A%D9%86-%D9%84%D9%88%D9%8A%D8%B3-%D9%87%D8%A7%D9%86%D8%B3%D9%88%D9%86" "Mozilla/5.0 (Windows NT 6.3; Win64; x64) AppleWebKit/537.36 (KHTML, like Gecko) Chrome/61.0.3163.100 Safari/537.36"
66.249.79.21 - - [28/Sep/2017:11:24:23 +0000] "GET /lawyers/%D8%AD%D8%B3%D9%8A%D9%86-%D8%A8%D9%86-%D8%AC%D8%A7%D8%A6%D8%B2-%D8%B3%D9%85%D9%8A%D8%B1-%D8%A7%D9%84%D8%B9%D8%B2%D9%8A%D8%B2%D9%8A-%D8%A7%D9%84%D9%85%D8%B7%D9%8A%D8%B1%D9%8A HTTP/1.1" 200 7461 "-" "Mozilla/5.0 (compatible; Googlebot/2.1; +http://www.google.com/bot.html)"
66.249.79.25 - - [28/Sep/2017:11:42:57 +0000] "GET / HTTP/1.1" 200 7460 "-" "Mozilla/5.0 (compatible; Googlebot/2.1; +http://www.google.com/bot.html)"
5.9.89.170 - - [28/Sep/2017:11:52:30 +0000] "GET /robots.txt HTTP/1.1" 200 3534 "-" "Mozilla/5.0 (compatible; MJ12bot/v1.4.7; http://mj12bot.com/)"
5.9.89.170 - - [28/Sep/2017:11:52:33 +0000] "GET /lawyers/%D8%A3%D8%AD%D9%85%D8%AF-%D8%A8%D9%86-%D8%B9%D8%A8%D8%AF-%D8%A7%D9%84%D9%84%D9%87-%D9%85%D8%AD%D9%85%D8%AF-%D8%B9%D8%AC%D8%A8-%D8%A7%D9%84%D8%B2%D9%87%D8%B1%D8%A7%D9%86%D9%8A HTTP/1.1" 200 12575 "-" "Mozilla/5.0 (compatible; MJ12bot/v1.4.7; http://mj12bot.com/)"
5.9.89.170 - - [28/Sep/2017:11:52:36 +0000] "GET /lawyers/%D8%A3%D8%AD%D9%85%D8%AF-%D8%A8%D9%86-%D8%B9%D8%A8%D8%AF%D8%A7%D9%84%D8%B1%D8%AD%D9%85%D9%86-%D8%B9%D8%A8%D8%AF%D8%A7%D9%84%D9%84%D9%87-%D8%A7%D9%84%D8%A7%D8%AD%D9%85%D8%AF HTTP/1.1" 200 12559 "-" "Mozilla/5.0 (compatible; MJ12bot/v1.4.7; http://mj12bot.com/)"
5.9.89.170 - - [28/Sep/2017:11:52:38 +0000] "GET /lawyers/%D8%A3%D8%AD%D9%85%D8%AF-%D8%A8%D9%86-%D8%B9%D8%A8%D8%AF%D8%A7%D9%84%D8%B9%D8%B2%D9%8A%D8%B2-%D8%A3%D8%AD%D9%85%D8%AF-%D8%A7%D9%84%D8%AC%D9%88%D9%8A%D8%B3%D9%85 HTTP/1.1" 200 12477 "-" "Mozilla/5.0 (compatible; MJ12bot/v1.4.7; http://mj12bot.com/)"
5.9.89.170 - - [28/Sep/2017:11:52:41 +0000] "GET /lawyers/%D8%A3%D8%AD%D9%85%D8%AF-%D8%A8%D9%86-%D8%B9%D8%A8%D8%AF%D8%A7%D9%84%D8%B9%D8%B2%D9%8A%D8%B2-%D8%B9%D8%A8%D8%AF%D8%A7%D9%84%D9%84%D9%87-%D8%A7%D9%84%D8%A8%D8%A7%D8%B2 HTTP/1.1" 200 12517 "-" "Mozilla/5.0 (compatible; MJ12bot/v1.4.7; http://mj12bot.com/)"
5.9.89.170 - - [28/Sep/2017:11:52:42 +0000] "GET /lawyers/%D8%A3%D8%AD%D9%85%D8%AF-%D8%A8%D9%86-%D8%B9%D8%A8%D8%AF%D8%A7%D9%84%D8%B9%D8%B2%D9%8A%D8%B2-%D8%B9%D8%A8%D8%AF%D8%A7%D9%84%D9%84%D9%87-%D8%B2%D8%A7%D8%B1%D8%B9 HTTP/1.1" 200 12469 "-" "Mozilla/5.0 (compatible; MJ12bot/v1.4.7; http://mj12bot.com/)"
