66.249.79.19 - - [06/Oct/2017:14:40:17 +0000] "GET / HTTP/1.1" 200 7456 "-" "Mozilla/5.0 (Linux; Android 6.0.1; Nexus 5X Build/MMB29P) AppleWebKit/537.36 (KHTML, like Gecko) Chrome/41.0.2272.96 Mobile Safari/537.36 (compatible; Googlebot/2.1; +http://www.google.com/bot.html)"
66.249.79.19 - - [06/Oct/2017:14:45:18 +0000] "GET /lawyers?page=7 HTTP/1.1" 200 10829 "-" "Mozilla/5.0 (compatible; Googlebot/2.1; +http://www.google.com/bot.html)"
66.249.79.19 - - [06/Oct/2017:14:55:18 +0000] "GET /codes/%D8%AA%D9%86%D8%B8%D9%8A%D9%85-%D9%87%D9%8A%D8%A6%D8%A9-%D8%AA%D9%88%D9%84%D9%8A%D8%AF-%D8%A7%D9%84%D9%88%D8%B8%D8%A7%D8%A6%D9%81-%D9%88%D9%85%D9%83%D8%A7%D9%81%D8%AD%D8%A9-%D8%A7%D9%84%D8%A8%D8%B7%D8%A7%D9%84%D8%A9-1436/edit HTTP/1.1" 404 11360 "-" "Mozilla/5.0 (compatible; Googlebot/2.1; +http://www.google.com/bot.html)"
66.249.79.9 - - [06/Oct/2017:15:05:18 +0000] "GET / HTTP/1.1" 301 574 "-" "Mozilla/5.0 (compatible; Googlebot/2.1; +http://www.google.com/bot.html)"
66.249.79.21 - - [06/Oct/2017:15:05:19 +0000] "GET / HTTP/1.1" 200 7458 "-" "Mozilla/5.0 (compatible; Googlebot/2.1; +http://www.google.com/bot.html)"
66.249.79.25 - - [06/Oct/2017:15:05:31 +0000] "GET /documents?category=anthm-alzraaa-oalmyah-oalthroat-alhy&page=3&test=1 HTTP/1.1" 200 7494 "-" "Mozilla/5.0 (compatible; Googlebot/2.1; +http://www.google.com/bot.html)"
66.249.79.23 - - [06/Oct/2017:15:07:29 +0000] "GET /css/app.css?id=997031f43d4de6ee5e9a HTTP/1.1" 200 37038 "https://www.thesaudilaw.com/documents?test=1&category=anthm-alzraaa-oalmyah-oalthroat-alhy&page=3" "Mozilla/5.0 (compatible; Googlebot/2.1; +http://www.google.com/bot.html)"
66.249.79.27 - - [06/Oct/2017:15:11:42 +0000] "GET /codes/%D8%AA%D9%86%D8%B8%D9%8A%D9%85-%D9%85%D8%B1%D9%83%D8%B2-%D8%A7%D9%84%D9%85%D8%B5%D8%A7%D9%84%D8%AD%D8%A9-1434 HTTP/1.1" 200 8710 "-" "Mozilla/5.0 (compatible; Googlebot/2.1; +http://www.google.com/bot.html)"
159.0.255.12 - - [06/Oct/2017:15:22:08 +0000] "GET /lawyers/%D9%85%D8%AD%D9%85%D8%AF-%D8%A8%D9%86-%D8%B9%D8%A8%D8%AF%D8%A7%D9%84%D9%84%D9%87-%D9%81%D9%87%D8%A7%D8%AF-%D8%A7%D9%84%D8%AF%D8%B1%D8%B9%D8%A7%D9%86 HTTP/1.1" 200 7468 "https://www.google.com.sa/" "Mozilla/5.0 (Linux; Android 7.0; SM-G920I Build/NRD90M) AppleWebKit/537.36 (KHTML, like Gecko) Chrome/61.0.3163.98 Mobile Safari/537.36"
159.0.255.12 - - [06/Oct/2017:15:22:08 +0000] "GET /css/app.css?id=ea2b7f26afe664d56a04 HTTP/1.1" 200 33869 "https://thesaudilaw.com/lawyers/%D9%85%D8%AD%D9%85%D8%AF-%D8%A8%D9%86-%D8%B9%D8%A8%D8%AF%D8%A7%D9%84%D9%84%D9%87-%D9%81%D9%87%D8%A7%D8%AF-%D8%A7%D9%84%D8%AF%D8%B1%D8%B9%D8%A7%D9%86" "Mozilla/5.0 (Linux; Android 7.0; SM-G920I Build/NRD90M) AppleWebKit/537.36 (KHTML, like Gecko) Chrome/61.0.3163.98 Mobile Safari/537.36"
159.0.255.12 - - [06/Oct/2017:15:22:08 +0000] "GET /js/manifest.js?id=00c9397dc4d2d4ed54de HTTP/1.1" 200 1374 "https://thesaudilaw.com/lawyers/%D9%85%D8%AD%D9%85%D8%AF-%D8%A8%D9%86-%D8%B9%D8%A8%D8%AF%D8%A7%D9%84%D9%84%D9%87-%D9%81%D9%87%D8%A7%D8%AF-%D8%A7%D9%84%D8%AF%D8%B1%D8%B9%D8%A7%D9%86" "Mozilla/5.0 (Linux; Android 7.0; SM-G920I Build/NRD90M) AppleWebKit/537.36 (KHTML, like Gecko) Chrome/61.0.3163.98 Mobile Safari/537.36"
159.0.255.12 - - [06/Oct/2017:15:22:09 +0000] "GET /js/app.js?id=616a35b9db9ae672e3b5 HTTP/1.1" 200 42188 "https://thesaudilaw.com/lawyers/%D9%85%D8%AD%D9%85%D8%AF-%D8%A8%D9%86-%D8%B9%D8%A8%D8%AF%D8%A7%D9%84%D9%84%D9%87-%D9%81%D9%87%D8%A7%D8%AF-%D8%A7%D9%84%D8%AF%D8%B1%D8%B9%D8%A7%D9%86" "Mozilla/5.0 (Linux; Android 7.0; SM-G920I Build/NRD90M) AppleWebKit/537.36 (KHTML, like Gecko) Chrome/61.0.3163.98 Mobile Safari/537.36"
159.0.255.12 - - [06/Oct/2017:15:22:09 +0000] "GET /img/logo.svg HTTP/1.1" 200 4176 "https://thesaudilaw.com/lawyers/%D9%85%D8%AD%D9%85%D8%AF-%D8%A8%D9%86-%D8%B9%D8%A8%D8%AF%D8%A7%D9%84%D9%84%D9%87-%D9%81%D9%87%D8%A7%D8%AF-%D8%A7%D9%84%D8%AF%D8%B1%D8%B9%D8%A7%D9%86" "Mozilla/5.0 (Linux; Android 7.0; SM-G920I Build/NRD90M) AppleWebKit/537.36 (KHTML, like Gecko) Chrome/61.0.3163.98 Mobile Safari/537.36"
159.0.255.12 - - [06/Oct/2017:15:22:09 +0000] "GET /img/avatar.jpg HTTP/1.1" 200 51423 "https://thesaudilaw.com/lawyers/%D9%85%D8%AD%D9%85%D8%AF-%D8%A8%D9%86-%D8%B9%D8%A8%D8%AF%D8%A7%D9%84%D9%84%D9%87-%D9%81%D9%87%D8%A7%D8%AF-%D8%A7%D9%84%D8%AF%D8%B1%D8%B9%D8%A7%D9%86" "Mozilla/5.0 (Linux; Android 7.0; SM-G920I Build/NRD90M) AppleWebKit/537.36 (KHTML, like Gecko) Chrome/61.0.3163.98 Mobile Safari/537.36"
159.0.255.12 - - [06/Oct/2017:15:22:09 +0000] "GET /js/vendor.js?id=f7400958569fae48befe HTTP/1.1" 200 252214 "https://thesaudilaw.com/lawyers/%D9%85%D8%AD%D9%85%D8%AF-%D8%A8%D9%86-%D8%B9%D8%A8%D8%AF%D8%A7%D9%84%D9%84%D9%87-%D9%81%D9%87%D8%A7%D8%AF-%D8%A7%D9%84%D8%AF%D8%B1%D8%B9%D8%A7%D9%86" "Mozilla/5.0 (Linux; Android 7.0; SM-G920I Build/NRD90M) AppleWebKit/537.36 (KHTML, like Gecko) Chrome/61.0.3163.98 Mobile Safari/537.36"
159.0.255.12 - - [06/Oct/2017:15:22:16 +0000] "GET /favicon-32x32.png HTTP/1.1" 200 1456 "https://thesaudilaw.com/lawyers/%D9%85%D8%AD%D9%85%D8%AF-%D8%A8%D9%86-%D8%B9%D8%A8%D8%AF%D8%A7%D9%84%D9%84%D9%87-%D9%81%D9%87%D8%A7%D8%AF-%D8%A7%D9%84%D8%AF%D8%B1%D8%B9%D8%A7%D9%86" "Mozilla/5.0 (Linux; Android 7.0; SM-G920I Build/NRD90M) AppleWebKit/537.36 (KHTML, like Gecko) Chrome/61.0.3163.98 Mobile Safari/537.36"
159.0.255.12 - - [06/Oct/2017:15:22:16 +0000] "GET /manifest.json HTTP/1.1" 200 4095 "https://thesaudilaw.com/lawyers/%D9%85%D8%AD%D9%85%D8%AF-%D8%A8%D9%86-%D8%B9%D8%A8%D8%AF%D8%A7%D9%84%D9%84%D9%87-%D9%81%D9%87%D8%A7%D8%AF-%D8%A7%D9%84%D8%AF%D8%B1%D8%B9%D8%A7%D9%86" "Mozilla/5.0 (Linux; Android 7.0; SM-G920I Build/NRD90M) AppleWebKit/537.36 (KHTML, like Gecko) Chrome/61.0.3163.98 Mobile Safari/537.36"
159.0.255.12 - - [06/Oct/2017:15:22:16 +0000] "GET /android-chrome-192x192.png HTTP/1.1" 200 9000 "https://thesaudilaw.com/lawyers/%D9%85%D8%AD%D9%85%D8%AF-%D8%A8%D9%86-%D8%B9%D8%A8%D8%AF%D8%A7%D9%84%D9%84%D9%87-%D9%81%D9%87%D8%A7%D8%AF-%D8%A7%D9%84%D8%AF%D8%B1%D8%B9%D8%A7%D9%86" "Mozilla/5.0 (Linux; Android 7.0; SM-G920I Build/NRD90M) AppleWebKit/537.36 (KHTML, like Gecko) Chrome/61.0.3163.98 Mobile Safari/537.36"
66.249.79.23 - - [06/Oct/2017:15:26:02 +0000] "GET / HTTP/1.1" 200 7477 "-" "Mozilla/5.0 (Linux; Android 6.0.1; Nexus 5X Build/MMB29P) AppleWebKit/537.36 (KHTML, like Gecko) Chrome/41.0.2272.96 Mobile Safari/537.36 (compatible; Googlebot/2.1; +http://www.google.com/bot.html)"
180.76.15.147 - - [06/Oct/2017:15:26:49 +0000] "GET / HTTP/1.1" 301 537 "-" "Mozilla/5.0 (compatible; Baiduspider/2.0; +http://www.baidu.com/search/spider.html)"
180.76.15.19 - - [06/Oct/2017:15:26:50 +0000] "GET / HTTP/1.1" 200 15773 "-" "Mozilla/5.0 (compatible; Baiduspider/2.0; +http://www.baidu.com/search/spider.html)"
66.249.79.17 - - [06/Oct/2017:15:53:14 +0000] "GET /lawyers/%D8%B5%D8%A7%D9%84%D8%AD-%D8%A8%D9%86-%D9%85%D8%AD%D9%85%D8%AF-%D8%B9%D8%A8%D8%AF-%D8%A7%D9%84%D9%84%D9%87-%D8%A7%D9%84%D8%B9%D9%88%D9%8A%D8%AF HTTP/1.1" 200 7443 "-" "Mozilla/5.0 (compatible; Googlebot/2.1; +http://www.google.com/bot.html)"
66.249.79.25 - - [06/Oct/2017:16:13:21 +0000] "GET / HTTP/1.1" 200 7458 "-" "Mozilla/5.0 (compatible; Googlebot/2.1; +http://www.google.com/bot.html)"
66.249.79.21 - - [06/Oct/2017:16:18:53 +0000] "GET /documents/137 HTTP/1.1" 200 7542 "-" "Mozilla/5.0 (compatible; Googlebot/2.1; +http://www.google.com/bot.html)"
66.249.79.21 - - [06/Oct/2017:16:42:13 +0000] "GET / HTTP/1.1" 200 7464 "-" "Mozilla/5.0 (Linux; Android 6.0.1; Nexus 5X Build/MMB29P) AppleWebKit/537.36 (KHTML, like Gecko) Chrome/41.0.2272.96 Mobile Safari/537.36 (compatible; Googlebot/2.1; +http://www.google.com/bot.html)"
95.186.32.130 - - [06/Oct/2017:16:50:14 +0000] "GET /lawyers/%D8%AE%D8%A7%D9%84%D8%AF-%D8%A8%D9%86-%D8%BA%D8%A7%D8%B2%D9%8A-%D9%85%D8%AD%D9%85%D8%AF-%D8%A7%D9%84%D9%8A%D9%88%D8%B3%D9%81%D9%8A-%D8%A7%D9%84%D8%AB%D9%82%D9%81%D9%8A HTTP/1.1" 200 7290 "https://www.google.com/" "Mozilla/5.0 (iPhone; CPU iPhone OS 10_0 like Mac OS X) AppleWebKit/602.1.50 (KHTML, like Gecko) Version/10.0 Mobile/14A346 Safari/602.1"
95.186.32.130 - - [06/Oct/2017:16:50:14 +0000] "GET /css/app.css?id=ea2b7f26afe664d56a04 HTTP/1.1" 200 33869 "https://thesaudilaw.com/lawyers/%D8%AE%D8%A7%D9%84%D8%AF-%D8%A8%D9%86-%D8%BA%D8%A7%D8%B2%D9%8A-%D9%85%D8%AD%D9%85%D8%AF-%D8%A7%D9%84%D9%8A%D9%88%D8%B3%D9%81%D9%8A-%D8%A7%D9%84%D8%AB%D9%82%D9%81%D9%8A" "Mozilla/5.0 (iPhone; CPU iPhone OS 10_0 like Mac OS X) AppleWebKit/602.1.50 (KHTML, like Gecko) Version/10.0 Mobile/14A346 Safari/602.1"
95.186.32.130 - - [06/Oct/2017:16:50:15 +0000] "GET /img/logo.svg HTTP/1.1" 200 4161 "https://thesaudilaw.com/lawyers/%D8%AE%D8%A7%D9%84%D8%AF-%D8%A8%D9%86-%D8%BA%D8%A7%D8%B2%D9%8A-%D9%85%D8%AD%D9%85%D8%AF-%D8%A7%D9%84%D9%8A%D9%88%D8%B3%D9%81%D9%8A-%D8%A7%D9%84%D8%AB%D9%82%D9%81%D9%8A" "Mozilla/5.0 (iPhone; CPU iPhone OS 10_0 like Mac OS X) AppleWebKit/602.1.50 (KHTML, like Gecko) Version/10.0 Mobile/14A346 Safari/602.1"
95.186.32.130 - - [06/Oct/2017:16:50:15 +0000] "GET /img/avatar.jpg HTTP/1.1" 200 51408 "https://thesaudilaw.com/lawyers/%D8%AE%D8%A7%D9%84%D8%AF-%D8%A8%D9%86-%D8%BA%D8%A7%D8%B2%D9%8A-%D9%85%D8%AD%D9%85%D8%AF-%D8%A7%D9%84%D9%8A%D9%88%D8%B3%D9%81%D9%8A-%D8%A7%D9%84%D8%AB%D9%82%D9%81%D9%8A" "Mozilla/5.0 (iPhone; CPU iPhone OS 10_0 like Mac OS X) AppleWebKit/602.1.50 (KHTML, like Gecko) Version/10.0 Mobile/14A346 Safari/602.1"
95.186.32.130 - - [06/Oct/2017:16:50:15 +0000] "GET /js/manifest.js?id=00c9397dc4d2d4ed54de HTTP/1.1" 200 1359 "https://thesaudilaw.com/lawyers/%D8%AE%D8%A7%D9%84%D8%AF-%D8%A8%D9%86-%D8%BA%D8%A7%D8%B2%D9%8A-%D9%85%D8%AD%D9%85%D8%AF-%D8%A7%D9%84%D9%8A%D9%88%D8%B3%D9%81%D9%8A-%D8%A7%D9%84%D8%AB%D9%82%D9%81%D9%8A" "Mozilla/5.0 (iPhone; CPU iPhone OS 10_0 like Mac OS X) AppleWebKit/602.1.50 (KHTML, like Gecko) Version/10.0 Mobile/14A346 Safari/602.1"
95.186.32.130 - - [06/Oct/2017:16:50:15 +0000] "GET /js/app.js?id=616a35b9db9ae672e3b5 HTTP/1.1" 200 42188 "https://thesaudilaw.com/lawyers/%D8%AE%D8%A7%D9%84%D8%AF-%D8%A8%D9%86-%D8%BA%D8%A7%D8%B2%D9%8A-%D9%85%D8%AD%D9%85%D8%AF-%D8%A7%D9%84%D9%8A%D9%88%D8%B3%D9%81%D9%8A-%D8%A7%D9%84%D8%AB%D9%82%D9%81%D9%8A" "Mozilla/5.0 (iPhone; CPU iPhone OS 10_0 like Mac OS X) AppleWebKit/602.1.50 (KHTML, like Gecko) Version/10.0 Mobile/14A346 Safari/602.1"
95.186.32.130 - - [06/Oct/2017:16:50:15 +0000] "GET /js/vendor.js?id=f7400958569fae48befe HTTP/1.1" 200 252214 "https://thesaudilaw.com/lawyers/%D8%AE%D8%A7%D9%84%D8%AF-%D8%A8%D9%86-%D8%BA%D8%A7%D8%B2%D9%8A-%D9%85%D8%AD%D9%85%D8%AF-%D8%A7%D9%84%D9%8A%D9%88%D8%B3%D9%81%D9%8A-%D8%A7%D9%84%D8%AB%D9%82%D9%81%D9%8A" "Mozilla/5.0 (iPhone; CPU iPhone OS 10_0 like Mac OS X) AppleWebKit/602.1.50 (KHTML, like Gecko) Version/10.0 Mobile/14A346 Safari/602.1"
95.186.32.130 - - [06/Oct/2017:16:50:25 +0000] "GET / HTTP/1.1" 200 4451 "https://thesaudilaw.com/lawyers/%D8%AE%D8%A7%D9%84%D8%AF-%D8%A8%D9%86-%D8%BA%D8%A7%D8%B2%D9%8A-%D9%85%D8%AD%D9%85%D8%AF-%D8%A7%D9%84%D9%8A%D9%88%D8%B3%D9%81%D9%8A-%D8%A7%D9%84%D8%AB%D9%82%D9%81%D9%8A" "Mozilla/5.0 (iPhone; CPU iPhone OS 10_0 like Mac OS X) AppleWebKit/602.1.50 (KHTML, like Gecko) Version/10.0 Mobile/14A346 Safari/602.1"
95.186.32.130 - - [06/Oct/2017:16:50:39 +0000] "GET /lawyers?page=27 HTTP/1.1" 200 7789 "https://www.google.com/" "Mozilla/5.0 (iPhone; CPU iPhone OS 10_0 like Mac OS X) AppleWebKit/602.1.50 (KHTML, like Gecko) Version/10.0 Mobile/14A346 Safari/602.1"
95.186.32.130 - - [06/Oct/2017:16:50:40 +0000] "GET /fonts/vendor/font-awesome/fontawesome-webfont.woff2?af7ae505a9eed503f8b8e6982036873e HTTP/1.1" 200 77597 "https://thesaudilaw.com/lawyers?page=27" "Mozilla/5.0 (iPhone; CPU iPhone OS 10_0 like Mac OS X) AppleWebKit/602.1.50 (KHTML, like Gecko) Version/10.0 Mobile/14A346 Safari/602.1"
66.249.79.5 - - [06/Oct/2017:16:57:15 +0000] "GET / HTTP/1.1" 301 574 "-" "Mozilla/5.0 (compatible; Googlebot/2.1; +http://www.google.com/bot.html)"
66.249.79.17 - - [06/Oct/2017:16:57:16 +0000] "GET / HTTP/1.1" 200 7461 "-" "Mozilla/5.0 (compatible; Googlebot/2.1; +http://www.google.com/bot.html)"
95.186.32.130 - - [06/Oct/2017:16:59:45 +0000] "GET /lawyers?page=27 HTTP/1.1" 200 10619 "https://www.google.com/" "Mozilla/5.0 (iPhone; CPU iPhone OS 10_0 like Mac OS X) AppleWebKit/602.1.50 (KHTML, like Gecko) Version/10.0 Mobile/14A346 Safari/602.1"
95.186.32.130 - - [06/Oct/2017:16:59:45 +0000] "GET /css/app.css?id=ea2b7f26afe664d56a04 HTTP/1.1" 200 33869 "https://thesaudilaw.com/lawyers?page=27" "Mozilla/5.0 (iPhone; CPU iPhone OS 10_0 like Mac OS X) AppleWebKit/602.1.50 (KHTML, like Gecko) Version/10.0 Mobile/14A346 Safari/602.1"
95.186.32.130 - - [06/Oct/2017:16:59:46 +0000] "GET /img/logo.svg HTTP/1.1" 200 4161 "https://thesaudilaw.com/lawyers?page=27" "Mozilla/5.0 (iPhone; CPU iPhone OS 10_0 like Mac OS X) AppleWebKit/602.1.50 (KHTML, like Gecko) Version/10.0 Mobile/14A346 Safari/602.1"
95.186.32.130 - - [06/Oct/2017:16:59:46 +0000] "GET /js/manifest.js?id=00c9397dc4d2d4ed54de HTTP/1.1" 200 1359 "https://thesaudilaw.com/lawyers?page=27" "Mozilla/5.0 (iPhone; CPU iPhone OS 10_0 like Mac OS X) AppleWebKit/602.1.50 (KHTML, like Gecko) Version/10.0 Mobile/14A346 Safari/602.1"
95.186.32.130 - - [06/Oct/2017:16:59:46 +0000] "GET /js/app.js?id=616a35b9db9ae672e3b5 HTTP/1.1" 200 42188 "https://thesaudilaw.com/lawyers?page=27" "Mozilla/5.0 (iPhone; CPU iPhone OS 10_0 like Mac OS X) AppleWebKit/602.1.50 (KHTML, like Gecko) Version/10.0 Mobile/14A346 Safari/602.1"
95.186.32.130 - - [06/Oct/2017:16:59:46 +0000] "GET /js/vendor.js?id=f7400958569fae48befe HTTP/1.1" 200 252352 "https://thesaudilaw.com/lawyers?page=27" "Mozilla/5.0 (iPhone; CPU iPhone OS 10_0 like Mac OS X) AppleWebKit/602.1.50 (KHTML, like Gecko) Version/10.0 Mobile/14A346 Safari/602.1"
95.186.32.130 - - [06/Oct/2017:16:59:46 +0000] "GET /fonts/vendor/font-awesome/fontawesome-webfont.woff2?af7ae505a9eed503f8b8e6982036873e HTTP/1.1" 200 77597 "https://thesaudilaw.com/lawyers?page=27" "Mozilla/5.0 (iPhone; CPU iPhone OS 10_0 like Mac OS X) AppleWebKit/602.1.50 (KHTML, like Gecko) Version/10.0 Mobile/14A346 Safari/602.1"
66.249.79.17 - - [06/Oct/2017:17:09:01 +0000] "GET /lawyers/%D8%B7%D8%A7%D8%B1%D9%82-%D8%A8%D9%86-%D9%85%D8%AD%D9%85%D8%AF-%D8%B9%D8%A8%D8%AF%D8%A7%D9%84%D9%84%D9%87-%D8%A7%D9%84%D8%B2%D9%86%D9%8A%D8%AF%D9%8A HTTP/1.1" 200 7465 "-" "Mozilla/5.0 (compatible; Googlebot/2.1; +http://www.google.com/bot.html)"
66.249.79.19 - - [06/Oct/2017:17:32:55 +0000] "GET /css/app.css?id=6147574e26ef32ab1fff HTTP/1.1" 200 37038 "https://thesaudilaw.com/lawyers/%D8%A8%D8%AE%D9%8A%D8%AA-%D8%A8%D9%86-%D9%81%D8%A7%D9%8A%D8%B2-%D9%85%D8%AD%D9%85%D8%AF-%D8%A7%D9%84%D9%85%D8%AF%D8%B1%D8%B9" "Mozilla/5.0 (compatible; Googlebot/2.1; +http://www.google.com/bot.html)"
66.249.79.25 - - [06/Oct/2017:17:35:42 +0000] "GET /codes/%D9%86%D8%B8%D8%A7%D9%85-%D8%A7%D9%84%D8%AA%D9%85%D9%88%D9%8A%D9%84-%D8%A7%D9%84%D8%B9%D9%82%D8%A7%D8%B1%D9%8A-1433 HTTP/1.1" 200 9987 "-" "Mozilla/5.0 (compatible; Googlebot/2.1; +http://www.google.com/bot.html)"
151.255.102.207 - - [06/Oct/2017:17:42:04 +0000] "GET /lawyers/%D9%86%D8%A7%D8%AF%D9%8A%D9%86-%D8%A8%D9%86%D8%AA-%D8%B9%D8%A8%D8%AF%D8%A7%D9%84%D9%88%D9%87%D8%A7%D8%A8-%D8%B9%D8%A8%D8%AF%D8%A7%D9%84%D8%B1%D8%AD%D9%85%D9%86-%D9%85%D8%B1%D8%B4%D8%AF HTTP/1.1" 200 7480 "https://www.google.com.sa/" "Mozilla/5.0 (Windows NT 6.1) AppleWebKit/537.36 (KHTML, like Gecko) Chrome/61.0.3163.100 Safari/537.36"
151.255.102.207 - - [06/Oct/2017:17:42:04 +0000] "GET /css/app.css?id=ea2b7f26afe664d56a04 HTTP/1.1" 200 33869 "https://thesaudilaw.com/lawyers/%D9%86%D8%A7%D8%AF%D9%8A%D9%86-%D8%A8%D9%86%D8%AA-%D8%B9%D8%A8%D8%AF%D8%A7%D9%84%D9%88%D9%87%D8%A7%D8%A8-%D8%B9%D8%A8%D8%AF%D8%A7%D9%84%D8%B1%D8%AD%D9%85%D9%86-%D9%85%D8%B1%D8%B4%D8%AF" "Mozilla/5.0 (Windows NT 6.1) AppleWebKit/537.36 (KHTML, like Gecko) Chrome/61.0.3163.100 Safari/537.36"
151.255.102.207 - - [06/Oct/2017:17:42:05 +0000] "GET /js/manifest.js?id=00c9397dc4d2d4ed54de HTTP/1.1" 200 1374 "https://thesaudilaw.com/lawyers/%D9%86%D8%A7%D8%AF%D9%8A%D9%86-%D8%A8%D9%86%D8%AA-%D8%B9%D8%A8%D8%AF%D8%A7%D9%84%D9%88%D9%87%D8%A7%D8%A8-%D8%B9%D8%A8%D8%AF%D8%A7%D9%84%D8%B1%D8%AD%D9%85%D9%86-%D9%85%D8%B1%D8%B4%D8%AF" "Mozilla/5.0 (Windows NT 6.1) AppleWebKit/537.36 (KHTML, like Gecko) Chrome/61.0.3163.100 Safari/537.36"
151.255.102.207 - - [06/Oct/2017:17:42:05 +0000] "GET /img/logo.svg HTTP/1.1" 200 4023 "https://thesaudilaw.com/lawyers/%D9%86%D8%A7%D8%AF%D9%8A%D9%86-%D8%A8%D9%86%D8%AA-%D8%B9%D8%A8%D8%AF%D8%A7%D9%84%D9%88%D9%87%D8%A7%D8%A8-%D8%B9%D8%A8%D8%AF%D8%A7%D9%84%D8%B1%D8%AD%D9%85%D9%86-%D9%85%D8%B1%D8%B4%D8%AF" "Mozilla/5.0 (Windows NT 6.1) AppleWebKit/537.36 (KHTML, like Gecko) Chrome/61.0.3163.100 Safari/537.36"
151.255.102.207 - - [06/Oct/2017:17:42:05 +0000] "GET /js/app.js?id=616a35b9db9ae672e3b5 HTTP/1.1" 200 42188 "https://thesaudilaw.com/lawyers/%D9%86%D8%A7%D8%AF%D9%8A%D9%86-%D8%A8%D9%86%D8%AA-%D8%B9%D8%A8%D8%AF%D8%A7%D9%84%D9%88%D9%87%D8%A7%D8%A8-%D8%B9%D8%A8%D8%AF%D8%A7%D9%84%D8%B1%D8%AD%D9%85%D9%86-%D9%85%D8%B1%D8%B4%D8%AF" "Mozilla/5.0 (Windows NT 6.1) AppleWebKit/537.36 (KHTML, like Gecko) Chrome/61.0.3163.100 Safari/537.36"
151.255.102.207 - - [06/Oct/2017:17:42:05 +0000] "GET /img/avatar.jpg HTTP/1.1" 200 51270 "https://thesaudilaw.com/lawyers/%D9%86%D8%A7%D8%AF%D9%8A%D9%86-%D8%A8%D9%86%D8%AA-%D8%B9%D8%A8%D8%AF%D8%A7%D9%84%D9%88%D9%87%D8%A7%D8%A8-%D8%B9%D8%A8%D8%AF%D8%A7%D9%84%D8%B1%D8%AD%D9%85%D9%86-%D9%85%D8%B1%D8%B4%D8%AF" "Mozilla/5.0 (Windows NT 6.1) AppleWebKit/537.36 (KHTML, like Gecko) Chrome/61.0.3163.100 Safari/537.36"
151.255.102.207 - - [06/Oct/2017:17:42:06 +0000] "GET /fonts/vendor/font-awesome/fontawesome-webfont.woff2?af7ae505a9eed503f8b8e6982036873e HTTP/1.1" 200 77750 "https://thesaudilaw.com/css/app.css?id=ea2b7f26afe664d56a04" "Mozilla/5.0 (Windows NT 6.1) AppleWebKit/537.36 (KHTML, like Gecko) Chrome/61.0.3163.100 Safari/537.36"
151.255.102.207 - - [06/Oct/2017:17:42:05 +0000] "GET /js/vendor.js?id=f7400958569fae48befe HTTP/1.1" 200 252367 "https://thesaudilaw.com/lawyers/%D9%86%D8%A7%D8%AF%D9%8A%D9%86-%D8%A8%D9%86%D8%AA-%D8%B9%D8%A8%D8%AF%D8%A7%D9%84%D9%88%D9%87%D8%A7%D8%A8-%D8%B9%D8%A8%D8%AF%D8%A7%D9%84%D8%B1%D8%AD%D9%85%D9%86-%D9%85%D8%B1%D8%B4%D8%AF" "Mozilla/5.0 (Windows NT 6.1) AppleWebKit/537.36 (KHTML, like Gecko) Chrome/61.0.3163.100 Safari/537.36"
151.255.102.207 - - [06/Oct/2017:17:42:10 +0000] "GET /favicon-32x32.png HTTP/1.1" 200 1303 "https://thesaudilaw.com/lawyers/%D9%86%D8%A7%D8%AF%D9%8A%D9%86-%D8%A8%D9%86%D8%AA-%D8%B9%D8%A8%D8%AF%D8%A7%D9%84%D9%88%D9%87%D8%A7%D8%A8-%D8%B9%D8%A8%D8%AF%D8%A7%D9%84%D8%B1%D8%AD%D9%85%D9%86-%D9%85%D8%B1%D8%B4%D8%AF" "Mozilla/5.0 (Windows NT 6.1) AppleWebKit/537.36 (KHTML, like Gecko) Chrome/61.0.3163.100 Safari/537.36"
151.255.102.207 - - [06/Oct/2017:17:42:11 +0000] "GET /favicon-16x16.png HTTP/1.1" 200 996 "https://thesaudilaw.com/lawyers/%D9%86%D8%A7%D8%AF%D9%8A%D9%86-%D8%A8%D9%86%D8%AA-%D8%B9%D8%A8%D8%AF%D8%A7%D9%84%D9%88%D9%87%D8%A7%D8%A8-%D8%B9%D8%A8%D8%AF%D8%A7%D9%84%D8%B1%D8%AD%D9%85%D9%86-%D9%85%D8%B1%D8%B4%D8%AF" "Mozilla/5.0 (Windows NT 6.1) AppleWebKit/537.36 (KHTML, like Gecko) Chrome/61.0.3163.100 Safari/537.36"
151.255.102.207 - - [06/Oct/2017:17:42:31 +0000] "GET /lawyers HTTP/1.1" 200 7736 "https://thesaudilaw.com/lawyers/%D9%86%D8%A7%D8%AF%D9%8A%D9%86-%D8%A8%D9%86%D8%AA-%D8%B9%D8%A8%D8%AF%D8%A7%D9%84%D9%88%D9%87%D8%A7%D8%A8-%D8%B9%D8%A8%D8%AF%D8%A7%D9%84%D8%B1%D8%AD%D9%85%D9%86-%D9%85%D8%B1%D8%B4%D8%AF" "Mozilla/5.0 (Windows NT 6.1) AppleWebKit/537.36 (KHTML, like Gecko) Chrome/61.0.3163.100 Safari/537.36"
151.255.102.207 - - [06/Oct/2017:17:43:07 +0000] "GET /lawyers?gender=female HTTP/1.1" 200 6245 "https://thesaudilaw.com/lawyers" "Mozilla/5.0 (Windows NT 6.1) AppleWebKit/537.36 (KHTML, like Gecko) Chrome/61.0.3163.100 Safari/537.36"
151.255.102.207 - - [06/Oct/2017:17:43:41 +0000] "GET /lawyers?gender=female&page=2 HTTP/1.1" 200 6180 "https://thesaudilaw.com/lawyers?gender=female" "Mozilla/5.0 (Windows NT 6.1) AppleWebKit/537.36 (KHTML, like Gecko) Chrome/61.0.3163.100 Safari/537.36"
151.255.102.207 - - [06/Oct/2017:17:53:11 +0000] "GET /cases HTTP/1.1" 200 6741 "https://thesaudilaw.com/lawyers?gender=female&page=2" "Mozilla/5.0 (Windows NT 6.1) AppleWebKit/537.36 (KHTML, like Gecko) Chrome/61.0.3163.100 Safari/537.36"
151.255.102.207 - - [06/Oct/2017:17:53:17 +0000] "GET /documents HTTP/1.1" 200 4476 "https://thesaudilaw.com/cases" "Mozilla/5.0 (Windows NT 6.1) AppleWebKit/537.36 (KHTML, like Gecko) Chrome/61.0.3163.100 Safari/537.36"
151.255.102.207 - - [06/Oct/2017:17:53:20 +0000] "GET /codes HTTP/1.1" 200 6197 "https://thesaudilaw.com/documents" "Mozilla/5.0 (Windows NT 6.1) AppleWebKit/537.36 (KHTML, like Gecko) Chrome/61.0.3163.100 Safari/537.36"
151.255.102.207 - - [06/Oct/2017:17:53:39 +0000] "GET / HTTP/1.1" 200 4446 "https://thesaudilaw.com/codes" "Mozilla/5.0 (Windows NT 6.1) AppleWebKit/537.36 (KHTML, like Gecko) Chrome/61.0.3163.100 Safari/537.36"
66.249.79.17 - - [06/Oct/2017:18:04:12 +0000] "GET /lawyers/%D8%B3%D8%A7%D8%B9%D8%AF-%D8%A8%D9%86-%D9%85%D8%B1%D8%B2%D9%88%D9%82-%D9%85%D8%AD%D9%85%D8%AF-%D8%A7%D9%84%D8%BA%D8%A7%D9%85%D8%AF%D9%8A HTTP/1.1" 200 7441 "-" "Mozilla/5.0 (compatible; Googlebot/2.1; +http://www.google.com/bot.html)"
151.255.102.207 - - [06/Oct/2017:18:16:14 +0000] "GET /category/alanthm-alasasy HTTP/1.1" 200 7019 "https://thesaudilaw.com/" "Mozilla/5.0 (Windows NT 6.1) AppleWebKit/537.36 (KHTML, like Gecko) Chrome/61.0.3163.100 Safari/537.36"
151.255.102.207 - - [06/Oct/2017:18:16:16 +0000] "GET /codes/%D9%86%D8%B8%D8%A7%D9%85-%D9%85%D8%AC%D9%84%D8%B3-%D8%A7%D9%84%D8%B4%D9%88%D8%B1%D9%89-1412 HTTP/1.1" 200 8256 "https://thesaudilaw.com/category/alanthm-alasasy" "Mozilla/5.0 (Windows NT 6.1) AppleWebKit/537.36 (KHTML, like Gecko) Chrome/61.0.3163.100 Safari/537.36"
151.255.102.207 - - [06/Oct/2017:18:16:17 +0000] "GET /fonts/vendor/bootstrap/glyphicons-halflings-regular.woff2?448c34a56d699c29117adc64c43affeb HTTP/1.1" 200 18377 "https://thesaudilaw.com/css/app.css?id=ea2b7f26afe664d56a04" "Mozilla/5.0 (Windows NT 6.1) AppleWebKit/537.36 (KHTML, like Gecko) Chrome/61.0.3163.100 Safari/537.36"
151.255.102.207 - - [06/Oct/2017:18:16:36 +0000] "GET /documents HTTP/1.1" 200 4478 "https://thesaudilaw.com/category/alanthm-alasasy" "Mozilla/5.0 (Windows NT 6.1) AppleWebKit/537.36 (KHTML, like Gecko) Chrome/61.0.3163.100 Safari/537.36"
151.255.102.207 - - [06/Oct/2017:18:16:44 +0000] "GET /cases HTTP/1.1" 200 3704 "https://thesaudilaw.com/documents" "Mozilla/5.0 (Windows NT 6.1) AppleWebKit/537.36 (KHTML, like Gecko) Chrome/61.0.3163.100 Safari/537.36"
151.255.102.207 - - [06/Oct/2017:18:17:11 +0000] "GET / HTTP/1.1" 200 4442 "https://thesaudilaw.com/cases" "Mozilla/5.0 (Windows NT 6.1) AppleWebKit/537.36 (KHTML, like Gecko) Chrome/61.0.3163.100 Safari/537.36"
66.249.79.21 - - [06/Oct/2017:18:24:48 +0000] "GET /lawyers/%D8%AB%D8%A7%D9%85%D8%B1-%D8%A8%D9%86-%D8%B9%D8%A8%D8%AF-%D8%A7%D9%84%D9%84%D9%87-%D8%B5%D8%A7%D9%84%D8%AD-%D8%A7%D9%84%D8%B5%D9%8A%D8%AE%D8%A7%D9%86 HTTP/1.1" 200 7460 "-" "Mozilla/5.0 (compatible; Googlebot/2.1; +http://www.google.com/bot.html)"
66.249.79.27 - - [06/Oct/2017:18:28:18 +0000] "GET / HTTP/1.1" 200 7463 "-" "Mozilla/5.0 (Linux; Android 6.0.1; Nexus 5X Build/MMB29P) AppleWebKit/537.36 (KHTML, like Gecko) Chrome/41.0.2272.96 Mobile Safari/537.36 (compatible; Googlebot/2.1; +http://www.google.com/bot.html)"
66.249.79.16 - - [06/Oct/2017:18:33:29 +0000] "GET / HTTP/1.1" 301 586 "-" "Mozilla/5.0 (compatible; Googlebot/2.1; +http://www.google.com/bot.html)"
5.156.94.69 - - [06/Oct/2017:19:04:26 +0000] "GET /lawyers/%D8%A7%D9%84%D8%AC%D9%88%D9%87%D8%B1%D9%87-%D8%A8%D9%86%D8%AA-%D8%AC%D8%B2%D8%A7%D8%B9-%D9%85%D9%87%D9%84-%D8%A7%D9%84%D8%B9%D9%86%D8%B2%D9%8A HTTP/1.1" 200 7280 "-" "Mozilla/5.0 (iPhone; CPU iPhone OS 10_3_3 like Mac OS X) AppleWebKit/603.3.8 (KHTML, like Gecko) Version/10.0 Mobile/14G60 Safari/602.1"
5.156.94.69 - - [06/Oct/2017:19:04:26 +0000] "GET /css/app.css?id=ea2b7f26afe664d56a04 HTTP/1.1" 200 33869 "https://www.thesaudilaw.com/lawyers/%D8%A7%D9%84%D8%AC%D9%88%D9%87%D8%B1%D9%87-%D8%A8%D9%86%D8%AA-%D8%AC%D8%B2%D8%A7%D8%B9-%D9%85%D9%87%D9%84-%D8%A7%D9%84%D8%B9%D9%86%D8%B2%D9%8A" "Mozilla/5.0 (iPhone; CPU iPhone OS 10_3_3 like Mac OS X) AppleWebKit/603.3.8 (KHTML, like Gecko) Version/10.0 Mobile/14G60 Safari/602.1"
5.156.94.69 - - [06/Oct/2017:19:04:27 +0000] "GET /img/logo.svg HTTP/1.1" 200 4161 "https://www.thesaudilaw.com/lawyers/%D8%A7%D9%84%D8%AC%D9%88%D9%87%D8%B1%D9%87-%D8%A8%D9%86%D8%AA-%D8%AC%D8%B2%D8%A7%D8%B9-%D9%85%D9%87%D9%84-%D8%A7%D9%84%D8%B9%D9%86%D8%B2%D9%8A" "Mozilla/5.0 (iPhone; CPU iPhone OS 10_3_3 like Mac OS X) AppleWebKit/603.3.8 (KHTML, like Gecko) Version/10.0 Mobile/14G60 Safari/602.1"
5.156.94.69 - - [06/Oct/2017:19:04:27 +0000] "GET /js/manifest.js?id=00c9397dc4d2d4ed54de HTTP/1.1" 200 1359 "https://www.thesaudilaw.com/lawyers/%D8%A7%D9%84%D8%AC%D9%88%D9%87%D8%B1%D9%87-%D8%A8%D9%86%D8%AA-%D8%AC%D8%B2%D8%A7%D8%B9-%D9%85%D9%87%D9%84-%D8%A7%D9%84%D8%B9%D9%86%D8%B2%D9%8A" "Mozilla/5.0 (iPhone; CPU iPhone OS 10_3_3 like Mac OS X) AppleWebKit/603.3.8 (KHTML, like Gecko) Version/10.0 Mobile/14G60 Safari/602.1"
5.156.94.69 - - [06/Oct/2017:19:04:27 +0000] "GET /img/avatar.jpg HTTP/1.1" 200 51408 "https://www.thesaudilaw.com/lawyers/%D8%A7%D9%84%D8%AC%D9%88%D9%87%D8%B1%D9%87-%D8%A8%D9%86%D8%AA-%D8%AC%D8%B2%D8%A7%D8%B9-%D9%85%D9%87%D9%84-%D8%A7%D9%84%D8%B9%D9%86%D8%B2%D9%8A" "Mozilla/5.0 (iPhone; CPU iPhone OS 10_3_3 like Mac OS X) AppleWebKit/603.3.8 (KHTML, like Gecko) Version/10.0 Mobile/14G60 Safari/602.1"
5.156.94.69 - - [06/Oct/2017:19:04:27 +0000] "GET /js/app.js?id=616a35b9db9ae672e3b5 HTTP/1.1" 200 42188 "https://www.thesaudilaw.com/lawyers/%D8%A7%D9%84%D8%AC%D9%88%D9%87%D8%B1%D9%87-%D8%A8%D9%86%D8%AA-%D8%AC%D8%B2%D8%A7%D8%B9-%D9%85%D9%87%D9%84-%D8%A7%D9%84%D8%B9%D9%86%D8%B2%D9%8A" "Mozilla/5.0 (iPhone; CPU iPhone OS 10_3_3 like Mac OS X) AppleWebKit/603.3.8 (KHTML, like Gecko) Version/10.0 Mobile/14G60 Safari/602.1"
5.156.94.69 - - [06/Oct/2017:19:04:27 +0000] "GET /js/vendor.js?id=f7400958569fae48befe HTTP/1.1" 200 252214 "https://www.thesaudilaw.com/lawyers/%D8%A7%D9%84%D8%AC%D9%88%D9%87%D8%B1%D9%87-%D8%A8%D9%86%D8%AA-%D8%AC%D8%B2%D8%A7%D8%B9-%D9%85%D9%87%D9%84-%D8%A7%D9%84%D8%B9%D9%86%D8%B2%D9%8A" "Mozilla/5.0 (iPhone; CPU iPhone OS 10_3_3 like Mac OS X) AppleWebKit/603.3.8 (KHTML, like Gecko) Version/10.0 Mobile/14G60 Safari/602.1"
66.249.79.11 - - [06/Oct/2017:19:04:29 +0000] "GET / HTTP/1.1" 200 7462 "-" "Mozilla/5.0 (compatible; Googlebot/2.1; +http://www.google.com/bot.html)"
5.156.94.69 - - [06/Oct/2017:19:04:41 +0000] "GET /fonts/vendor/font-awesome/fontawesome-webfont.woff2?af7ae505a9eed503f8b8e6982036873e HTTP/1.1" 200 77750 "https://www.thesaudilaw.com/lawyers/%D8%A7%D9%84%D8%AC%D9%88%D9%87%D8%B1%D9%87-%D8%A8%D9%86%D8%AA-%D8%AC%D8%B2%D8%A7%D8%B9-%D9%85%D9%87%D9%84-%D8%A7%D9%84%D8%B9%D9%86%D8%B2%D9%8A" "Mozilla/5.0 (iPhone; CPU iPhone OS 10_3_3 like Mac OS X) AppleWebKit/603.3.8 (KHTML, like Gecko) Version/10.0 Mobile/14G60 Safari/602.1"
5.156.94.69 - - [06/Oct/2017:19:04:43 +0000] "GET /lawyers HTTP/1.1" 200 7575 "https://www.thesaudilaw.com/lawyers/%D8%A7%D9%84%D8%AC%D9%88%D9%87%D8%B1%D9%87-%D8%A8%D9%86%D8%AA-%D8%AC%D8%B2%D8%A7%D8%B9-%D9%85%D9%87%D9%84-%D8%A7%D9%84%D8%B9%D9%86%D8%B2%D9%8A" "Mozilla/5.0 (iPhone; CPU iPhone OS 10_3_3 like Mac OS X) AppleWebKit/603.3.8 (KHTML, like Gecko) Version/10.0 Mobile/14G60 Safari/602.1"
5.156.94.69 - - [06/Oct/2017:19:04:48 +0000] "GET /lawyers HTTP/1.1" 200 7594 "https://www.thesaudilaw.com/lawyers" "Mozilla/5.0 (iPhone; CPU iPhone OS 10_3_3 like Mac OS X) AppleWebKit/603.3.8 (KHTML, like Gecko) Version/10.0 Mobile/14G60 Safari/602.1"
5.156.94.69 - - [06/Oct/2017:19:05:08 +0000] "GET /lawyers?gender=female HTTP/1.1" 200 6247 "https://www.thesaudilaw.com/lawyers" "Mozilla/5.0 (iPhone; CPU iPhone OS 10_3_3 like Mac OS X) AppleWebKit/603.3.8 (KHTML, like Gecko) Version/10.0 Mobile/14G60 Safari/602.1"
66.249.79.21 - - [06/Oct/2017:19:19:48 +0000] "GET / HTTP/1.1" 200 7461 "-" "Mozilla/5.0 (Linux; Android 6.0.1; Nexus 5X Build/MMB29P) AppleWebKit/537.36 (KHTML, like Gecko) Chrome/41.0.2272.96 Mobile Safari/537.36 (compatible; Googlebot/2.1; +http://www.google.com/bot.html)"
66.249.79.27 - - [06/Oct/2017:19:25:09 +0000] "GET /codes/%D8%A7%D9%84%D9%86%D8%B8%D8%A7%D9%85-%D8%A7%D9%84%D9%85%D9%88%D8%AD%D8%AF-%D8%A8%D8%B4%D8%A3%D9%86-%D8%A7%D9%84%D9%85%D9%88%D8%A7%D8%AF-%D8%A7%D9%84%D9%85%D8%B3%D8%AA%D9%86%D9%81%D8%AF%D8%A9-%D9%84%D8%B7%D8%A8%D9%82%D8%A9-%D8%A7%D9%84%D8%A3%D9%88%D8%B2%D9%88%D9%86-%D9%84%D8%AF%D9%88%D9%84-%D9%85%D8%AC%D9%84%D8%B3-%D8%A7%D9%84%D8%AA%D8%B9%D8%A7%D9%88%D9%86-%D9%84%D8%AF%D9%88%D9%84-%D8%A7%D9%84%D8%AE%D9%84%D9%8A%D8%AC-%D8%A7%D9%84%D8%B9%D8%B1%D8%A8%D9%8A%D8%A9-%D8%A7%D9%84%D9%85%D8%B9%D8%AF%D9%84-1435 HTTP/1.1" 200 12970 "-" "Mozilla/5.0 (compatible; Googlebot/2.1; +http://www.google.com/bot.html)"
66.249.79.19 - - [06/Oct/2017:19:40:35 +0000] "GET /lawyers/%D8%B9%D8%A7%D8%B5%D9%85-%D8%A8%D9%86-%D9%86%D8%A7%D8%B5%D8%B1-%D8%B9%D8%A8%D8%AF-%D8%A7%D9%84%D9%84%D9%87-%D8%A7%D9%84%D9%82%D9%81%D8%A7%D8%B1%D9%8A HTTP/1.1" 200 7464 "-" "Mozilla/5.0 (compatible; Googlebot/2.1; +http://www.google.com/bot.html)"
66.249.79.28 - - [06/Oct/2017:19:50:19 +0000] "GET /codes/%D8%A7%D9%84%D9%86%D8%B8%D8%A7%D9%85-%D8%A7%D9%84%D9%85%D9%88%D8%AD%D8%AF-%D8%A8%D8%B4%D8%A3%D9%86-%D8%A7%D9%84%D9%85%D9%88%D8%A7%D8%AF-%D8%A7%D9%84%D9%85%D8%B3%D8%AA%D9%86%D9%81%D8%AF%D8%A9-%D9%84%D8%B7%D8%A8%D9%82%D8%A9-%D8%A7%D9%84%D8%A3%D9%88%D8%B2%D9%88%D9%86-%D9%84%D8%AF%D9%88%D9%84-%D9%85%D8%AC%D9%84%D8%B3-%D8%A7%D9%84%D8%AA%D8%B9%D8%A7%D9%88%D9%86-%D9%84%D8%AF%D9%88%D9%84-%D8%A7%D9%84%D8%AE%D9%84%D9%8A%D8%AC-%D8%A7%D9%84%D8%B9%D8%B1%D8%A8%D9%8A%D8%A9-%D8%A7%D9%84%D9%85%D8%B9%D8%AF%D9%84-1435 HTTP/1.1" 301 958 "-" "Mozilla/5.0 (compatible; Googlebot/2.1; +http://www.google.com/bot.html)"
66.249.79.23 - - [06/Oct/2017:19:59:42 +0000] "GET /codes/%D9%86%D8%B8%D8%A7%D9%85-%D8%A7%D9%84%D9%85%D8%A4%D8%B3%D8%B3%D8%A7%D8%AA-%D8%A7%D9%84%D8%B5%D8%AD%D9%81%D9%8A%D8%A9-1422 HTTP/1.1" 200 13241 "-" "Mozilla/5.0 (compatible; Googlebot/2.1; +http://www.google.com/bot.html)"
66.249.79.7 - - [06/Oct/2017:20:10:58 +0000] "GET / HTTP/1.1" 301 574 "-" "Mozilla/5.0 (compatible; Googlebot/2.1; +http://www.google.com/bot.html)"
66.249.79.17 - - [06/Oct/2017:20:10:59 +0000] "GET /robots.txt HTTP/1.1" 200 3534 "-" "Mozilla/5.0 (compatible; Googlebot/2.1; +http://www.google.com/bot.html)"
66.249.79.21 - - [06/Oct/2017:20:10:59 +0000] "GET / HTTP/1.1" 200 7464 "-" "Mozilla/5.0 (compatible; Googlebot/2.1; +http://www.google.com/bot.html)"
66.249.79.23 - - [06/Oct/2017:20:46:18 +0000] "GET / HTTP/1.1" 200 7469 "-" "Mozilla/5.0 (Linux; Android 6.0.1; Nexus 5X Build/MMB29P) AppleWebKit/537.36 (KHTML, like Gecko) Chrome/41.0.2272.96 Mobile Safari/537.36 (compatible; Googlebot/2.1; +http://www.google.com/bot.html)"
207.46.13.189 - - [06/Oct/2017:20:53:59 +0000] "GET /category/anthm-altak-oalsnaaa-oaltaadyn HTTP/1.1" 200 8059 "-" "Mozilla/5.0 (compatible; bingbot/2.0; +http://www.bing.com/bingbot.htm)"
66.249.79.19 - - [06/Oct/2017:20:56:22 +0000] "GET /lawyers/%D8%AD%D8%B3%D8%A7%D9%85-%D8%A8%D9%86-%D8%B9%D8%A8%D8%AF%D8%A7%D9%84%D9%84%D8%B7%D9%8A%D9%81-%D9%85%D8%AD%D9%85%D8%AF-%D8%A8%D9%86-%D8%BA%D9%8A%D8%AB HTTP/1.1" 200 7458 "-" "Mozilla/5.0 (compatible; Googlebot/2.1; +http://www.google.com/bot.html)"
66.249.79.17 - - [06/Oct/2017:21:02:11 +0000] "GET /lawyers/%D8%B5%D8%A7%D9%84%D8%AD-%D8%A8%D9%86-%D9%85%D8%AD%D9%85%D8%AF-%D8%B9%D8%A8%D8%AF-%D8%A7%D9%84%D9%84%D9%87-%D8%A7%D9%84%D8%B9%D8%B5%D9%8A%D9%84%D9%8A HTTP/1.1" 200 7454 "-" "Mozilla/5.0 (compatible; Googlebot/2.1; +http://www.google.com/bot.html)"
66.249.79.19 - - [06/Oct/2017:21:03:15 +0000] "GET /lawyers/%D8%B6%D8%A7%D8%B1%D9%8A-%D8%A8%D9%86-%D8%B3%D8%B9%D8%AF-%D9%85%D8%B7%D8%B1-%D8%A7%D9%84%D8%B9%D9%84%D9%88%D9%8A-%D8%A7%D9%84%D8%AD%D8%B1%D8%A8%D9%8A HTTP/1.1" 200 7455 "-" "Mozilla/5.0 (compatible; Googlebot/2.1; +http://www.google.com/bot.html)"
66.249.79.17 - - [06/Oct/2017:21:04:20 +0000] "GET /lawyers/%D8%AD%D8%B3%D8%A7%D9%85-%D8%A8%D9%86-%D8%B9%D8%A8%D8%AF-%D8%A7%D9%84%D8%B9%D8%B2%D9%8A%D8%B2-%D8%AD%D8%B3%D9%8A%D9%86-%D8%A8%D8%AE%D8%B1%D8%AC%D9%8A HTTP/1.1" 200 7468 "-" "Mozilla/5.0 (compatible; Googlebot/2.1; +http://www.google.com/bot.html)"
66.249.79.21 - - [06/Oct/2017:21:08:47 +0000] "GET /lawyers/%D8%B9%D8%A8%D8%AF-%D8%A7%D9%84%D8%B1%D8%AD%D9%85%D9%86-%D8%A8%D9%86-%D8%B3%D8%B9%D8%AF-%D8%B3%D8%B9%D9%8A%D8%AF-%D8%A7%D9%84%D8%B4%D8%B1%D9%8A%D9%81 HTTP/1.1" 200 7450 "-" "Mozilla/5.0 (compatible; Googlebot/2.1; +http://www.google.com/bot.html)"
66.249.79.27 - - [06/Oct/2017:21:26:59 +0000] "GET /robots.txt HTTP/1.1" 200 3534 "-" "Mozilla/5.0 (compatible; Googlebot/2.1; +http://www.google.com/bot.html)"
66.249.79.25 - - [06/Oct/2017:21:26:59 +0000] "GET / HTTP/1.1" 200 7464 "-" "Mozilla/5.0 (compatible; Googlebot/2.1; +http://www.google.com/bot.html)"
66.249.79.19 - - [06/Oct/2017:21:31:59 +0000] "GET / HTTP/1.1" 200 7458 "-" "Mozilla/5.0 (Linux; Android 6.0.1; Nexus 5X Build/MMB29P) AppleWebKit/537.36 (KHTML, like Gecko) Chrome/41.0.2272.96 Mobile Safari/537.36 (compatible; Googlebot/2.1; +http://www.google.com/bot.html)"
66.249.79.9 - - [06/Oct/2017:21:37:21 +0000] "GET / HTTP/1.1" 301 574 "-" "Mozilla/5.0 (compatible; Googlebot/2.1; +http://www.google.com/bot.html)"
66.249.79.21 - - [06/Oct/2017:21:37:22 +0000] "GET / HTTP/1.1" 200 7463 "-" "Mozilla/5.0 (compatible; Googlebot/2.1; +http://www.google.com/bot.html)"
66.249.79.17 - - [06/Oct/2017:22:00:56 +0000] "GET /lawyers/%D8%AD%D8%B3%D8%A7%D9%85-%D8%A8%D9%86-%D8%B5%D9%84%D8%A7%D8%AD-%D8%A5%D8%A8%D8%B1%D8%A7%D9%87%D9%8A%D9%85-%D8%A7%D9%84%D8%AD%D8%AC%D9%8A%D9%84%D8%A7%D9%86 HTTP/1.1" 200 7459 "-" "Mozilla/5.0 (compatible; Googlebot/2.1; +http://www.google.com/bot.html)"
66.249.79.23 - - [06/Oct/2017:22:02:49 +0000] "GET /documents?test=1&category=anthm-alzraaa-oalmyah-oalthroat-alhy&page=3 HTTP/1.1" 200 7497 "-" "Mozilla/5.0 (compatible; Googlebot/2.1; +http://www.google.com/bot.html)"
66.249.79.25 - - [06/Oct/2017:22:23:42 +0000] "GET /codes?category=anthm-altaalym-oalaalom HTTP/1.1" 200 9799 "-" "Mozilla/5.0 (compatible; Googlebot/2.1; +http://www.google.com/bot.html)"
66.249.79.21 - - [06/Oct/2017:22:48:38 +0000] "GET /lawyers/%D8%B3%D8%A7%D9%85%D9%8A-%D8%A8%D9%86-%D8%B9%D8%A8%D8%AF%D8%A7%D9%84%D9%84%D9%87-%D8%B9%D8%A8%D8%AF%D8%A7%D9%84%D8%B9%D8%B2%D9%8A%D8%B2-%D8%A7%D9%84%D9%85%D9%86%D9%8A%D9%81%D9%8A HTTP/1.1" 200 7462 "-" "Mozilla/5.0 (compatible; Googlebot/2.1; +http://www.google.com/bot.html)"
66.249.79.19 - - [06/Oct/2017:22:53:16 +0000] "GET /lawyers/%D8%B3%D8%A7%D9%85%D9%8A-%D8%A8%D9%86-%D8%B9%D8%A8%D8%AF%D8%A7%D9%84%D9%84%D9%87-%D8%B9%D8%A8%D8%AF%D8%A7%D9%84%D8%B9%D8%B2%D9%8A%D8%B2-%D8%A7%D9%84%D9%85%D9%86%D9%8A%D9%81%D9%8A/link HTTP/1.1" 302 4612 "-" "Mozilla/5.0 (compatible; Googlebot/2.1; +http://www.google.com/bot.html)"
66.249.79.17 - - [06/Oct/2017:22:53:17 +0000] "GET /login HTTP/1.1" 200 7195 "-" "Mozilla/5.0 (compatible; Googlebot/2.1; +http://www.google.com/bot.html)"
66.249.79.17 - - [06/Oct/2017:23:16:43 +0000] "GET /lawyers/%D8%B7%D8%A7%D8%B1%D9%82-%D8%A8%D9%86-%D8%B9%D8%A8%D8%AF%D8%A7%D9%84%D8%B9%D8%B2%D9%8A%D8%B2-%D8%AD%D9%85%D8%AF-%D8%A7%D9%84%D8%B1%D8%A7%D8%B4%D8%AF HTTP/1.1" 200 7455 "-" "Mozilla/5.0 (compatible; Googlebot/2.1; +http://www.google.com/bot.html)"
66.249.79.27 - - [06/Oct/2017:23:20:27 +0000] "GET / HTTP/1.1" 200 7475 "-" "Mozilla/5.0 (Linux; Android 6.0.1; Nexus 5X Build/MMB29P) AppleWebKit/537.36 (KHTML, like Gecko) Chrome/41.0.2272.96 Mobile Safari/537.36 (compatible; Googlebot/2.1; +http://www.google.com/bot.html)"
180.76.15.33 - - [06/Oct/2017:23:35:58 +0000] "GET / HTTP/1.1" 301 537 "-" "Mozilla/5.0 (compatible; Baiduspider/2.0; +http://www.baidu.com/search/spider.html)"
180.76.15.7 - - [06/Oct/2017:23:35:58 +0000] "GET / HTTP/1.1" 200 15777 "-" "Mozilla/5.0 (compatible; Baiduspider/2.0; +http://www.baidu.com/search/spider.html)"
66.249.79.23 - - [06/Oct/2017:23:40:32 +0000] "GET /lawyers/%D9%86%D8%A7%D8%B5%D8%B1-%D8%A8%D9%86-%D8%B7%D8%B1%D9%8A%D8%AF-%D8%AF%D8%AE%D9%8A%D9%84-%D8%A7%D9%84%D8%B5%D9%82%D8%B1%D9%8A-%D8%A7%D9%84%D8%B9%D9%86%D8%B2%D9%8A HTTP/1.1" 200 7458 "-" "Mozilla/5.0 (compatible; Googlebot/2.1; +http://www.google.com/bot.html)"
66.249.79.23 - - [06/Oct/2017:23:44:38 +0000] "GET / HTTP/1.1" 200 7459 "-" "Mozilla/5.0 (compatible; Googlebot/2.1; +http://www.google.com/bot.html)"
66.249.79.25 - - [06/Oct/2017:23:54:44 +0000] "GET /lawyers/%D9%86%D8%A7%D8%B5%D8%B1-%D8%A8%D9%86-%D9%85%D8%A7%D9%86%D8%B9-%D8%B9%D9%84%D9%8A-%D8%A2%D9%84-%D8%B1%D8%A7%D9%8A%D8%AD-%D8%A7%D9%84%D8%A3%D8%AD%D9%85%D8%B1%D9%8A HTTP/1.1" 200 7469 "-" "Mozilla/5.0 (compatible; Googlebot/2.1; +http://www.google.com/bot.html)"
66.249.79.21 - - [07/Oct/2017:00:04:34 +0000] "GET /lawyers/%D8%A8%D8%AE%D9%8A%D8%AA-%D8%A8%D9%86-%D9%81%D8%A7%D9%8A%D8%B2-%D9%85%D8%AD%D9%85%D8%AF-%D8%A7%D9%84%D9%85%D8%AF%D8%B1%D8%B9 HTTP/1.1" 200 7435 "-" "Mozilla/5.0 (compatible; Googlebot/2.1; +http://www.google.com/bot.html)"
66.249.79.25 - - [07/Oct/2017:00:08:14 +0000] "GET /documents/9 HTTP/1.1" 200 7696 "-" "Mozilla/5.0 (compatible; Googlebot/2.1; +http://www.google.com/bot.html)"
66.249.79.17 - - [07/Oct/2017:00:08:20 +0000] "GET /lawyers/%D8%A8%D8%AE%D9%8A%D8%AA-%D8%A8%D9%86-%D9%81%D8%A7%D9%8A%D8%B2-%D9%85%D8%AD%D9%85%D8%AF-%D8%A7%D9%84%D9%85%D8%AF%D8%B1%D8%B9/link HTTP/1.1" 302 4614 "-" "Mozilla/5.0 (compatible; Googlebot/2.1; +http://www.google.com/bot.html)"
66.249.79.19 - - [07/Oct/2017:00:08:20 +0000] "GET /login HTTP/1.1" 200 7186 "-" "Mozilla/5.0 (compatible; Googlebot/2.1; +http://www.google.com/bot.html)"
66.249.79.19 - - [07/Oct/2017:00:09:28 +0000] "GET / HTTP/1.1" 200 7461 "-" "Mozilla/5.0 (Linux; Android 6.0.1; Nexus 5X Build/MMB29P) AppleWebKit/537.36 (KHTML, like Gecko) Chrome/41.0.2272.96 Mobile Safari/537.36 (compatible; Googlebot/2.1; +http://www.google.com/bot.html)"
66.249.79.9 - - [07/Oct/2017:00:19:40 +0000] "GET / HTTP/1.1" 301 574 "-" "Mozilla/5.0 (compatible; Googlebot/2.1; +http://www.google.com/bot.html)"
66.249.79.17 - - [07/Oct/2017:00:19:41 +0000] "GET / HTTP/1.1" 200 7470 "-" "Mozilla/5.0 (compatible; Googlebot/2.1; +http://www.google.com/bot.html)"
66.249.79.27 - - [07/Oct/2017:00:21:34 +0000] "GET /codes?category=anthm-altshryfat-oalmrasm-oalslk-aldblomasy HTTP/1.1" 200 8562 "-" "Mozilla/5.0 (compatible; Googlebot/2.1; +http://www.google.com/bot.html)"
66.249.79.25 - - [07/Oct/2017:00:30:05 +0000] "GET /lawyers/%D8%B7%D9%84%D8%A7%D9%84-%D8%A8%D9%86-%D9%85%D9%88%D8%B3%D9%89-%D8%B4%D9%86%D9%8A%D9%81-%D8%A7%D9%84%D8%AB%D8%A7%D8%A8%D8%AA%D9%8A-%D8%A7%D9%84%D9%85%D8%A7%D9%84%D9%83%D9%8A HTTP/1.1" 200 7487 "-" "Mozilla/5.0 (compatible; Googlebot/2.1; +http://www.google.com/bot.html)"
66.249.79.17 - - [07/Oct/2017:00:32:30 +0000] "GET /lawyers/%D8%B7%D8%A7%D8%B1%D9%82-%D8%A8%D9%86-%D9%85%D8%AD%D9%85%D8%AF-%D8%B9%D8%A8%D8%AF%D8%A7%D9%84%D8%B1%D8%AD%D9%85%D9%86-%D8%A7%D9%84%D8%B4%D8%AF%D9%8A HTTP/1.1" 200 7451 "-" "Mozilla/5.0 (compatible; Googlebot/2.1; +http://www.google.com/bot.html)"
66.249.79.27 - - [07/Oct/2017:00:34:54 +0000] "GET /documents?category=anthm-almal-oalrkab HTTP/1.1" 200 7439 "-" "Mozilla/5.0 (compatible; Googlebot/2.1; +http://www.google.com/bot.html)"
66.249.79.25 - - [07/Oct/2017:00:36:17 +0000] "GET /codes/%D8%A7%D9%84%D9%84%D8%A7%D8%A6%D8%AD%D8%A9-%D8%A7%D9%84%D8%AA%D9%86%D9%81%D9%8A%D8%B0%D9%8A%D8%A9-%D9%84%D8%B6%D8%A8%D8%B7-%D8%A3%D8%B9%D9%85%D8%A7%D9%84-%D8%AA%D9%81%D8%AA%D9%8A%D8%B4-%D8%A7%D9%84%D8%B9%D9%85%D9%84-%D9%88%D8%AA%D9%86%D8%B8%D9%8A%D9%85%D9%87%D8%A7-1428 HTTP/1.1" 200 13863 "-" "Mozilla/5.0 (compatible; Googlebot/2.1; +http://www.google.com/bot.html)"
66.249.79.23 - - [07/Oct/2017:00:45:19 +0000] "GET /codes/%D8%AA%D9%86%D8%B8%D9%8A%D9%85-%D9%87%D9%8A%D8%A6%D8%A9-%D8%AA%D9%86%D9%85%D9%8A%D8%A9-%D8%A7%D9%84%D8%B5%D8%A7%D8%AF%D8%B1%D8%A7%D8%AA-%D8%A7%D9%84%D8%B3%D8%B9%D9%88%D8%AF%D9%8A%D8%A9-1428 HTTP/1.1" 200 11699 "-" "Mozilla/5.0 (compatible; Googlebot/2.1; +http://www.google.com/bot.html)"
66.249.79.19 - - [07/Oct/2017:01:05:31 +0000] "GET /lawyers/%D8%AD%D8%B3%D8%A7%D9%86-%D8%A8%D9%86-%D8%AB%D8%A7%D8%A8%D8%AA-%D8%B6%D8%A8%D9%8A%D8%A7%D9%86-%D8%A7%D9%84%D8%B1%D9%81%D8%A7%D8%B9%D9%8A HTTP/1.1" 200 7447 "-" "Mozilla/5.0 (compatible; Googlebot/2.1; +http://www.google.com/bot.html)"
66.249.79.17 - - [07/Oct/2017:01:07:43 +0000] "GET /lawyers/%D8%AD%D8%B3%D8%A7%D9%86-%D8%A8%D9%86-%D8%AB%D8%A7%D8%A8%D8%AA-%D8%B6%D8%A8%D9%8A%D8%A7%D9%86-%D8%A7%D9%84%D8%B1%D9%81%D8%A7%D8%B9%D9%8A/link HTTP/1.1" 302 4616 "-" "Mozilla/5.0 (compatible; Googlebot/2.1; +http://www.google.com/bot.html)"
66.249.79.21 - - [07/Oct/2017:01:07:44 +0000] "GET /login HTTP/1.1" 200 7190 "-" "Mozilla/5.0 (compatible; Googlebot/2.1; +http://www.google.com/bot.html)"
66.249.79.25 - - [07/Oct/2017:01:31:01 +0000] "GET / HTTP/1.1" 200 7473 "-" "Mozilla/5.0 (compatible; Googlebot/2.1; +http://www.google.com/bot.html)"
66.249.79.23 - - [07/Oct/2017:01:32:39 +0000] "GET /codes/%D9%86%D8%B8%D8%A7%D9%85-%D8%A7%D9%84%D8%AD%D9%85%D8%A7%D9%8A%D8%A9-%D9%85%D9%86-%D8%A7%D9%84%D8%A5%D9%8A%D8%B0%D8%A7%D8%A1-1434 HTTP/1.1" 200 11169 "-" "Mozilla/5.0 (compatible; Googlebot/2.1; +http://www.google.com/bot.html)"
66.249.79.21 - - [07/Oct/2017:01:48:17 +0000] "GET /lawyers/%D8%B5%D8%AE%D8%B1-%D8%A8%D9%86-%D8%B3%D9%84%D8%B7%D8%A7%D9%86-%D8%B9%D8%A8%D8%AF%D8%A7%D9%84%D9%84%D9%87-%D8%A7%D9%84%D8%B3%D8%AF%D9%8A%D8%B1%D9%8A HTTP/1.1" 200 7468 "-" "Mozilla/5.0 (compatible; Googlebot/2.1; +http://www.google.com/bot.html)"
66.249.79.19 - - [07/Oct/2017:02:26:38 +0000] "GET / HTTP/1.1" 200 7457 "-" "Mozilla/5.0 (Linux; Android 6.0.1; Nexus 5X Build/MMB29P) AppleWebKit/537.36 (KHTML, like Gecko) Chrome/41.0.2272.96 Mobile Safari/537.36 (compatible; Googlebot/2.1; +http://www.google.com/bot.html)"
66.249.79.21 - - [07/Oct/2017:02:47:08 +0000] "GET /lawyers?gender=male&page=30 HTTP/1.1" 200 10977 "-" "Mozilla/5.0 (compatible; Googlebot/2.1; +http://www.google.com/bot.html)"
66.249.79.9 - - [07/Oct/2017:03:02:19 +0000] "GET / HTTP/1.1" 301 574 "-" "Mozilla/5.0 (compatible; Googlebot/2.1; +http://www.google.com/bot.html)"
66.249.79.17 - - [07/Oct/2017:03:02:20 +0000] "GET / HTTP/1.1" 200 7468 "-" "Mozilla/5.0 (compatible; Googlebot/2.1; +http://www.google.com/bot.html)"
66.249.79.21 - - [07/Oct/2017:03:04:04 +0000] "GET /lawyers/%D8%B3%D8%A7%D9%84%D9%85-%D8%A8%D9%86-%D8%B9%D8%A8%D8%AF%D8%A7%D9%84%D9%84%D9%87-%D8%AD%D9%85%D9%8A%D8%AF-%D8%A7%D9%84%D8%B5%D8%A7%D8%B9%D8%AF%D9%8A HTTP/1.1" 200 7456 "-" "Mozilla/5.0 (compatible; Googlebot/2.1; +http://www.google.com/bot.html)"
66.249.79.23 - - [07/Oct/2017:03:56:39 +0000] "GET /codes/%D8%AA%D9%86%D8%B8%D9%8A%D9%85-%D9%87%D9%8A%D8%A6%D8%A9-%D8%AD%D9%82%D9%88%D9%82-%D8%A7%D9%84%D8%A7%D9%86%D8%B3%D8%A7%D9%86-1426 HTTP/1.1" 200 12517 "-" "Mozilla/5.0 (compatible; Googlebot/2.1; +http://www.google.com/bot.html)"
66.249.79.23 - - [07/Oct/2017:04:18:28 +0000] "GET / HTTP/1.1" 200 7473 "-" "Mozilla/5.0 (compatible; Googlebot/2.1; +http://www.google.com/bot.html)"
66.249.79.19 - - [07/Oct/2017:04:19:51 +0000] "GET /lawyers/%D8%B5%D9%84%D8%A7%D8%AD-%D8%A8%D9%86-%D8%B9%D8%A8%D8%AF%D8%A7%D9%84%D9%84%D9%87-%D8%B1%D8%A7%D8%B4%D8%AF-%D8%A7%D9%84%D8%A8%D9%88%D8%A7%D8%B1%D8%AF%D9%8A HTTP/1.1" 200 7461 "-" "Mozilla/5.0 (compatible; Googlebot/2.1; +http://www.google.com/bot.html)"
66.249.79.25 - - [07/Oct/2017:04:32:55 +0000] "GET /codes?category=anthm-altak-oalsnaaa-oaltaadyn HTTP/1.1" 200 10967 "-" "Mozilla/5.0 (Linux; Android 6.0.1; Nexus 5X Build/MMB29P) AppleWebKit/537.36 (KHTML, like Gecko) Chrome/41.0.2272.96 Mobile Safari/537.36 (compatible; Googlebot/2.1; +http://www.google.com/bot.html)"
95.185.148.204 - - [07/Oct/2017:04:51:49 +0000] "GET / HTTP/1.1" 200 7286 "https://r.search.yahoo.com/_ylt=AwrBT701XdhZ674A9ENx.9w4;_ylu=X3oDMTByNXM5bzY5BGNvbG8DYmYxBHBvcwMzBHZ0aWQDBHNlYwNzcg--/RV=2/RE=1507380662/RO=10/RU=https%3a%2f%2fthesaudilaw.com%2f/RK=1/RS=7pguMpkIwMICkoer68hMMz754hM-" "Mozilla/5.0 (iPhone; CPU iPhone OS 9_3_2 like Mac OS X) AppleWebKit/601.1.46 (KHTML, like Gecko) Version/9.0 Mobile/13F69 Safari/601.1"
95.185.148.204 - - [07/Oct/2017:04:51:50 +0000] "GET /css/app.css?id=ea2b7f26afe664d56a04 HTTP/1.1" 200 33869 "https://thesaudilaw.com/" "Mozilla/5.0 (iPhone; CPU iPhone OS 9_3_2 like Mac OS X) AppleWebKit/601.1.46 (KHTML, like Gecko) Version/9.0 Mobile/13F69 Safari/601.1"
95.185.148.204 - - [07/Oct/2017:04:51:50 +0000] "GET /js/app.js?id=616a35b9db9ae672e3b5 HTTP/1.1" 200 42326 "https://thesaudilaw.com/" "Mozilla/5.0 (iPhone; CPU iPhone OS 9_3_2 like Mac OS X) AppleWebKit/601.1.46 (KHTML, like Gecko) Version/9.0 Mobile/13F69 Safari/601.1"
95.185.148.204 - - [07/Oct/2017:04:51:50 +0000] "GET /js/manifest.js?id=00c9397dc4d2d4ed54de HTTP/1.1" 200 1359 "https://thesaudilaw.com/" "Mozilla/5.0 (iPhone; CPU iPhone OS 9_3_2 like Mac OS X) AppleWebKit/601.1.46 (KHTML, like Gecko) Version/9.0 Mobile/13F69 Safari/601.1"
95.185.148.204 - - [07/Oct/2017:04:51:50 +0000] "GET /img/logo.svg HTTP/1.1" 200 4161 "https://thesaudilaw.com/" "Mozilla/5.0 (iPhone; CPU iPhone OS 9_3_2 like Mac OS X) AppleWebKit/601.1.46 (KHTML, like Gecko) Version/9.0 Mobile/13F69 Safari/601.1"
95.185.148.204 - - [07/Oct/2017:04:51:50 +0000] "GET /js/vendor.js?id=f7400958569fae48befe HTTP/1.1" 200 252352 "https://thesaudilaw.com/" "Mozilla/5.0 (iPhone; CPU iPhone OS 9_3_2 like Mac OS X) AppleWebKit/601.1.46 (KHTML, like Gecko) Version/9.0 Mobile/13F69 Safari/601.1"
95.185.148.204 - - [07/Oct/2017:04:52:33 +0000] "GET /category/alanthm-alasasy HTTP/1.1" 200 3995 "https://thesaudilaw.com/" "Mozilla/5.0 (iPhone; CPU iPhone OS 9_3_2 like Mac OS X) AppleWebKit/601.1.46 (KHTML, like Gecko) Version/9.0 Mobile/13F69 Safari/601.1"
95.185.148.204 - - [07/Oct/2017:04:52:57 +0000] "GET /codes/%D8%A7%D9%84%D9%86%D8%B8%D8%A7%D9%85-%D8%A7%D9%84%D8%A3%D8%B3%D8%A7%D8%B3%D9%8A-%D9%84%D9%84%D8%AD%D9%83%D9%85-1412 HTTP/1.1" 200 11534 "https://thesaudilaw.com/category/alanthm-alasasy" "Mozilla/5.0 (iPhone; CPU iPhone OS 9_3_2 like Mac OS X) AppleWebKit/601.1.46 (KHTML, like Gecko) Version/9.0 Mobile/13F69 Safari/601.1"
95.185.148.204 - - [07/Oct/2017:04:53:00 +0000] "GET /fonts/vendor/bootstrap/glyphicons-halflings-regular.woff?fa2772327f55d8198301fdb8bcfc8158 HTTP/1.1" 200 23963 "https://thesaudilaw.com/codes/%D8%A7%D9%84%D9%86%D8%B8%D8%A7%D9%85-%D8%A7%D9%84%D8%A3%D8%B3%D8%A7%D8%B3%D9%8A-%D9%84%D9%84%D8%AD%D9%83%D9%85-1412" "Mozilla/5.0 (iPhone; CPU iPhone OS 9_3_2 like Mac OS X) AppleWebKit/601.1.46 (KHTML, like Gecko) Version/9.0 Mobile/13F69 Safari/601.1"
4.35.154.115 - - [07/Oct/2017:05:02:01 +0000] "GET /admin/test/elasticsearch HTTP/1.1" 200 7239 "-" "Mozilla/5.0 (Macintosh; Intel Mac OS X 10_13_0) AppleWebKit/537.36 (KHTML, like Gecko) Chrome/61.0.3163.100 Safari/537.36"
4.35.154.115 - - [07/Oct/2017:05:02:01 +0000] "GET /img/logo.svg HTTP/1.1" 304 3393 "https://thesaudilaw.com/admin/test/elasticsearch" "Mozilla/5.0 (Macintosh; Intel Mac OS X 10_13_0) AppleWebKit/537.36 (KHTML, like Gecko) Chrome/61.0.3163.100 Safari/537.36"
4.35.154.115 - - [07/Oct/2017:05:02:01 +0000] "GET /css/app.css?id=ea2b7f26afe664d56a04 HTTP/1.1" 200 33869 "https://thesaudilaw.com/admin/test/elasticsearch" "Mozilla/5.0 (Macintosh; Intel Mac OS X 10_13_0) AppleWebKit/537.36 (KHTML, like Gecko) Chrome/61.0.3163.100 Safari/537.36"
4.35.154.115 - - [07/Oct/2017:05:02:13 +0000] "GET /admin/test/elasticsearch?query=%D8%A7%D9%84%D8%B9%D9%84%D8%A7%D9%88%D8%A7%D8%AA HTTP/1.1" 200 7466 "https://thesaudilaw.com/admin/test/elasticsearch" "Mozilla/5.0 (Macintosh; Intel Mac OS X 10_13_0) AppleWebKit/537.36 (KHTML, like Gecko) Chrome/61.0.3163.100 Safari/537.36"
4.35.154.115 - - [07/Oct/2017:05:03:37 +0000] "GET /codes/%D9%86%D8%B8%D8%A7%D9%85-%D8%AE%D8%AF%D9%85%D8%A9-%D8%A7%D9%84%D8%A3%D9%81%D8%B1%D8%A7%D8%AF-1397 HTTP/1.1" 200 17674 "https://thesaudilaw.com/admin/test/elasticsearch?query=%D8%A7%D9%84%D8%B9%D9%84%D8%A7%D9%88%D8%A7%D8%AA" "Mozilla/5.0 (Macintosh; Intel Mac OS X 10_13_0) AppleWebKit/537.36 (KHTML, like Gecko) Chrome/61.0.3163.100 Safari/537.36"
4.35.154.115 - - [07/Oct/2017:05:03:38 +0000] "GET /fonts/vendor/bootstrap/glyphicons-halflings-regular.woff2?448c34a56d699c29117adc64c43affeb HTTP/1.1" 200 18377 "https://thesaudilaw.com/css/app.css?id=ea2b7f26afe664d56a04" "Mozilla/5.0 (Macintosh; Intel Mac OS X 10_13_0) AppleWebKit/537.36 (KHTML, like Gecko) Chrome/61.0.3163.100 Safari/537.36"
66.249.79.21 - - [07/Oct/2017:05:03:58 +0000] "GET / HTTP/1.1" 200 7458 "-" "Mozilla/5.0 (Linux; Android 6.0.1; Nexus 5X Build/MMB29P) AppleWebKit/537.36 (KHTML, like Gecko) Chrome/41.0.2272.96 Mobile Safari/537.36 (compatible; Googlebot/2.1; +http://www.google.com/bot.html)"
4.35.154.115 - - [07/Oct/2017:05:07:26 +0000] "GET /admin/test/elasticsearch HTTP/1.1" 200 7237 "-" "Mozilla/5.0 (Macintosh; Intel Mac OS X 10_13_0) AppleWebKit/537.36 (KHTML, like Gecko) Chrome/61.0.3163.100 Safari/537.36"
4.35.154.115 - - [07/Oct/2017:05:07:50 +0000] "GET /admin/test/elasticsearch?query=%D9%86%D8%B8%D8%A7%D9%85 HTTP/1.1" 200 9654 "https://thesaudilaw.com/admin/test/elasticsearch" "Mozilla/5.0 (Macintosh; Intel Mac OS X 10_13_0) AppleWebKit/537.36 (KHTML, like Gecko) Chrome/61.0.3163.100 Safari/537.36"
4.35.154.115 - - [07/Oct/2017:05:08:09 +0000] "GET /admin/test/elasticsearch?query=%D9%86%D8%B8%D8%A7%D9%85+%D8%A7%D9%84%D8%B4%D8%B1%D9%83%D8%A7%D8%AA HTTP/1.1" 200 9557 "https://thesaudilaw.com/admin/test/elasticsearch?query=%D9%86%D8%B8%D8%A7%D9%85" "Mozilla/5.0 (Macintosh; Intel Mac OS X 10_13_0) AppleWebKit/537.36 (KHTML, like Gecko) Chrome/61.0.3163.100 Safari/537.36"
66.249.79.7 - - [07/Oct/2017:05:23:42 +0000] "GET / HTTP/1.1" 301 574 "-" "Mozilla/5.0 (compatible; Googlebot/2.1; +http://www.google.com/bot.html)"
66.249.79.19 - - [07/Oct/2017:05:23:43 +0000] "GET / HTTP/1.1" 200 7467 "-" "Mozilla/5.0 (compatible; Googlebot/2.1; +http://www.google.com/bot.html)"
66.249.79.25 - - [07/Oct/2017:05:28:53 +0000] "GET /cases HTTP/1.1" 200 6726 "-" "Mozilla/5.0 (Linux; Android 6.0.1; Nexus 5X Build/MMB29P) AppleWebKit/537.36 (KHTML, like Gecko) Chrome/41.0.2272.96 Mobile Safari/537.36 (compatible; Googlebot/2.1; +http://www.google.com/bot.html)"
