90.148.247.231 - - [04/Oct/2017:13:51:15 +0000] "GET /css/app.css?id=ea2b7f26afe664d56a04 HTTP/1.1" 200 33869 "https://www.thesaudilaw.com/search?q=248" "Mozilla/5.0 (Linux; Android 7.0; SAMSUNG SM-G925I Build/NRD90M) AppleWebKit/537.36 (KHTML, like Gecko) SamsungBrowser/5.4 Chrome/51.0.2704.106 Mobile Safari/537.36"
90.148.247.231 - - [04/Oct/2017:13:51:16 +0000] "GET /js/vendor.js?id=f7400958569fae48befe HTTP/1.1" 200 252214 "https://www.thesaudilaw.com/search?q=248" "Mozilla/5.0 (Linux; Android 7.0; SAMSUNG SM-G925I Build/NRD90M) AppleWebKit/537.36 (KHTML, like Gecko) SamsungBrowser/5.4 Chrome/51.0.2704.106 Mobile Safari/537.36"
90.148.247.231 - - [04/Oct/2017:13:51:16 +0000] "GET /js/app.js?id=616a35b9db9ae672e3b5 HTTP/1.1" 200 42341 "https://www.thesaudilaw.com/search?q=248" "Mozilla/5.0 (Linux; Android 7.0; SAMSUNG SM-G925I Build/NRD90M) AppleWebKit/537.36 (KHTML, like Gecko) SamsungBrowser/5.4 Chrome/51.0.2704.106 Mobile Safari/537.36"
90.148.247.231 - - [04/Oct/2017:13:51:16 +0000] "GET /js/manifest.js?id=00c9397dc4d2d4ed54de HTTP/1.1" 200 1374 "https://www.thesaudilaw.com/search?q=248" "Mozilla/5.0 (Linux; Android 7.0; SAMSUNG SM-G925I Build/NRD90M) AppleWebKit/537.36 (KHTML, like Gecko) SamsungBrowser/5.4 Chrome/51.0.2704.106 Mobile Safari/537.36"
64.120.56.210 - - [04/Oct/2017:13:51:17 +0000] "GET /lawyers/%D8%AC%D8%A7%D8%A8%D8%B1-%D8%A8%D9%86-%D8%B9%D9%84%D9%8A-%D8%AC%D8%A7%D8%A8%D8%B1-%D8%AE%D8%A8%D8%B1%D8%A7%D9%86%D9%8A HTTP/1.1" 200 4334 "-" "Mozilla/5.0 (compatible; MJ12bot/v1.4.7; http://mj12bot.com/)"
90.148.247.231 - - [04/Oct/2017:13:51:20 +0000] "GET /manifest.json HTTP/1.1" 200 1064 "https://www.thesaudilaw.com/search?q=248" "Mozilla/5.0 (Linux; Android 7.0; SAMSUNG SM-G925I Build/NRD90M) AppleWebKit/537.36 (KHTML, like Gecko) SamsungBrowser/5.4 Chrome/51.0.2704.106 Mobile Safari/537.36"
90.148.247.231 - - [04/Oct/2017:13:51:23 +0000] "GET /search?q=%D8%B1%D9%82%D9%85+%D9%A2%D9%A4%D9%A8 HTTP/1.1" 200 3746 "https://www.thesaudilaw.com/documents?test=1&page=19" "Mozilla/5.0 (Linux; Android 7.0; SAMSUNG SM-G925I Build/NRD90M) AppleWebKit/537.36 (KHTML, like Gecko) SamsungBrowser/5.4 Chrome/51.0.2704.106 Mobile Safari/537.36"
64.120.56.210 - - [04/Oct/2017:13:51:23 +0000] "GET /lawyers/%D8%AC%D8%A7%D8%A8%D8%B1-%D8%A8%D9%86-%D8%B9%D9%84%D9%8A-%D8%B9%D8%A8%D8%AF%D8%A7%D9%84%D9%84%D9%87-%D8%A7%D8%A8%D9%88%D9%85%D8%AF%D8%B1%D9%87 HTTP/1.1" 200 4382 "-" "Mozilla/5.0 (compatible; MJ12bot/v1.4.7; http://mj12bot.com/)"
90.148.247.231 - - [04/Oct/2017:13:51:24 +0000] "GET /manifest.json HTTP/1.1" 200 911 "https://www.thesaudilaw.com/search?q=%D8%B1%D9%82%D9%85+%D9%A2%D9%A4%D9%A8" "Mozilla/5.0 (Linux; Android 7.0; SAMSUNG SM-G925I Build/NRD90M) AppleWebKit/537.36 (KHTML, like Gecko) SamsungBrowser/5.4 Chrome/51.0.2704.106 Mobile Safari/537.36"
90.148.247.231 - - [04/Oct/2017:13:51:24 +0000] "GET /documents?test=1&page=19 HTTP/1.1" 200 4491 "https://www.google.com.sa/" "Mozilla/5.0 (Linux; Android 7.0; SAMSUNG SM-G925I Build/NRD90M) AppleWebKit/537.36 (KHTML, like Gecko) SamsungBrowser/5.4 Chrome/51.0.2704.106 Mobile Safari/537.36"
90.148.247.231 - - [04/Oct/2017:13:51:27 +0000] "GET /manifest.json HTTP/1.1" 200 911 "https://www.thesaudilaw.com/documents?test=1&page=19" "Mozilla/5.0 (Linux; Android 7.0; SAMSUNG SM-G925I Build/NRD90M) AppleWebKit/537.36 (KHTML, like Gecko) SamsungBrowser/5.4 Chrome/51.0.2704.106 Mobile Safari/537.36"
64.120.56.210 - - [04/Oct/2017:13:51:31 +0000] "GET /lawyers/%D8%AC%D8%A7%D8%A8%D8%B1-%D8%A8%D9%86-%D9%8A%D8%B3%D9%84%D9%85-%D9%85%D8%A8%D8%A7%D8%B1%D9%83-%D8%B3%D8%B9%D9%88%D8%AF HTTP/1.1" 200 4366 "-" "Mozilla/5.0 (compatible; MJ12bot/v1.4.7; http://mj12bot.com/)"
90.148.247.231 - - [04/Oct/2017:13:51:38 +0000] "GET /documents?category=anthm-alsh HTTP/1.1" 200 4441 "https://www.thesaudilaw.com/documents?test=1&page=19" "Mozilla/5.0 (Linux; Android 7.0; SAMSUNG SM-G925I Build/NRD90M) AppleWebKit/537.36 (KHTML, like Gecko) SamsungBrowser/5.4 Chrome/51.0.2704.106 Mobile Safari/537.36"
64.120.56.210 - - [04/Oct/2017:13:51:39 +0000] "GET /lawyers/%D8%AC%D8%A7%D8%AF%D8%A7%D9%84%D9%84%D9%87-%D8%A8%D9%86-%D8%B1%D8%AF%D9%87-%D8%A7%D8%AD%D9%85%D8%AF-%D8%B9%D8%A8%D8%AF%D8%A7%D9%84%D9%84%D9%87-%D8%A7%D9%84%D8%AB%D8%A8%D9%8A%D8%AA%D9%8A HTTP/1.1" 200 4398 "-" "Mozilla/5.0 (compatible; MJ12bot/v1.4.7; http://mj12bot.com/)"
90.148.247.231 - - [04/Oct/2017:13:51:40 +0000] "GET /manifest.json HTTP/1.1" 200 1064 "https://www.thesaudilaw.com/documents?category=anthm-alsh" "Mozilla/5.0 (Linux; Android 7.0; SAMSUNG SM-G925I Build/NRD90M) AppleWebKit/537.36 (KHTML, like Gecko) SamsungBrowser/5.4 Chrome/51.0.2704.106 Mobile Safari/537.36"
64.120.56.210 - - [04/Oct/2017:13:51:47 +0000] "GET /lawyers/%D8%AC%D8%A7%D8%B1%D8%A7%D9%84%D9%84%D9%87-%D8%A8%D9%86-%D9%85%D8%AD%D9%85%D8%AF-%D8%B9%D9%84%D9%8A-%D8%A7%D9%84%D8%AC%D8%A7%D8%B1%D8%A7%D9%84%D9%84%D9%87 HTTP/1.1" 200 4366 "-" "Mozilla/5.0 (compatible; MJ12bot/v1.4.7; http://mj12bot.com/)"
90.148.247.231 - - [04/Oct/2017:13:51:50 +0000] "GET /documents?test=1&category=anthm-alsh&page=2 HTTP/1.1" 200 4465 "https://www.thesaudilaw.com/documents?category=anthm-alsh" "Mozilla/5.0 (Linux; Android 7.0; SAMSUNG SM-G925I Build/NRD90M) AppleWebKit/537.36 (KHTML, like Gecko) SamsungBrowser/5.4 Chrome/51.0.2704.106 Mobile Safari/537.36"
90.148.247.231 - - [04/Oct/2017:13:51:52 +0000] "GET /manifest.json HTTP/1.1" 200 1064 "https://www.thesaudilaw.com/documents?test=1&category=anthm-alsh&page=2" "Mozilla/5.0 (Linux; Android 7.0; SAMSUNG SM-G925I Build/NRD90M) AppleWebKit/537.36 (KHTML, like Gecko) SamsungBrowser/5.4 Chrome/51.0.2704.106 Mobile Safari/537.36"
64.120.56.210 - - [04/Oct/2017:13:52:01 +0000] "GET /lawyers/%D8%AC%D8%A7%D8%B3%D9%85-%D8%A8%D9%86-%D9%85%D8%AD%D9%85%D8%AF-%D8%AD%D8%B3%D9%86-%D8%A7%D9%84%D8%B9%D8%B7%D9%8A%D8%A9 HTTP/1.1" 200 4366 "-" "Mozilla/5.0 (compatible; MJ12bot/v1.4.7; http://mj12bot.com/)"
64.120.56.210 - - [04/Oct/2017:13:52:08 +0000] "GET /lawyers/%D8%AC%D8%A8%D9%8A%D8%B9-%D8%A8%D9%86-%D9%87%D8%A7%D8%AF%D9%8A-%D9%85%D8%B3%D8%B9%D9%88%D8%AF-%D8%A7%D9%84%D8%B3%D9%84%D9%88%D9%85 HTTP/1.1" 200 4366 "-" "Mozilla/5.0 (compatible; MJ12bot/v1.4.7; http://mj12bot.com/)"
64.120.56.210 - - [04/Oct/2017:13:52:16 +0000] "GET /lawyers/%D8%AC%D8%B1%D9%88%D8%A7%D9%86-%D8%A8%D9%86-%D8%B9%D8%A8%D8%AF-%D8%A7%D9%84%D9%84%D9%87-%D8%AD%D8%B3%D9%86-%D8%A7%D9%84%D9%87%D9%85%D8%B2%D8%A7%D9%86%D9%8A HTTP/1.1" 200 4382 "-" "Mozilla/5.0 (compatible; MJ12bot/v1.4.7; http://mj12bot.com/)"
64.120.56.210 - - [04/Oct/2017:13:52:21 +0000] "GET /lawyers/%D8%AC%D8%B2%D8%A7%D8%A1-%D8%A8%D9%86-%D9%81%D9%84%D8%A7%D8%AD-%D8%AC%D8%B2%D8%A7%D8%A1-%D8%A7%D9%84%D8%AE%D9%86%D9%81%D8%B1%D9%8A-%D8%A7%D9%84%D9%82%D8%AD%D8%B7%D8%A7%D9%86%D9%8A HTTP/1.1" 200 4260 "-" "Mozilla/5.0 (compatible; MJ12bot/v1.4.7; http://mj12bot.com/)"
64.120.56.210 - - [04/Oct/2017:13:52:28 +0000] "GET /lawyers/%D8%AC%D9%84%D8%A7%D9%84-%D8%A8%D9%86-%D8%B4%D8%A7%D9%85%D9%8A-%D8%B9%D9%84%D9%8A-%D8%A7%D9%84%D9%85%D9%87%D8%AF%D8%A7%D9%88%D9%8A-%D8%A7%D9%84%D8%B4%D8%B1%D9%8A%D9%81 HTTP/1.1" 200 4366 "-" "Mozilla/5.0 (compatible; MJ12bot/v1.4.7; http://mj12bot.com/)"
64.120.56.210 - - [04/Oct/2017:13:52:33 +0000] "GET /lawyers/%D8%AC%D9%85%D8%A7%D9%84-%D8%A8%D9%86-%D8%AD%D8%B3%D9%86-%D9%85%D8%AD%D9%85%D8%AF-%D8%B9%D9%84%D9%8A-%D9%81%D8%A7%D8%B1%D8%B3%D9%8A HTTP/1.1" 200 4228 "-" "Mozilla/5.0 (compatible; MJ12bot/v1.4.7; http://mj12bot.com/)"
90.148.247.231 - - [04/Oct/2017:13:52:50 +0000] "GET /documents?category=anthm-alsh HTTP/1.1" 200 4445 "https://www.thesaudilaw.com/documents?test=1&page=19" "Mozilla/5.0 (Linux; Android 7.0; SAMSUNG SM-G925I Build/NRD90M) AppleWebKit/537.36 (KHTML, like Gecko) SamsungBrowser/5.4 Chrome/51.0.2704.106 Mobile Safari/537.36"
90.148.247.231 - - [04/Oct/2017:13:52:52 +0000] "GET /documents?test=1&page=19 HTTP/1.1" 200 4495 "https://www.google.com.sa/" "Mozilla/5.0 (Linux; Android 7.0; SAMSUNG SM-G925I Build/NRD90M) AppleWebKit/537.36 (KHTML, like Gecko) SamsungBrowser/5.4 Chrome/51.0.2704.106 Mobile Safari/537.36"
64.120.56.210 - - [04/Oct/2017:13:52:58 +0000] "GET /lawyers/%D8%AC%D9%85%D8%A7%D9%84-%D8%A8%D9%86-%D8%B9%D8%A8%D8%AF-%D8%A7%D9%84%D9%84%D9%87-%D9%8A%D9%88%D8%B3%D9%81-%D8%A7%D9%84%D9%85%D8%B2%D9%8A%D9%86 HTTP/1.1" 200 4382 "-" "Mozilla/5.0 (compatible; MJ12bot/v1.4.7; http://mj12bot.com/)"
64.120.56.210 - - [04/Oct/2017:13:53:02 +0000] "GET /lawyers/%D8%AC%D9%85%D8%A7%D9%84-%D8%A8%D9%86-%D9%82%D8%A7%D8%B9%D8%AF-%D8%B5%D9%86%D8%AA-%D8%A7%D9%84%D8%BA%D8%A8%D9%8A%D9%88%D9%8A-%D8%A7%D9%84%D8%B9%D8%AA%D9%8A%D8%A8%D9%8A HTTP/1.1" 200 4244 "-" "Mozilla/5.0 (compatible; MJ12bot/v1.4.7; http://mj12bot.com/)"
64.120.56.210 - - [04/Oct/2017:13:53:10 +0000] "GET /lawyers/%D8%AC%D9%85%D8%A7%D9%84-%D8%A8%D9%86-%D9%85%D8%A8%D8%B1%D9%88%D9%83-%D8%B9%D9%84%D9%8A-%D8%A7%D9%84-%D8%B9%D8%B7%D9%8A%D9%87-%D8%A7%D9%84%D8%BA%D8%A7%D9%85%D8%AF%D9%8A HTTP/1.1" 200 4398 "-" "Mozilla/5.0 (compatible; MJ12bot/v1.4.7; http://mj12bot.com/)"
64.120.56.210 - - [04/Oct/2017:13:53:18 +0000] "GET /lawyers/%D8%AC%D9%85%D8%B9%D8%A7%D9%86-%D8%A8%D9%86-%D8%B3%D8%B9%D9%8A%D8%AF-%D8%B9%D9%84%D9%8A-%D8%A7%D9%84%D8%AD%D8%AC%D8%A7%D8%AC-%D8%A7%D9%84%D8%BA%D8%A7%D9%85%D8%AF%D9%8A HTTP/1.1" 200 4382 "-" "Mozilla/5.0 (compatible; MJ12bot/v1.4.7; http://mj12bot.com/)"
64.120.56.210 - - [04/Oct/2017:13:53:27 +0000] "GET /lawyers/%D8%AC%D9%85%D9%8A%D9%84-%D8%A8%D9%86-%D8%AE%D8%A7%D9%84%D8%AF-%D8%A7%D8%AD%D9%85%D8%AF-%D9%83%D8%A7%D8%A8%D9%84%D9%8A HTTP/1.1" 200 4366 "-" "Mozilla/5.0 (compatible; MJ12bot/v1.4.7; http://mj12bot.com/)"
64.120.56.210 - - [04/Oct/2017:13:53:33 +0000] "GET /lawyers/%D8%AC%D9%85%D9%8A%D9%84-%D8%A8%D9%86-%D9%85%D8%AD%D9%85%D8%AF-%D8%AC%D9%85%D9%8A%D9%84-%D8%AD%D9%84%D9%88%D8%A7%D9%86%D9%8A HTTP/1.1" 200 4350 "-" "Mozilla/5.0 (compatible; MJ12bot/v1.4.7; http://mj12bot.com/)"
66.249.79.23 - - [04/Oct/2017:13:53:36 +0000] "GET /lawyers/%D8%B3%D8%B9%D9%8A%D8%AF-%D8%A8%D9%86-%D8%B9%D8%A8%D8%AF%D8%A7%D9%84%D8%B9%D8%B2%D9%8A%D8%B2-%D8%B3%D8%B9%D9%8A%D8%AF-%D8%A7%D9%84%D8%BA%D8%B1%D9%8A%D8%A7%D9%81%D9%8A/link HTTP/1.1" 302 4630 "-" "Mozilla/5.0 (compatible; Googlebot/2.1; +http://www.google.com/bot.html)"
66.249.79.25 - - [04/Oct/2017:13:53:37 +0000] "GET /login HTTP/1.1" 200 7193 "-" "Mozilla/5.0 (compatible; Googlebot/2.1; +http://www.google.com/bot.html)"
64.120.56.210 - - [04/Oct/2017:13:53:40 +0000] "GET /lawyers/%D8%AC%D9%87%D8%A7%D8%AF-%D8%A8%D9%86-%D8%A3%D8%AD%D9%85%D8%AF-%D8%B3%D9%8A%D9%81-%D8%A7%D9%84%D8%AF%D9%8A%D9%86-%D8%AA%D8%B1%D9%83%D8%B3%D8%AA%D8%A7%D9%86%D9%8A HTTP/1.1" 200 4398 "-" "Mozilla/5.0 (compatible; MJ12bot/v1.4.7; http://mj12bot.com/)"
64.120.56.210 - - [04/Oct/2017:13:53:46 +0000] "GET /lawyers/%D8%AD%D8%A7%D8%AA%D9%85-%D8%A8%D9%86-%D8%A5%D8%A8%D8%B1%D8%A7%D9%87%D9%8A%D9%85-%D8%A3%D8%AD%D9%85%D8%AF-%D8%B4%D8%AA%D9%8A%D9%81%D9%8A HTTP/1.1" 200 4382 "-" "Mozilla/5.0 (compatible; MJ12bot/v1.4.7; http://mj12bot.com/)"
64.120.56.210 - - [04/Oct/2017:13:53:52 +0000] "GET /lawyers/%D8%AD%D8%A7%D8%AA%D9%85-%D8%A8%D9%86-%D8%A7%D8%A8%D8%B1%D8%A7%D9%87%D9%8A%D9%85-%D8%B9%D9%88%D8%B6%D9%87-%D8%A7%D9%84%D8%B4%D8%AF%D9%88%D9%89 HTTP/1.1" 200 4382 "-" "Mozilla/5.0 (compatible; MJ12bot/v1.4.7; http://mj12bot.com/)"
64.120.56.210 - - [04/Oct/2017:13:53:57 +0000] "GET /lawyers/%D8%AD%D8%A7%D8%B2%D9%85-%D8%A8%D9%86-%D8%A8%D9%87%D8%AC%D8%AA-%D8%AC%D9%85%D8%A7%D9%84-%D8%A7%D9%84%D9%85%D8%AF%D9%86%D9%8A HTTP/1.1" 200 4228 "-" "Mozilla/5.0 (compatible; MJ12bot/v1.4.7; http://mj12bot.com/)"
64.120.56.210 - - [04/Oct/2017:13:54:05 +0000] "GET /lawyers/%D8%AD%D8%A7%D8%B2%D9%85-%D8%A8%D9%86-%D8%AD%D8%B3%D9%86-%D9%85%D9%86%D8%B5%D9%88%D8%B1-%D8%A8%D9%87%D9%84%D9%88%D9%84-%D9%85%D8%AF%D8%AE%D9%84%D9%8A HTTP/1.1" 200 4366 "-" "Mozilla/5.0 (compatible; MJ12bot/v1.4.7; http://mj12bot.com/)"
64.120.56.210 - - [04/Oct/2017:13:54:13 +0000] "GET /lawyers/%D8%AD%D8%A7%D8%B2%D9%85-%D8%A8%D9%86-%D8%B9%D8%A8%D8%AF%D8%A7%D9%84%D9%84%D9%87-%D8%B1%D8%AC%D8%A8-%D8%A8%D9%86-%D8%B5%D8%A7%D8%AF%D9%82 HTTP/1.1" 200 4382 "-" "Mozilla/5.0 (compatible; MJ12bot/v1.4.7; http://mj12bot.com/)"
64.120.56.210 - - [04/Oct/2017:13:54:19 +0000] "GET /lawyers/%D8%AD%D8%A7%D8%B2%D9%85-%D8%A8%D9%86-%D8%B9%D8%A8%D8%AF%D8%A7%D9%84%D9%88%D9%87%D8%A7%D8%A8-%D8%B9%D8%A8%D8%AF-%D8%B1%D8%A8-%D8%A7%D9%84%D8%B1%D8%B3%D9%88%D9%84-%D9%83%D8%B1%D9%85 HTTP/1.1" 200 4398 "-" "Mozilla/5.0 (compatible; MJ12bot/v1.4.7; http://mj12bot.com/)"
64.120.56.210 - - [04/Oct/2017:13:54:24 +0000] "GET /lawyers/%D8%AD%D8%A7%D9%85%D8%AF-%D8%A8%D9%86-%D8%A5%D8%A8%D8%B1%D8%A7%D9%87%D9%8A%D9%85-%D8%B9%D9%8A%D8%B6%D9%87-%D8%A7%D9%84%D8%AD%D8%B3%D9%8A%D9%86-%D8%A7%D9%84%D8%AD%D8%A7%D8%B1%D8%AB%D9%8A HTTP/1.1" 200 4244 "-" "Mozilla/5.0 (compatible; MJ12bot/v1.4.7; http://mj12bot.com/)"
64.120.56.210 - - [04/Oct/2017:13:54:33 +0000] "GET /lawyers/%D8%AD%D8%A7%D9%85%D8%AF-%D8%A8%D9%86-%D8%A8%D8%AE%D8%AA-%D8%B9%D9%85%D8%B1%D8%A7%D9%86-%D8%A7%D9%84%D8%B9%D9%88%D9%81%D9%8A HTTP/1.1" 200 4366 "-" "Mozilla/5.0 (compatible; MJ12bot/v1.4.7; http://mj12bot.com/)"
64.120.56.210 - - [04/Oct/2017:13:54:38 +0000] "GET /lawyers/%D8%AD%D8%A7%D9%85%D8%AF-%D8%A8%D9%86-%D8%B3%D9%84%D9%8A%D9%85%D8%A7%D9%86-%D8%B9%D8%A8%D8%AF%D8%A7%D9%84%D8%B9%D8%B2%D9%8A%D8%B2-%D8%A7%D9%84%D8%BA%D9%85%D9%84%D8%A7%D8%B3 HTTP/1.1" 200 4260 "-" "Mozilla/5.0 (compatible; MJ12bot/v1.4.7; http://mj12bot.com/)"
64.120.56.210 - - [04/Oct/2017:13:54:46 +0000] "GET /lawyers/%D8%AD%D8%A7%D9%85%D8%AF-%D8%A8%D9%86-%D8%B9%D8%A8%D8%AF-%D8%A7%D9%84%D8%AD%D9%85%D9%8A%D8%AF-%D8%AD%D8%A7%D9%85%D8%AF-%D8%A7%D9%84%D8%AE%D8%B7%D9%8A%D8%A8 HTTP/1.1" 200 4366 "-" "Mozilla/5.0 (compatible; MJ12bot/v1.4.7; http://mj12bot.com/)"
66.249.79.26 - - [04/Oct/2017:13:54:46 +0000] "GET / HTTP/1.1" 301 586 "-" "Mozilla/5.0 (Linux; Android 6.0.1; Nexus 5X Build/MMB29P) AppleWebKit/537.36 (KHTML, like Gecko) Chrome/41.0.2272.96 Mobile Safari/537.36 (compatible; Googlebot/2.1; +http://www.google.com/bot.html)"
66.249.79.27 - - [04/Oct/2017:13:54:47 +0000] "GET / HTTP/1.1" 200 7470 "-" "Mozilla/5.0 (Linux; Android 6.0.1; Nexus 5X Build/MMB29P) AppleWebKit/537.36 (KHTML, like Gecko) Chrome/41.0.2272.96 Mobile Safari/537.36 (compatible; Googlebot/2.1; +http://www.google.com/bot.html)"
64.120.56.210 - - [04/Oct/2017:13:54:53 +0000] "GET /lawyers/%D8%AD%D8%A7%D9%85%D8%AF-%D8%A8%D9%86-%D9%85%D8%AD%D9%85%D8%AF-%D8%AD%D8%A7%D9%85%D8%AF-%D8%A7%D9%84%D9%87%D8%B1%D8%B3%D8%A7%D9%86%D9%8A HTTP/1.1" 200 4350 "-" "Mozilla/5.0 (compatible; MJ12bot/v1.4.7; http://mj12bot.com/)"
64.120.56.210 - - [04/Oct/2017:13:55:00 +0000] "GET /lawyers/%D8%AD%D8%A7%D9%85%D8%AF-%D8%A8%D9%86-%D9%85%D8%AD%D9%85%D8%AF-%D8%AD%D8%A7%D9%85%D8%AF-%D8%B3%D8%B1%D8%A7%D8%AC HTTP/1.1" 200 6826 "-" "Mozilla/5.0 (compatible; MJ12bot/v1.4.7; http://mj12bot.com/)"
64.120.56.210 - - [04/Oct/2017:13:55:06 +0000] "GET /lawyers/%D8%AD%D8%A7%D9%85%D8%AF-%D8%A8%D9%86-%D9%85%D8%AD%D9%85%D8%AF-%D9%85%D8%AA%D8%B9%D8%A8-%D8%A7%D9%84%D8%B9%D8%A8%D8%A7%D8%AF%D9%8A HTTP/1.1" 200 4366 "-" "Mozilla/5.0 (compatible; MJ12bot/v1.4.7; http://mj12bot.com/)"
64.120.56.210 - - [04/Oct/2017:13:55:10 +0000] "GET /lawyers/%D8%AD%D8%A7%D9%85%D8%AF-%D8%A8%D9%86-%D9%85%D8%AD%D9%85%D8%AF-%D9%85%D8%AD%D8%B3%D9%86-%D8%A7%D9%84%D9%86%D9%85%D8%B1%D9%8A HTTP/1.1" 200 4212 "-" "Mozilla/5.0 (compatible; MJ12bot/v1.4.7; http://mj12bot.com/)"
64.120.56.210 - - [04/Oct/2017:13:55:18 +0000] "GET /lawyers/%D8%AD%D8%A8%D9%8A%D8%A8-%D8%A8%D9%86-%D8%AD%D9%85%D8%AF-%D8%AD%D8%B3%D9%8A%D9%86-%D8%A7%D9%84-%D8%AD%D8%A8%D9%8A%D8%A8-%D8%A7%D9%84%D8%AF%D9%88%D8%B3%D8%B1%D9%8A HTTP/1.1" 200 4366 "-" "Mozilla/5.0 (compatible; MJ12bot/v1.4.7; http://mj12bot.com/)"
64.120.56.210 - - [04/Oct/2017:13:55:25 +0000] "GET /lawyers/%D8%AD%D8%B3%D8%A7%D9%85-%D8%A8%D9%86-%D8%A3%D8%AD%D9%85%D8%AF-%D9%85%D8%AD%D9%85%D8%AF-%D8%A8%D8%A7%D8%B3%D9%88%D8%AF%D8%A7%D9%86 HTTP/1.1" 200 4366 "-" "Mozilla/5.0 (compatible; MJ12bot/v1.4.7; http://mj12bot.com/)"
64.120.56.210 - - [04/Oct/2017:13:55:31 +0000] "GET /lawyers/%D8%AD%D8%B3%D8%A7%D9%85-%D8%A8%D9%86-%D8%B5%D9%84%D8%A7%D8%AD-%D8%A5%D8%A8%D8%B1%D8%A7%D9%87%D9%8A%D9%85-%D8%A7%D9%84%D8%AD%D8%AC%D9%8A%D9%84%D8%A7%D9%86 HTTP/1.1" 200 4382 "-" "Mozilla/5.0 (compatible; MJ12bot/v1.4.7; http://mj12bot.com/)"
64.120.56.210 - - [04/Oct/2017:13:55:38 +0000] "GET /lawyers/%D8%AD%D8%B3%D8%A7%D9%85-%D8%A8%D9%86-%D8%B7%D9%84%D8%A7%D9%84-%D8%A3%D9%85%D9%8A%D9%86-%D8%BA%D8%B2%D8%A7%D9%88%D9%8A HTTP/1.1" 200 4366 "-" "Mozilla/5.0 (compatible; MJ12bot/v1.4.7; http://mj12bot.com/)"
64.120.56.210 - - [04/Oct/2017:13:55:44 +0000] "GET /lawyers/%D8%AD%D8%B3%D8%A7%D9%85-%D8%A8%D9%86-%D8%B9%D8%A8%D8%AF-%D8%A7%D9%84%D8%B9%D8%B2%D9%8A%D8%B2-%D8%AD%D8%B3%D9%8A%D9%86-%D8%A8%D8%AE%D8%B1%D8%AC%D9%8A HTTP/1.1" 200 4382 "-" "Mozilla/5.0 (compatible; MJ12bot/v1.4.7; http://mj12bot.com/)"
64.120.56.210 - - [04/Oct/2017:13:55:50 +0000] "GET /lawyers/%D8%AD%D8%B3%D8%A7%D9%85-%D8%A8%D9%86-%D8%B9%D8%A8%D8%AF%D8%A7%D9%84%D9%84%D8%B7%D9%8A%D9%81-%D9%85%D8%AD%D9%85%D8%AF-%D8%A8%D9%86-%D8%BA%D9%8A%D8%AB HTTP/1.1" 200 4382 "-" "Mozilla/5.0 (compatible; MJ12bot/v1.4.7; http://mj12bot.com/)"
64.120.56.210 - - [04/Oct/2017:13:55:55 +0000] "GET /lawyers/%D8%AD%D8%B3%D8%A7%D9%85-%D8%A8%D9%86-%D8%B9%D8%A8%D8%AF%D8%A7%D9%84%D9%84%D9%87-%D9%85%D8%AD%D9%85%D8%AF-%D8%A7%D9%84%D9%81%D9%87%D9%8A%D8%AF HTTP/1.1" 200 4244 "-" "Mozilla/5.0 (compatible; MJ12bot/v1.4.7; http://mj12bot.com/)"
64.120.56.210 - - [04/Oct/2017:13:56:28 +0000] "GET /lawyers/%D8%AD%D8%B3%D8%A7%D9%85-%D8%A8%D9%86-%D9%85%D8%AD%D8%B3%D9%86-%D8%B9%D9%85%D8%B1-%D8%B3%D8%B1%D8%AD%D8%A7%D9%86 HTTP/1.1" 200 4350 "-" "Mozilla/5.0 (compatible; MJ12bot/v1.4.7; http://mj12bot.com/)"
64.120.56.210 - - [04/Oct/2017:13:56:34 +0000] "GET /lawyers/%D8%AD%D8%B3%D8%A7%D9%86-%D8%A8%D9%86-%D8%A5%D8%A8%D8%B1%D8%A7%D9%87%D9%8A%D9%85-%D9%85%D8%AD%D9%85%D8%AF-%D8%A7%D9%84%D8%B3%D9%8A%D9%81 HTTP/1.1" 200 4366 "-" "Mozilla/5.0 (compatible; MJ12bot/v1.4.7; http://mj12bot.com/)"
64.120.56.210 - - [04/Oct/2017:13:56:40 +0000] "GET /lawyers/%D8%AD%D8%B3%D8%A7%D9%86-%D8%A8%D9%86-%D8%AB%D8%A7%D8%A8%D8%AA-%D8%B6%D8%A8%D9%8A%D8%A7%D9%86-%D8%A7%D9%84%D8%B1%D9%81%D8%A7%D8%B9%D9%8A HTTP/1.1" 200 4366 "-" "Mozilla/5.0 (compatible; MJ12bot/v1.4.7; http://mj12bot.com/)"
64.120.56.210 - - [04/Oct/2017:13:56:46 +0000] "GET /lawyers/%D8%AD%D8%B3%D8%A7%D9%86-%D8%A8%D9%86-%D8%B9%D8%A8%D8%AF-%D8%A7%D9%84%D9%84%D9%87-%D8%A3%D8%AD%D9%85%D8%AF-%D8%AF%D8%AD%D9%84%D8%A7%D9%86 HTTP/1.1" 200 4366 "-" "Mozilla/5.0 (compatible; MJ12bot/v1.4.7; http://mj12bot.com/)"
64.120.56.210 - - [04/Oct/2017:13:56:52 +0000] "GET /lawyers/%D8%AD%D8%B3%D8%A7%D9%86-%D8%A8%D9%86-%D9%85%D8%AD%D9%85%D8%AF-%D8%B4%D9%88%D9%83%D8%AA-%D9%85%D8%AD%D8%A7%D8%B3%D9%86%D9%8A HTTP/1.1" 200 4350 "-" "Mozilla/5.0 (compatible; MJ12bot/v1.4.7; http://mj12bot.com/)"
64.120.56.210 - - [04/Oct/2017:13:57:00 +0000] "GET /lawyers/%D8%AD%D8%B3%D9%86-%D8%A8%D9%86-%D8%A7%D8%AD%D9%85%D8%AF-%D8%AD%D8%B1%D8%AC%D9%84-%D8%A7%D9%84%D9%81%D8%B5%D9%8A%D9%84%D9%8A HTTP/1.1" 200 4366 "-" "Mozilla/5.0 (compatible; MJ12bot/v1.4.7; http://mj12bot.com/)"
64.120.56.210 - - [04/Oct/2017:13:57:06 +0000] "GET /lawyers/%D8%AD%D8%B3%D9%86-%D8%A8%D9%86-%D8%A7%D8%AD%D9%85%D8%AF-%D8%B9%D8%A8%D9%8A%D8%AF-%D8%A7%D9%84%D8%AC%D8%AD%D8%AF%D9%84%D9%8A HTTP/1.1" 200 4366 "-" "Mozilla/5.0 (compatible; MJ12bot/v1.4.7; http://mj12bot.com/)"
64.120.56.210 - - [04/Oct/2017:13:57:10 +0000] "GET /lawyers/%D8%AD%D8%B3%D9%86-%D8%A8%D9%86-%D8%A7%D8%AD%D9%85%D8%AF-%D9%86%D8%A7%D8%B5%D8%B1-%D8%A7%D9%84%D8%AD%D8%B3%D9%8A%D9%86 HTTP/1.1" 200 4228 "-" "Mozilla/5.0 (compatible; MJ12bot/v1.4.7; http://mj12bot.com/)"
64.120.56.210 - - [04/Oct/2017:13:57:21 +0000] "GET /lawyers/%D8%AD%D8%B3%D9%86-%D8%A8%D9%86-%D8%AC%D9%85%D8%B9%D8%A7%D9%86-%D8%B1%D9%85%D8%B6%D8%A7%D9%86-%D8%A2%D9%84-%D9%86%D8%B5%D9%8A%D8%A8-%D8%A7%D9%84%D8%B2%D9%87%D8%B1%D8%A7%D9%86%D9%8A HTTP/1.1" 200 4398 "-" "Mozilla/5.0 (compatible; MJ12bot/v1.4.7; http://mj12bot.com/)"
64.120.56.210 - - [04/Oct/2017:13:57:27 +0000] "GET /lawyers/%D8%AD%D8%B3%D9%86-%D8%A8%D9%86-%D8%AD%D8%B3%D9%86-%D8%B9%D9%84%D9%8A-%D8%A7%D9%84-%D8%AE%D9%8A%D8%B1%D8%A7%D8%AA HTTP/1.1" 200 4350 "-" "Mozilla/5.0 (compatible; MJ12bot/v1.4.7; http://mj12bot.com/)"
64.120.56.210 - - [04/Oct/2017:13:57:32 +0000] "GET /lawyers/%D8%AD%D8%B3%D9%86-%D8%A8%D9%86-%D8%AD%D8%B3%D9%86-%D9%85%D8%AD%D9%85%D8%AF-%D8%A7%D9%84%D8%B9%D9%85%D8%B1%D9%8A HTTP/1.1" 200 4350 "-" "Mozilla/5.0 (compatible; MJ12bot/v1.4.7; http://mj12bot.com/)"
64.120.56.210 - - [04/Oct/2017:13:57:37 +0000] "GET /lawyers/%D8%B9%D8%A8%D8%AF%D8%A7%D9%84%D8%B9%D8%B2%D9%8A%D8%B2-%D8%A8%D9%86-%D9%85%D8%AD%D9%85%D8%AF-%D8%B9%D9%84%D9%8A-%D8%A7%D9%84%D8%B3%D9%87%D9%8A%D9%85%D9%8A-%D8%A7%D9%84%D9%82%D8%B1%D9%86%D9%8A HTTP/1.1" 200 4260 "-" "Mozilla/5.0 (compatible; MJ12bot/v1.4.7; http://mj12bot.com/)"
64.120.56.210 - - [04/Oct/2017:13:57:44 +0000] "GET /lawyers/%D8%B9%D8%A8%D8%AF%D8%A7%D9%84%D8%B9%D8%B2%D9%8A%D8%B2-%D8%A8%D9%86-%D9%85%D8%AD%D9%85%D8%AF-%D8%B9%D9%84%D9%8A-%D8%AD%D8%B3%D9%86-%D8%B3%D9%84%D9%83%D8%A7%D9%88%D9%8A HTTP/1.1" 200 4398 "-" "Mozilla/5.0 (compatible; MJ12bot/v1.4.7; http://mj12bot.com/)"
64.120.56.210 - - [04/Oct/2017:13:57:49 +0000] "GET /lawyers/%D8%B9%D8%A8%D8%AF%D8%A7%D9%84%D9%82%D8%A7%D8%AF%D8%B1-%D8%A8%D9%86-%D8%B9%D8%A8%D8%AF%D8%A7%D9%84%D9%84%D9%87-%D8%AC%D9%85%D8%B9%D8%A7%D9%86-%D8%A7%D9%84%D8%BA%D8%A7%D9%85%D8%AF%D9%8A HTTP/1.1" 200 4260 "-" "Mozilla/5.0 (compatible; MJ12bot/v1.4.7; http://mj12bot.com/)"
64.120.56.210 - - [04/Oct/2017:13:58:00 +0000] "GET /lawyers/%D8%B9%D8%A8%D8%AF%D8%A7%D9%84%D9%82%D8%A7%D8%AF%D8%B1-%D8%A8%D9%86-%D9%85%D8%AD%D9%85%D8%AF-%D8%B3%D9%8A%D8%AF-%D8%A7%D9%84%D8%A7%D9%85%D9%8A%D9%86 HTTP/1.1" 200 4382 "-" "Mozilla/5.0 (compatible; MJ12bot/v1.4.7; http://mj12bot.com/)"
64.120.56.210 - - [04/Oct/2017:13:58:04 +0000] "GET /lawyers/%D8%B9%D8%A8%D8%AF%D8%A7%D9%84%D9%83%D8%B1%D9%8A%D9%85-%D8%A8%D9%86-%D8%A3%D8%AD%D9%85%D8%AF-%D8%B9%D8%A8%D8%AF%D8%A7%D9%84%D9%84%D9%87-%D8%A2%D9%84-%D8%B4%D8%BA%D9%8A%D8%A8-%D8%A7%D9%84%D8%B4%D9%87%D8%B1%D9%8A HTTP/1.1" 200 4276 "-" "Mozilla/5.0 (compatible; MJ12bot/v1.4.7; http://mj12bot.com/)"
64.120.56.210 - - [04/Oct/2017:13:58:11 +0000] "GET /lawyers/%D8%B9%D8%A8%D8%AF%D8%A7%D9%84%D9%83%D8%B1%D9%8A%D9%85-%D8%A8%D9%86-%D8%A7%D8%A8%D8%B1%D8%A7%D9%87%D9%8A%D9%85-%D9%86%D8%A7%D8%B5%D8%B1-%D8%A7%D9%84%D8%B9%D8%B1%D9%8A%D9%86%D9%8A HTTP/1.1" 200 4382 "-" "Mozilla/5.0 (compatible; MJ12bot/v1.4.7; http://mj12bot.com/)"
64.120.56.210 - - [04/Oct/2017:13:58:17 +0000] "GET /lawyers/%D8%B9%D8%A8%D8%AF%D8%A7%D9%84%D9%83%D8%B1%D9%8A%D9%85-%D8%A8%D9%86-%D9%81%D9%8A%D8%AD%D8%A7%D9%86-%D8%B4%D8%A7%D9%84%D9%8A-%D8%A7%D9%84%D9%85%D8%B7%D9%8A%D8%B1%D9%8A HTTP/1.1" 200 4398 "-" "Mozilla/5.0 (compatible; MJ12bot/v1.4.7; http://mj12bot.com/)"
64.120.56.210 - - [04/Oct/2017:13:58:25 +0000] "GET /lawyers/%D8%B9%D8%A8%D8%AF%D8%A7%D9%84%D9%84%D8%B7%D9%8A%D9%81-%D8%A8%D9%86-%D8%B5%D8%A7%D9%84%D8%AD-%D9%85%D8%AD%D9%85%D8%AF-%D8%A7%D9%84%D8%B3%D9%88%D9%8A%D8%AF HTTP/1.1" 200 4382 "-" "Mozilla/5.0 (compatible; MJ12bot/v1.4.7; http://mj12bot.com/)"
64.120.56.210 - - [04/Oct/2017:13:58:29 +0000] "GET /lawyers/%D8%B9%D8%A8%D8%AF%D8%A7%D9%84%D9%84%D8%B7%D9%8A%D9%81-%D8%A8%D9%86-%D8%B5%D8%A7%D9%84%D8%AD-%D9%85%D8%AD%D9%85%D8%AF-%D8%A7%D9%84%D8%B9%D8%A7%D9%85%D8%B1 HTTP/1.1" 200 4244 "-" "Mozilla/5.0 (compatible; MJ12bot/v1.4.7; http://mj12bot.com/)"
64.120.56.210 - - [04/Oct/2017:13:58:36 +0000] "GET /lawyers/%D8%B9%D8%A8%D8%AF%D8%A7%D9%84%D9%84%D8%B7%D9%8A%D9%81-%D8%A8%D9%86-%D8%B9%D8%A8%D8%AF%D8%A7%D9%84%D9%84%D9%87-%D8%A7%D8%AD%D9%85%D8%AF-%D8%A7%D9%84%D8%A8%D8%A7%D8%B4 HTTP/1.1" 200 4382 "-" "Mozilla/5.0 (compatible; MJ12bot/v1.4.7; http://mj12bot.com/)"
64.120.56.210 - - [04/Oct/2017:13:58:42 +0000] "GET /lawyers/%D8%B9%D8%A8%D8%AF%D8%A7%D9%84%D9%84%D8%B7%D9%8A%D9%81-%D8%A8%D9%86-%D9%85%D8%A8%D8%A7%D8%B1%D9%83-%D8%B9%D9%84%D9%8A-%D8%A7%D9%84%D9%87%D8%A8%D9%88%D8%A8 HTTP/1.1" 200 4382 "-" "Mozilla/5.0 (compatible; MJ12bot/v1.4.7; http://mj12bot.com/)"
64.120.56.210 - - [04/Oct/2017:13:58:48 +0000] "GET /lawyers/%D8%B9%D8%A8%D8%AF%D8%A7%D9%84%D9%84%D9%87-%D8%A8%D9%86-%D8%A7%D8%AD%D9%85%D8%AF-%D8%B1%D8%B2%D9%82-%D8%A7%D9%84%D9%84%D9%87-%D8%A7%D9%84%D9%85%D9%88%D9%84%D8%AF HTTP/1.1" 200 4382 "-" "Mozilla/5.0 (compatible; MJ12bot/v1.4.7; http://mj12bot.com/)"
64.120.56.210 - - [04/Oct/2017:13:58:52 +0000] "GET /lawyers/%D8%B9%D8%A8%D8%AF%D8%A7%D9%84%D9%84%D9%87-%D8%A8%D9%86-%D8%A7%D8%AD%D9%85%D8%AF-%D8%B9%D8%A8%D8%AF%D8%A7%D9%84%D8%B1%D8%AD%D9%85%D9%86-%D8%A7%D9%84%D9%81%D8%AD%D8%A7%D9%85 HTTP/1.1" 200 4244 "-" "Mozilla/5.0 (compatible; MJ12bot/v1.4.7; http://mj12bot.com/)"
64.120.56.210 - - [04/Oct/2017:13:58:59 +0000] "GET /lawyers/%D8%B9%D8%A8%D8%AF%D8%A7%D9%84%D9%84%D9%87-%D8%A8%D9%86-%D8%A7%D8%AD%D9%85%D8%AF-%D9%85%D8%AD%D9%85%D8%AF-%D8%A7%D9%84%D8%B1%D8%B4%D9%88%D8%AF%D9%89 HTTP/1.1" 200 4382 "-" "Mozilla/5.0 (compatible; MJ12bot/v1.4.7; http://mj12bot.com/)"
64.120.56.210 - - [04/Oct/2017:13:59:04 +0000] "GET /lawyers/%D8%B9%D8%A8%D8%AF%D8%A7%D9%84%D9%84%D9%87-%D8%A8%D9%86-%D8%AD%D8%A7%D9%85%D8%AF-%D8%B9%D8%A8%D8%AF%D8%A7%D9%84%D9%84%D9%87-%D8%A7%D9%84%D8%B9%D9%8A%D8%B3%D9%89 HTTP/1.1" 200 4244 "-" "Mozilla/5.0 (compatible; MJ12bot/v1.4.7; http://mj12bot.com/)"
64.120.56.210 - - [04/Oct/2017:13:59:08 +0000] "GET /lawyers/%D8%B9%D8%A8%D8%AF%D8%A7%D9%84%D9%84%D9%87-%D8%A8%D9%86-%D8%AD%D8%AC%D8%A7%D8%AC-%D8%A7%D8%A8%D8%B1%D8%A7%D9%87%D9%8A%D9%85-%D8%A7%D9%84%D8%AB%D9%86%D9%8A%D8%A7%D9%86 HTTP/1.1" 200 4260 "-" "Mozilla/5.0 (compatible; MJ12bot/v1.4.7; http://mj12bot.com/)"
64.120.56.210 - - [04/Oct/2017:13:59:16 +0000] "GET /lawyers/%D8%B9%D8%A8%D8%AF%D8%A7%D9%84%D9%84%D9%87-%D8%A8%D9%86-%D8%AD%D8%B3%D9%8A%D9%86-%D9%85%D8%AC%D8%B1%D9%8A-%D8%A7%D9%84%D8%B3%D8%A8%D9%8A%D8%B9%D9%8A HTTP/1.1" 200 4382 "-" "Mozilla/5.0 (compatible; MJ12bot/v1.4.7; http://mj12bot.com/)"
64.120.56.210 - - [04/Oct/2017:13:59:20 +0000] "GET /lawyers/%D8%B9%D8%A8%D8%AF%D8%A7%D9%84%D9%84%D9%87-%D8%A8%D9%86-%D8%AD%D9%85%D8%B2%D9%87-%D8%B9%D8%A8%D8%AF%D8%A7%D9%84%D8%AD%D9%85%D9%8A%D8%AF-%D8%AD%D8%B3%D9%8A%D9%86 HTTP/1.1" 200 4244 "-" "Mozilla/5.0 (compatible; MJ12bot/v1.4.7; http://mj12bot.com/)"
64.120.56.210 - - [04/Oct/2017:14:02:09 +0000] "GET /lawyers/%D8%B9%D8%A8%D8%AF%D8%A7%D9%84%D9%84%D9%87-%D8%A8%D9%86-%D8%AD%D9%85%D9%88%D8%AF-%D9%85%D8%B1%D8%B2%D9%88%D9%82-%D8%A7%D9%84%D9%84%D9%87%D9%8A%D8%A8%D9%8A HTTP/1.1" 200 6874 "-" "Mozilla/5.0 (compatible; MJ12bot/v1.4.7; http://mj12bot.com/)"
64.120.56.210 - - [04/Oct/2017:14:02:17 +0000] "GET /lawyers/%D8%B9%D8%A8%D8%AF%D8%A7%D9%84%D9%84%D9%87-%D8%A8%D9%86-%D8%B3%D8%B9%D9%8A%D8%AF-%D8%B9%D8%A8%D8%AF%D8%A7%D9%84%D9%84%D9%87-%D8%A3%D8%A8%D9%88-%D9%85%D8%A7%D9%84%D8%AD-%D8%A7%D9%84%D9%82%D8%AD%D8%B7%D8%A7%D9%86%D9%8A HTTP/1.1" 200 4414 "-" "Mozilla/5.0 (compatible; MJ12bot/v1.4.7; http://mj12bot.com/)"
64.120.56.210 - - [04/Oct/2017:14:02:22 +0000] "GET /lawyers/%D8%B9%D8%A8%D8%AF%D8%A7%D9%84%D9%84%D9%87-%D8%A8%D9%86-%D8%B3%D8%B9%D9%8A%D8%AF-%D8%BA%D8%B1%D9%85-%D8%A7%D9%84%D9%84%D9%87-%D8%A7%D9%84%D8%AC%D8%A8%D9%84%D9%8A-%D8%A7%D9%84%D8%BA%D8%A7%D9%85%D8%AF%D9%8A HTTP/1.1" 200 4276 "-" "Mozilla/5.0 (compatible; MJ12bot/v1.4.7; http://mj12bot.com/)"
64.120.56.210 - - [04/Oct/2017:14:02:30 +0000] "GET /lawyers/%D8%B9%D8%A8%D8%AF%D8%A7%D9%84%D9%84%D9%87-%D8%A8%D9%86-%D8%B3%D9%84%D9%8A%D9%85%D8%A7%D9%86-%D8%AD%D9%85%D8%AF-%D8%A7%D9%84%D8%B1%D8%A8%D9%8A%D8%B4 HTTP/1.1" 200 4382 "-" "Mozilla/5.0 (compatible; MJ12bot/v1.4.7; http://mj12bot.com/)"
64.120.56.210 - - [04/Oct/2017:14:02:43 +0000] "GET /lawyers/%D8%B9%D8%A8%D8%AF%D8%A7%D9%84%D9%84%D9%87-%D8%A8%D9%86-%D8%B3%D9%84%D9%8A%D9%85%D8%A7%D9%86-%D9%85%D8%AD%D9%85%D8%AF-%D8%A7%D9%84%D8%AC%D8%B1%D9%8A%D8%B4 HTTP/1.1" 200 4382 "-" "Mozilla/5.0 (compatible; MJ12bot/v1.4.7; http://mj12bot.com/)"
64.120.56.210 - - [04/Oct/2017:14:02:49 +0000] "GET /lawyers/%D8%B9%D8%A8%D8%AF%D8%A7%D9%84%D9%84%D9%87-%D8%A8%D9%86-%D8%B3%D9%84%D9%8A%D9%85%D8%A7%D9%86-%D9%85%D8%AD%D9%85%D8%AF-%D8%A7%D9%84%D8%B3%D9%83%D8%A7%D9%83%D8%B1 HTTP/1.1" 200 4382 "-" "Mozilla/5.0 (compatible; MJ12bot/v1.4.7; http://mj12bot.com/)"
64.120.56.210 - - [04/Oct/2017:14:02:56 +0000] "GET /lawyers/%D8%B9%D8%A8%D8%AF%D8%A7%D9%84%D9%84%D9%87-%D8%A8%D9%86-%D8%B3%D9%84%D9%8A%D9%85%D8%A7%D9%86-%D9%86%D8%A7%D8%B5%D8%B1-%D8%A7%D9%84%D8%AE%D9%84%D9%8A%D9%88%D9%8A HTTP/1.1" 200 4398 "-" "Mozilla/5.0 (compatible; MJ12bot/v1.4.7; http://mj12bot.com/)"
64.120.56.210 - - [04/Oct/2017:14:03:03 +0000] "GET /lawyers/%D8%B9%D8%A8%D8%AF%D8%A7%D9%84%D9%84%D9%87-%D8%A8%D9%86-%D8%B3%D9%88%D8%AF%D8%A7%D9%86-%D8%A7%D9%84%D9%85%D9%88%D9%8A%D9%87%D9%8A-%D8%A7%D9%84%D9%85%D8%B1%D8%B4%D8%AF%D9%8A-%D8%A7%D9%84%D8%B9%D8%AA%D9%8A%D8%A8%D9%8A HTTP/1.1" 200 4398 "-" "Mozilla/5.0 (compatible; MJ12bot/v1.4.7; http://mj12bot.com/)"
64.120.56.210 - - [04/Oct/2017:14:03:10 +0000] "GET /lawyers/%D8%B9%D8%A8%D8%AF%D8%A7%D9%84%D9%84%D9%87-%D8%A8%D9%86-%D8%B3%D9%8A%D9%81-%D8%A7%D9%84%D8%AF%D9%8A%D9%86-%D8%B7%D9%84%D8%B9%D9%87-%D8%A7%D9%84%D8%A8%D8%B1%D8%BA%D9%88%D8%AB%D9%89 HTTP/1.1" 200 4398 "-" "Mozilla/5.0 (compatible; MJ12bot/v1.4.7; http://mj12bot.com/)"
64.120.56.210 - - [04/Oct/2017:14:03:19 +0000] "GET /lawyers/%D8%B9%D8%A8%D8%AF%D8%A7%D9%84%D9%84%D9%87-%D8%A8%D9%86-%D8%B5%D8%A7%D9%84%D8%AD-%D8%B9%D8%A8%D8%AF%D8%A7%D9%84%D9%84%D9%87-%D8%A7%D9%84%D8%AF%D8%B1%D9%88%D9%8A%D8%B4 HTTP/1.1" 200 4382 "-" "Mozilla/5.0 (compatible; MJ12bot/v1.4.7; http://mj12bot.com/)"
64.120.56.210 - - [04/Oct/2017:14:03:25 +0000] "GET /lawyers/%D8%B9%D8%A8%D8%AF%D8%A7%D9%84%D9%84%D9%87-%D8%A8%D9%86-%D8%B5%D8%A7%D9%84%D8%AD-%D8%B9%D8%B7%D9%8A%D9%87-%D8%A7%D9%84%D9%83%D9%86%D8%A7%D9%86%D9%8A-%D8%A7%D9%84%D8%B2%D9%87%D8%B1%D8%A7%D9%86%D9%8A HTTP/1.1" 200 4398 "-" "Mozilla/5.0 (compatible; MJ12bot/v1.4.7; http://mj12bot.com/)"
64.120.56.210 - - [04/Oct/2017:14:03:32 +0000] "GET /lawyers/%D8%B9%D8%A8%D8%AF%D8%A7%D9%84%D9%84%D9%87-%D8%A8%D9%86-%D8%B5%D8%A7%D9%84%D8%AD-%D9%85%D8%AD%D9%85%D8%AF-%D8%A7%D9%84%D8%AA%D9%88%D9%8A%D9%85 HTTP/1.1" 200 4382 "-" "Mozilla/5.0 (compatible; MJ12bot/v1.4.7; http://mj12bot.com/)"
64.120.56.210 - - [04/Oct/2017:14:03:38 +0000] "GET /lawyers/%D8%B9%D8%A8%D8%AF%D8%A7%D9%84%D9%84%D9%87-%D8%A8%D9%86-%D8%B5%D8%A7%D9%84%D8%AD-%D9%85%D8%AD%D9%85%D8%AF-%D8%A7%D9%84%D8%AD%D9%85%D9%88%D8%AF HTTP/1.1" 200 4366 "-" "Mozilla/5.0 (compatible; MJ12bot/v1.4.7; http://mj12bot.com/)"
64.120.56.210 - - [04/Oct/2017:14:03:41 +0000] "GET /lawyers/%D8%B9%D8%A8%D8%AF%D8%A7%D9%84%D9%84%D9%87-%D8%A8%D9%86-%D8%B9%D8%A8%D8%AF%D8%A7%D9%84%D8%B1%D8%AD%D9%85%D9%86-%D8%B1%D9%85%D8%B6%D8%A7%D9%86-%D8%A7%D9%84%D9%85%D8%B1%D8%B2%D9%88%D9%82 HTTP/1.1" 200 4260 "-" "Mozilla/5.0 (compatible; MJ12bot/v1.4.7; http://mj12bot.com/)"
64.120.56.210 - - [04/Oct/2017:14:03:49 +0000] "GET /lawyers/%D8%B9%D8%A8%D8%AF%D8%A7%D9%84%D9%84%D9%87-%D8%A8%D9%86-%D8%B9%D8%A8%D8%AF%D8%A7%D9%84%D8%B9%D8%B2%D9%8A%D8%B2-%D8%A7%D8%A8%D8%B1%D8%A7%D9%87%D9%8A%D9%85-%D8%A7%D9%84%D9%8A%D8%AD%D9%8A HTTP/1.1" 200 4398 "-" "Mozilla/5.0 (compatible; MJ12bot/v1.4.7; http://mj12bot.com/)"
64.120.56.210 - - [04/Oct/2017:14:03:56 +0000] "GET /lawyers/%D8%B9%D8%A8%D8%AF%D8%A7%D9%84%D9%84%D9%87-%D8%A8%D9%86-%D8%B9%D9%81%D9%86%D8%A7%D9%86-%D8%B3%D9%84%D9%8A%D9%85%D8%A7%D9%86-%D8%A7%D9%84%D8%B9%D8%B7%D9%88%D9%8A HTTP/1.1" 200 4382 "-" "Mozilla/5.0 (compatible; MJ12bot/v1.4.7; http://mj12bot.com/)"
64.120.56.210 - - [04/Oct/2017:14:04:06 +0000] "GET /lawyers/%D8%B9%D8%A8%D8%AF%D8%A7%D9%84%D9%84%D9%87-%D8%A8%D9%86-%D8%B9%D9%84%D9%8A%D8%AB%D9%87-%D8%AB%D8%A7%D9%85%D8%B1-%D8%A7%D9%84%D8%A2%D8%AD%D9%85%D8%AF%D9%8A-%D8%A7%D9%84%D8%AD%D8%B1%D8%A8%D9%8A HTTP/1.1" 200 4414 "-" "Mozilla/5.0 (compatible; MJ12bot/v1.4.7; http://mj12bot.com/)"
64.120.56.210 - - [04/Oct/2017:14:04:12 +0000] "GET /lawyers/%D8%B9%D8%A8%D8%AF%D8%A7%D9%84%D9%84%D9%87-%D8%A8%D9%86-%D8%B9%D9%88%D8%B6-%D8%B5%D9%84%D8%A7%D8%AD-%D8%A7%D9%84%D8%AC%D9%87%D9%86%D9%89 HTTP/1.1" 200 4382 "-" "Mozilla/5.0 (compatible; MJ12bot/v1.4.7; http://mj12bot.com/)"
64.120.56.210 - - [04/Oct/2017:14:04:18 +0000] "GET /lawyers/%D8%B9%D8%A8%D8%AF%D8%A7%D9%84%D9%84%D9%87-%D8%A8%D9%86-%D8%BA%D8%A7%D8%B2%D9%8A-%D9%86%D8%A7%D8%B5%D8%B1-%D8%A7%D9%84%D8%B9%D8%B6%D9%8A%D8%A7%D9%86%D9%8A HTTP/1.1" 200 4398 "-" "Mozilla/5.0 (compatible; MJ12bot/v1.4.7; http://mj12bot.com/)"
64.120.56.210 - - [04/Oct/2017:14:04:25 +0000] "GET /lawyers/%D8%B9%D8%A8%D8%AF%D8%A7%D9%84%D9%84%D9%87-%D8%A8%D9%86-%D9%85%D8%AD%D9%85%D8%AF-%D8%AD%D8%B3%D9%8A%D9%86-%D9%85%D9%88%D8%AC%D8%A7%D9%86 HTTP/1.1" 200 4366 "-" "Mozilla/5.0 (compatible; MJ12bot/v1.4.7; http://mj12bot.com/)"
64.120.56.210 - - [04/Oct/2017:14:05:02 +0000] "GET /lawyers/%D8%B9%D8%A8%D8%AF%D8%A7%D9%84%D9%84%D9%87-%D8%A8%D9%86-%D9%85%D8%AD%D9%85%D8%AF-%D8%B3%D9%84%D9%8A%D9%85%D8%A7%D9%86-%D8%A7%D9%84%D8%A8%D9%84%D9%8A%D9%87%D9%8A HTTP/1.1" 200 4382 "-" "Mozilla/5.0 (compatible; MJ12bot/v1.4.7; http://mj12bot.com/)"
66.249.79.19 - - [04/Oct/2017:14:05:08 +0000] "GET /lawyers?page=13 HTTP/1.1" 200 10866 "-" "Mozilla/5.0 (compatible; Googlebot/2.1; +http://www.google.com/bot.html)"
64.120.56.210 - - [04/Oct/2017:14:05:09 +0000] "GET /lawyers/%D8%B9%D8%A8%D8%AF%D8%A7%D9%84%D9%84%D9%87-%D8%A8%D9%86-%D9%85%D8%AD%D9%85%D8%AF-%D8%B9%D8%A8%D8%AF-%D8%A7%D9%84%D9%84%D9%87-%D8%A7%D9%84%D8%B4%D8%A8%D8%A8 HTTP/1.1" 200 4366 "-" "Mozilla/5.0 (compatible; MJ12bot/v1.4.7; http://mj12bot.com/)"
64.120.56.210 - - [04/Oct/2017:14:05:16 +0000] "GET /lawyers/%D8%B9%D8%A8%D8%AF%D8%A7%D9%84%D9%84%D9%87-%D8%A8%D9%86-%D9%85%D8%AD%D9%85%D8%AF-%D8%B9%D8%A8%D8%AF%D8%A7%D9%84%D9%84%D9%87-%D8%A7%D9%84%D8%AC%D8%A8%D8%B1 HTTP/1.1" 200 4366 "-" "Mozilla/5.0 (compatible; MJ12bot/v1.4.7; http://mj12bot.com/)"
64.120.56.210 - - [04/Oct/2017:14:05:25 +0000] "GET /lawyers/%D8%B9%D8%A8%D8%AF%D8%A7%D9%84%D9%84%D9%87-%D8%A8%D9%86-%D9%85%D8%AD%D9%85%D8%AF-%D8%B9%D8%A8%D8%AF%D8%A7%D9%84%D9%84%D9%87-%D8%A7%D9%84%D9%85%D8%B7%D8%B1%D8%AF HTTP/1.1" 200 4382 "-" "Mozilla/5.0 (compatible; MJ12bot/v1.4.7; http://mj12bot.com/)"
64.120.56.210 - - [04/Oct/2017:14:05:34 +0000] "GET /lawyers/%D8%B9%D8%A8%D8%AF%D8%A7%D9%84%D9%84%D9%87-%D8%A8%D9%86-%D9%85%D8%AD%D9%85%D8%AF-%D8%B9%D8%A8%D8%AF%D8%A7%D9%84%D9%84%D9%87-%D9%86%D8%A7%D8%B4%D8%B9-%D8%A7%D9%84%D8%B4%D9%87%D8%B1%D9%8A HTTP/1.1" 200 4382 "-" "Mozilla/5.0 (compatible; MJ12bot/v1.4.7; http://mj12bot.com/)"
64.120.56.210 - - [04/Oct/2017:14:05:46 +0000] "GET /lawyers/%D8%B9%D8%A8%D8%AF%D8%A7%D9%84%D9%84%D9%87-%D8%A8%D9%86-%D9%85%D8%AD%D9%85%D8%AF-%D8%B9%D9%84%D9%8A-%D8%A7%D9%84%D8%B6%D8%A7%D9%84%D8%B9 HTTP/1.1" 200 4366 "-" "Mozilla/5.0 (compatible; MJ12bot/v1.4.7; http://mj12bot.com/)"
64.120.56.210 - - [04/Oct/2017:14:05:53 +0000] "GET /lawyers/%D8%B9%D8%A8%D8%AF%D8%A7%D9%84%D9%84%D9%87-%D8%A8%D9%86-%D9%85%D8%AD%D9%85%D8%AF-%D9%85%D8%AD%D9%85%D8%AF-%D9%85%D8%AD%D9%85%D9%88%D8%AF-%D8%A8%D9%86-%D8%A7%D8%AD%D9%85%D8%AF-%D9%86%D8%A7%D8%AC%D9%85 HTTP/1.1" 200 4382 "-" "Mozilla/5.0 (compatible; MJ12bot/v1.4.7; http://mj12bot.com/)"
64.120.56.210 - - [04/Oct/2017:14:06:04 +0000] "GET /lawyers/%D8%B9%D8%A8%D8%AF%D8%A7%D9%84%D9%84%D9%87-%D8%A8%D9%86-%D9%85%D8%B1%D9%8A%D8%A8%D8%AF-%D8%B3%D8%A7%D9%84%D9%85-%D8%A7%D9%84%D8%B7%D9%88%D9%8A%D9%84%D8%B9%D9%8A-%D8%A7%D9%84%D8%B9%D9%86%D8%B2%D9%8A HTTP/1.1" 200 4414 "-" "Mozilla/5.0 (compatible; MJ12bot/v1.4.7; http://mj12bot.com/)"
64.120.56.210 - - [04/Oct/2017:14:06:12 +0000] "GET /lawyers/%D8%B9%D8%A8%D8%AF%D8%A7%D9%84%D9%84%D9%87-%D8%A8%D9%86-%D9%85%D8%B1%D9%8A%D8%B9-%D8%B9%D8%A8%D8%AF%D8%A7%D9%84%D9%84%D9%87-%D8%A7%D9%84%D8%B9%D8%A7%D8%A8%D8%B3%D9%8A-%D8%A7%D9%84%D9%82%D8%AD%D8%B7%D8%A7%D9%86%D9%8A HTTP/1.1" 200 4398 "-" "Mozilla/5.0 (compatible; MJ12bot/v1.4.7; http://mj12bot.com/)"
64.120.56.210 - - [04/Oct/2017:14:06:15 +0000] "GET /lawyers/%D8%B9%D8%A8%D8%AF%D8%A7%D9%84%D9%84%D9%87-%D8%A8%D9%86-%D9%85%D9%86%D8%B5%D9%88%D8%B1-%D8%B9%D9%84%D9%8A-%D8%A7%D9%84%D9%85%D9%86%D8%B5%D9%88%D8%B1 HTTP/1.1" 200 4228 "-" "Mozilla/5.0 (compatible; MJ12bot/v1.4.7; http://mj12bot.com/)"
64.120.56.210 - - [04/Oct/2017:14:06:21 +0000] "GET /lawyers/%D8%B9%D8%A8%D8%AF%D8%A7%D9%84%D9%84%D9%87-%D8%A8%D9%86-%D9%86%D8%A7%D8%B4%D9%8A-%D8%B9%D9%85%D9%8A%D8%B1-%D8%A7%D9%84%D8%B0%D8%B1%D8%A7%D8%B9%D9%8A-%D8%A7%D9%84%D8%B8%D9%81%D9%8A%D8%B1%D9%8A HTTP/1.1" 200 4398 "-" "Mozilla/5.0 (compatible; MJ12bot/v1.4.7; http://mj12bot.com/)"
64.120.56.210 - - [04/Oct/2017:14:06:32 +0000] "GET /lawyers/%D8%B9%D8%A8%D8%AF%D8%A7%D9%84%D9%84%D9%87-%D8%A8%D9%86-%D9%87%D9%84%D8%A7%D9%84-%D9%85%D8%BA%D8%A7%D9%85%D8%B3-%D8%A7%D9%84%D8%B3%D8%B9%D8%AF%D9%88%D9%86 HTTP/1.1" 200 4382 "-" "Mozilla/5.0 (compatible; MJ12bot/v1.4.7; http://mj12bot.com/)"
64.120.56.210 - - [04/Oct/2017:14:06:43 +0000] "GET /lawyers/%D8%B9%D8%A8%D8%AF%D8%A7%D9%84%D9%85%D8%AC%D9%8A%D8%AF-%D8%A8%D9%86-%D8%B3%D8%A7%D9%84%D9%85-%D8%B3%D8%B9%D8%AF-%D8%A7%D9%84%D8%B3%D8%AD%D9%8A%D9%85%D9%8A-%D8%A7%D9%84%D8%AD%D8%B1%D8%A8%D9%8A HTTP/1.1" 200 4398 "-" "Mozilla/5.0 (compatible; MJ12bot/v1.4.7; http://mj12bot.com/)"
64.120.56.210 - - [04/Oct/2017:14:06:56 +0000] "GET /lawyers/%D8%B9%D8%A8%D8%AF%D8%A7%D9%84%D9%85%D8%AC%D9%8A%D8%AF-%D8%A8%D9%86-%D9%85%D8%AD%D9%85%D8%AF-%D8%B9%D8%A8%D8%AF%D8%A7%D9%84%D9%84%D9%87-%D8%A7%D9%84%D8%B3%D8%A8%D9%87%D8%A7%D9%86 HTTP/1.1" 200 4382 "-" "Mozilla/5.0 (compatible; MJ12bot/v1.4.7; http://mj12bot.com/)"
64.120.56.210 - - [04/Oct/2017:14:07:04 +0000] "GET /lawyers/%D8%B9%D8%A8%D8%AF%D8%A7%D9%84%D9%85%D8%AD%D8%B3%D9%86-%D8%A8%D9%86-%D8%B9%D8%A8%D8%AF%D8%A7%D9%84%D8%AD%D9%81%D9%8A%D8%B8-%D9%85%D8%A8%D8%A7%D8%B1%D9%83-%D8%A7%D9%84%D8%B2%D8%A7%D9%8A%D8%AF%D9%8A HTTP/1.1" 200 6890 "-" "Mozilla/5.0 (compatible; MJ12bot/v1.4.7; http://mj12bot.com/)"
64.120.56.210 - - [04/Oct/2017:14:07:17 +0000] "GET /lawyers/%D8%B9%D8%A8%D8%AF%D8%A7%D9%84%D9%85%D8%AD%D8%B3%D9%86-%D8%A8%D9%86-%D8%B9%D8%A8%D8%AF%D8%A7%D9%84%D9%84%D9%87-%D9%85%D8%AD%D9%85%D8%AF-%D8%A2%D9%84-%D8%A7%D9%84%D8%B4%D9%8A%D8%AE HTTP/1.1" 200 6890 "-" "Mozilla/5.0 (compatible; MJ12bot/v1.4.7; http://mj12bot.com/)"
64.120.56.210 - - [04/Oct/2017:14:07:28 +0000] "GET /lawyers/%D8%B9%D8%A8%D8%AF%D8%A7%D9%84%D9%88%D8%A7%D8%AD%D8%AF-%D8%A8%D9%86-%D9%8A%D8%AD%D9%8A%D9%89-%D9%85%D8%AD%D9%85%D8%AF-%D8%A7%D9%84%D9%82%D8%AD%D8%B7%D8%A7%D9%86%D9%8A HTTP/1.1" 200 6874 "-" "Mozilla/5.0 (compatible; MJ12bot/v1.4.7; http://mj12bot.com/)"
64.120.56.210 - - [04/Oct/2017:14:07:40 +0000] "GET /lawyers/%D8%B9%D8%A8%D8%AF%D8%A7%D9%84%D9%88%D9%87%D8%A7%D8%A8-%D8%A8%D9%86-%D8%B9%D8%A8%D8%AF%D8%A7%D9%84%D9%84%D9%87-%D8%B5%D8%A7%D9%84%D8%AD-%D8%A7%D9%84%D8%B9%D9%84%D9%8A-%D8%A7%D9%84%D8%BA%D8%A7%D9%85%D8%AF%D9%8A HTTP/1.1" 200 6890 "-" "Mozilla/5.0 (compatible; MJ12bot/v1.4.7; http://mj12bot.com/)"
64.120.56.210 - - [04/Oct/2017:14:07:49 +0000] "GET /lawyers/%D8%B9%D8%A8%D9%8A%D8%AF-%D8%A8%D9%86-%D8%A3%D8%AD%D9%85%D8%AF-%D9%85%D8%AD%D9%85%D8%AF-%D8%A7%D9%84%D8%B9%D8%A8%D9%8A%D8%AF HTTP/1.1" 200 6842 "-" "Mozilla/5.0 (compatible; MJ12bot/v1.4.7; http://mj12bot.com/)"
64.120.56.210 - - [04/Oct/2017:14:08:01 +0000] "GET /lawyers/%D8%B9%D8%AA%D9%8A%D9%82-%D8%A8%D9%86-%D9%85%D8%B9%D9%8A%D8%B6-%D8%B7%D8%B1%D9%8A%D8%B3%D8%A7%D9%86-%D8%A7%D9%84%D8%B4%D8%A7%D9%85%D8%A7%D9%86%D9%8A-%D8%A7%D9%84%D8%AD%D8%B1%D8%A8%D9%8A HTTP/1.1" 200 6890 "-" "Mozilla/5.0 (compatible; MJ12bot/v1.4.7; http://mj12bot.com/)"
66.249.79.21 - - [04/Oct/2017:14:11:50 +0000] "GET /lawyers/%D8%B7%D8%A7%D9%87%D8%B1-%D8%A8%D9%86-%D8%B9%D9%85%D8%B1-%D8%B9%D8%A8%D8%AF%D8%A7%D9%84%D9%84%D9%87-%D8%B9%D9%84%D9%8A HTTP/1.1" 200 7439 "-" "Mozilla/5.0 (compatible; Googlebot/2.1; +http://www.google.com/bot.html)"
66.249.79.7 - - [04/Oct/2017:14:30:37 +0000] "GET / HTTP/1.1" 301 574 "-" "Mozilla/5.0 (compatible; Googlebot/2.1; +http://www.google.com/bot.html)"
66.249.79.19 - - [04/Oct/2017:14:30:38 +0000] "GET / HTTP/1.1" 200 7465 "-" "Mozilla/5.0 (compatible; Googlebot/2.1; +http://www.google.com/bot.html)"
66.249.79.21 - - [04/Oct/2017:14:40:48 +0000] "GET / HTTP/1.1" 200 7460 "-" "Mozilla/5.0 (Linux; Android 6.0.1; Nexus 5X Build/MMB29P) AppleWebKit/537.36 (KHTML, like Gecko) Chrome/41.0.2272.96 Mobile Safari/537.36 (compatible; Googlebot/2.1; +http://www.google.com/bot.html)"
66.249.79.23 - - [04/Oct/2017:14:45:59 +0000] "GET /codes/%D9%86%D8%B8%D8%A7%D9%85-%D8%A7%D9%84%D9%82%D8%B6%D8%A7%D8%A1-1428 HTTP/1.1" 200 19521 "-" "Mozilla/5.0 (compatible; Googlebot/2.1; +http://www.google.com/bot.html)"
37.127.129.145 - - [04/Oct/2017:15:06:33 +0000] "GET /lawyers/%D8%B9%D8%A8%D8%AF%D8%A7%D9%84%D8%B9%D8%B2%D9%8A%D8%B2-%D8%A8%D9%86-%D8%A7%D8%AD%D9%85%D8%AF-%D9%85%D9%88%D8%B3%D9%89-%D8%B9%D9%84%D9%8A HTTP/1.1" 404 11824 "https://www.google.com.sa/" "Mozilla/5.0 (iPhone; CPU iPhone OS 10_3_3 like Mac OS X) AppleWebKit/602.1.50 (KHTML, like Gecko) GSA/26.0.154727556 Mobile/14G60 Safari/602.1"
37.127.129.145 - - [04/Oct/2017:15:06:33 +0000] "GET /css/app.css?id=ea2b7f26afe664d56a04 HTTP/1.1" 200 33869 "https://thesaudilaw.com/lawyers/%D8%B9%D8%A8%D8%AF%D8%A7%D9%84%D8%B9%D8%B2%D9%8A%D8%B2-%D8%A8%D9%86-%D8%A7%D8%AD%D9%85%D8%AF-%D9%85%D9%88%D8%B3%D9%89-%D8%B9%D9%84%D9%8A" "Mozilla/5.0 (iPhone; CPU iPhone OS 10_3_3 like Mac OS X) AppleWebKit/602.1.50 (KHTML, like Gecko) GSA/26.0.154727556 Mobile/14G60 Safari/602.1"
37.127.129.145 - - [04/Oct/2017:15:06:34 +0000] "GET /img/logo.svg HTTP/1.1" 200 4161 "https://thesaudilaw.com/lawyers/%D8%B9%D8%A8%D8%AF%D8%A7%D9%84%D8%B9%D8%B2%D9%8A%D8%B2-%D8%A8%D9%86-%D8%A7%D8%AD%D9%85%D8%AF-%D9%85%D9%88%D8%B3%D9%89-%D8%B9%D9%84%D9%8A" "Mozilla/5.0 (iPhone; CPU iPhone OS 10_3_3 like Mac OS X) AppleWebKit/602.1.50 (KHTML, like Gecko) GSA/26.0.154727556 Mobile/14G60 Safari/602.1"
37.127.129.145 - - [04/Oct/2017:15:06:34 +0000] "GET /js/manifest.js?id=00c9397dc4d2d4ed54de HTTP/1.1" 200 1359 "https://thesaudilaw.com/lawyers/%D8%B9%D8%A8%D8%AF%D8%A7%D9%84%D8%B9%D8%B2%D9%8A%D8%B2-%D8%A8%D9%86-%D8%A7%D8%AD%D9%85%D8%AF-%D9%85%D9%88%D8%B3%D9%89-%D8%B9%D9%84%D9%8A" "Mozilla/5.0 (iPhone; CPU iPhone OS 10_3_3 like Mac OS X) AppleWebKit/602.1.50 (KHTML, like Gecko) GSA/26.0.154727556 Mobile/14G60 Safari/602.1"
37.127.129.145 - - [04/Oct/2017:15:06:34 +0000] "GET /js/app.js?id=616a35b9db9ae672e3b5 HTTP/1.1" 200 42188 "https://thesaudilaw.com/lawyers/%D8%B9%D8%A8%D8%AF%D8%A7%D9%84%D8%B9%D8%B2%D9%8A%D8%B2-%D8%A8%D9%86-%D8%A7%D8%AD%D9%85%D8%AF-%D9%85%D9%88%D8%B3%D9%89-%D8%B9%D9%84%D9%8A" "Mozilla/5.0 (iPhone; CPU iPhone OS 10_3_3 like Mac OS X) AppleWebKit/602.1.50 (KHTML, like Gecko) GSA/26.0.154727556 Mobile/14G60 Safari/602.1"
37.127.129.145 - - [04/Oct/2017:15:06:34 +0000] "GET /js/vendor.js?id=f7400958569fae48befe HTTP/1.1" 200 252352 "https://thesaudilaw.com/lawyers/%D8%B9%D8%A8%D8%AF%D8%A7%D9%84%D8%B9%D8%B2%D9%8A%D8%B2-%D8%A8%D9%86-%D8%A7%D8%AD%D9%85%D8%AF-%D9%85%D9%88%D8%B3%D9%89-%D8%B9%D9%84%D9%8A" "Mozilla/5.0 (iPhone; CPU iPhone OS 10_3_3 like Mac OS X) AppleWebKit/602.1.50 (KHTML, like Gecko) GSA/26.0.154727556 Mobile/14G60 Safari/602.1"
66.249.79.28 - - [04/Oct/2017:15:15:47 +0000] "GET / HTTP/1.1" 301 586 "-" "Mozilla/5.0 (Linux; Android 6.0.1; Nexus 5X Build/MMB29P) AppleWebKit/537.36 (KHTML, like Gecko) Chrome/41.0.2272.96 Mobile Safari/537.36 (compatible; Googlebot/2.1; +http://www.google.com/bot.html)"
66.249.79.23 - - [04/Oct/2017:15:15:48 +0000] "GET / HTTP/1.1" 200 7467 "-" "Mozilla/5.0 (Linux; Android 6.0.1; Nexus 5X Build/MMB29P) AppleWebKit/537.36 (KHTML, like Gecko) Chrome/41.0.2272.96 Mobile Safari/537.36 (compatible; Googlebot/2.1; +http://www.google.com/bot.html)"
66.249.79.17 - - [04/Oct/2017:15:25:57 +0000] "GET /lawyers?page=7 HTTP/1.1" 200 10840 "-" "Mozilla/5.0 (compatible; Googlebot/2.1; +http://www.google.com/bot.html)"
66.249.79.17 - - [04/Oct/2017:15:27:37 +0000] "GET /lawyers/%D8%B5%D8%A7%D9%84%D8%AD-%D8%A8%D9%86-%D9%85%D8%AD%D9%85%D8%AF-%D8%B9%D9%84%D9%89-%D8%A7%D9%84%D9%86%D8%B5%D8%A7%D8%B1 HTTP/1.1" 200 7432 "-" "Mozilla/5.0 (compatible; Googlebot/2.1; +http://www.google.com/bot.html)"
66.249.79.17 - - [04/Oct/2017:15:56:27 +0000] "GET /lawyers?page=13 HTTP/1.1" 200 10863 "-" "Mozilla/5.0 (Linux; Android 6.0.1; Nexus 5X Build/MMB29P) AppleWebKit/537.36 (KHTML, like Gecko) Chrome/41.0.2272.96 Mobile Safari/537.36 (compatible; Googlebot/2.1; +http://www.google.com/bot.html)"
121.169.194.187 - - [04/Oct/2017:16:10:59 +0000] "GET / HTTP/1.0" 301 537 "-" "Mozilla/5.0 (compatible; MSIE 10.0; Windows NT 6.2; Trident/6.0)"
66.249.79.27 - - [04/Oct/2017:16:16:36 +0000] "GET /lawyers/%D8%A3%D8%AD%D9%85%D8%AF-%D8%A8%D9%86-%D8%B9%D8%B4%D9%88%D8%A7%D9%86-%D8%B1%D8%AF%D8%B9%D8%A7%D9%86-%D8%A7%D9%84%D9%81%D8%AF%D8%B9%D8%A7%D9%86%D9%8A-%D8%A7%D9%84%D8%B9%D9%86%D8%B2%D9%8A HTTP/1.1" 200 7467 "-" "Mozilla/5.0 (Linux; Android 6.0.1; Nexus 5X Build/MMB29P) AppleWebKit/537.36 (KHTML, like Gecko) Chrome/41.0.2272.96 Mobile Safari/537.36 (compatible; Googlebot/2.1; +http://www.google.com/bot.html)"
66.249.79.19 - - [04/Oct/2017:16:18:32 +0000] "GET /lawyers/%D8%AC%D8%A7%D8%B1%D8%A7%D9%84%D9%84%D9%87-%D8%A8%D9%86-%D9%85%D8%AD%D9%85%D8%AF-%D8%B9%D9%84%D9%8A-%D8%A7%D9%84%D8%AC%D8%A7%D8%B1%D8%A7%D9%84%D9%84%D9%87 HTTP/1.1" 200 7445 "-" "Mozilla/5.0 (Linux; Android 6.0.1; Nexus 5X Build/MMB29P) AppleWebKit/537.36 (KHTML, like Gecko) Chrome/41.0.2272.96 Mobile Safari/537.36 (compatible; Googlebot/2.1; +http://www.google.com/bot.html)"
207.46.13.28 - - [04/Oct/2017:16:32:59 +0000] "GET /js/app.js?id=616a35b9db9ae672e3b5 HTTP/1.1" 200 45357 "-" "Mozilla/5.0 (compatible; MSIE 9.0; Windows NT 6.1; Trident/5.0)"
207.46.13.101 - - [04/Oct/2017:16:33:43 +0000] "GET /js/vendor.js?id=f7400958569fae48befe HTTP/1.1" 200 255383 "-" "Mozilla/5.0 (compatible; MSIE 9.0; Windows NT 6.1; Trident/5.0)"
207.46.13.28 - - [04/Oct/2017:16:33:44 +0000] "GET /js/manifest.js?id=00c9397dc4d2d4ed54de HTTP/1.1" 200 4390 "-" "Mozilla/5.0 (compatible; MSIE 9.0; Windows NT 6.1; Trident/5.0)"
66.249.79.17 - - [04/Oct/2017:16:43:24 +0000] "GET /lawyers/%D8%B5%D8%A7%D9%84%D8%AD-%D8%A8%D9%86-%D9%85%D8%AD%D9%85%D8%AF-%D9%81%D9%87%D8%AF-%D8%A7%D9%84%D9%85%D9%87%D9%86%D8%A7 HTTP/1.1" 200 7430 "-" "Mozilla/5.0 (compatible; Googlebot/2.1; +http://www.google.com/bot.html)"
66.249.79.28 - - [04/Oct/2017:16:43:50 +0000] "GET /lawyers/%D8%A7%D8%A8%D8%B1%D8%A7%D9%87%D9%8A%D9%85-%D8%A8%D9%86-%D8%B9%D9%84%D9%8A-%D8%A8%D8%B1%D8%A7%D9%87%D9%8A%D9%85-%D8%A7%D9%84%D8%A8%D9%83%D8%B1%D9%8A HTTP/1.1" 301 706 "-" "Mozilla/5.0 (compatible; Googlebot/2.1; +http://www.google.com/bot.html)"
66.249.79.23 - - [04/Oct/2017:16:43:50 +0000] "GET /lawyers/%D8%A7%D8%A8%D8%B1%D8%A7%D9%87%D9%8A%D9%85-%D8%A8%D9%86-%D8%B9%D9%84%D9%8A-%D8%A8%D8%B1%D8%A7%D9%87%D9%8A%D9%85-%D8%A7%D9%84%D8%A8%D9%83%D8%B1%D9%8A HTTP/1.1" 200 7446 "-" "Mozilla/5.0 (compatible; Googlebot/2.1; +http://www.google.com/bot.html)"
66.249.79.21 - - [04/Oct/2017:16:44:09 +0000] "GET /css/app.css?id=ee208984d95bc3393783 HTTP/1.1" 200 37038 "https://thesaudilaw.com/lawyers/%D8%A7%D8%A8%D8%B1%D8%A7%D9%87%D9%8A%D9%85-%D8%A8%D9%86-%D8%B9%D9%84%D9%8A-%D8%A8%D8%B1%D8%A7%D9%87%D9%8A%D9%85-%D8%A7%D9%84%D8%A8%D9%83%D8%B1%D9%8A" "Mozilla/5.0 (compatible; Googlebot/2.1; +http://www.google.com/bot.html)"
66.249.79.25 - - [04/Oct/2017:16:48:17 +0000] "GET /lawyers/%D8%A7%D8%A8%D8%B1%D8%A7%D9%87%D9%8A%D9%85-%D8%A8%D9%86-%D8%B9%D9%84%D9%8A-%D8%A8%D8%B1%D8%A7%D9%87%D9%8A%D9%85-%D8%A7%D9%84%D8%A8%D9%83%D8%B1%D9%8A/link HTTP/1.1" 302 4630 "-" "Mozilla/5.0 (compatible; Googlebot/2.1; +http://www.google.com/bot.html)"
66.249.79.25 - - [04/Oct/2017:16:48:18 +0000] "GET /login HTTP/1.1" 200 4022 "-" "Mozilla/5.0 (compatible; Googlebot/2.1; +http://www.google.com/bot.html)"
66.249.79.27 - - [04/Oct/2017:17:09:59 +0000] "GET /lawyers/%D9%86%D8%A7%D8%B5%D8%B1-%D8%A8%D9%86-%D9%85%D8%AD%D9%85%D8%AF-%D8%AD%D9%85%D8%AF-%D8%A7%D9%84%D8%A8%D8%B1%D9%8A%D8%B5-%D8%A7%D9%84%D9%85%D8%B1%D9%8A HTTP/1.1" 200 7454 "-" "Mozilla/5.0 (compatible; Googlebot/2.1; +http://www.google.com/bot.html)"
66.249.79.17 - - [04/Oct/2017:17:40:10 +0000] "GET / HTTP/1.1" 301 574 "-" "Mozilla/5.0 (compatible; Googlebot/2.1; +http://www.google.com/bot.html)"
66.249.79.13 - - [04/Oct/2017:17:40:11 +0000] "GET / HTTP/1.1" 200 7463 "-" "Mozilla/5.0 (compatible; Googlebot/2.1; +http://www.google.com/bot.html)"
66.249.79.13 - - [04/Oct/2017:17:45:21 +0000] "GET / HTTP/1.1" 200 7462 "-" "Mozilla/5.0 (Linux; Android 6.0.1; Nexus 5X Build/MMB29P) AppleWebKit/537.36 (KHTML, like Gecko) Chrome/41.0.2272.96 Mobile Safari/537.36 (compatible; Googlebot/2.1; +http://www.google.com/bot.html)"
77.31.39.60 - - [04/Oct/2017:17:54:02 +0000] "GET /codes/%D9%86%D8%B8%D8%A7%D9%85-%D8%A7%D9%84%D9%85%D9%88%D8%A7%D9%86%D8%A6-%D9%88%D8%A7%D9%84%D9%85%D8%B1%D8%A7%D9%81%D8%A6-%D9%88%D8%A7%D9%84%D9%85%D9%86%D8%A7%D8%A6%D8%B1-%D8%A7%D9%84%D8%A8%D8%AD%D8%B1%D9%8A%D8%A9-1974 HTTP/1.1" 404 12042 "-" "Mozilla/5.0 (iPhone; CPU iPhone OS 10_3_3 like Mac OS X) AppleWebKit/603.3.8 (KHTML, like Gecko) Version/10.0 Mobile/14G60 Safari/602.1"
77.31.39.60 - - [04/Oct/2017:17:54:03 +0000] "GET /css/app.css?id=ea2b7f26afe664d56a04 HTTP/1.1" 200 33869 "https://www.thesaudilaw.com/codes/%D9%86%D8%B8%D8%A7%D9%85-%D8%A7%D9%84%D9%85%D9%88%D8%A7%D9%86%D8%A6-%D9%88%D8%A7%D9%84%D9%85%D8%B1%D8%A7%D9%81%D8%A6-%D9%88%D8%A7%D9%84%D9%85%D9%86%D8%A7%D8%A6%D8%B1-%D8%A7%D9%84%D8%A8%D8%AD%D8%B1%D9%8A%D8%A9-1974" "Mozilla/5.0 (iPhone; CPU iPhone OS 10_3_3 like Mac OS X) AppleWebKit/603.3.8 (KHTML, like Gecko) Version/10.0 Mobile/14G60 Safari/602.1"
77.31.39.60 - - [04/Oct/2017:17:54:04 +0000] "GET /js/manifest.js?id=00c9397dc4d2d4ed54de HTTP/1.1" 200 1359 "https://www.thesaudilaw.com/codes/%D9%86%D8%B8%D8%A7%D9%85-%D8%A7%D9%84%D9%85%D9%88%D8%A7%D9%86%D8%A6-%D9%88%D8%A7%D9%84%D9%85%D8%B1%D8%A7%D9%81%D8%A6-%D9%88%D8%A7%D9%84%D9%85%D9%86%D8%A7%D8%A6%D8%B1-%D8%A7%D9%84%D8%A8%D8%AD%D8%B1%D9%8A%D8%A9-1974" "Mozilla/5.0 (iPhone; CPU iPhone OS 10_3_3 like Mac OS X) AppleWebKit/603.3.8 (KHTML, like Gecko) Version/10.0 Mobile/14G60 Safari/602.1"
77.31.39.60 - - [04/Oct/2017:17:54:04 +0000] "GET /js/app.js?id=616a35b9db9ae672e3b5 HTTP/1.1" 200 42188 "https://www.thesaudilaw.com/codes/%D9%86%D8%B8%D8%A7%D9%85-%D8%A7%D9%84%D9%85%D9%88%D8%A7%D9%86%D8%A6-%D9%88%D8%A7%D9%84%D9%85%D8%B1%D8%A7%D9%81%D8%A6-%D9%88%D8%A7%D9%84%D9%85%D9%86%D8%A7%D8%A6%D8%B1-%D8%A7%D9%84%D8%A8%D8%AD%D8%B1%D9%8A%D8%A9-1974" "Mozilla/5.0 (iPhone; CPU iPhone OS 10_3_3 like Mac OS X) AppleWebKit/603.3.8 (KHTML, like Gecko) Version/10.0 Mobile/14G60 Safari/602.1"
