176.47.34.182 - - [04/Oct/2017:13:19:13 +0000] "GET /js/vendor.js?id=f7400958569fae48befe HTTP/1.1" 200 252214 "https://thesaudilaw.com/codes/%D8%AA%D9%86%D8%B8%D9%8A%D9%85-%D9%86%D9%81%D9%82%D8%A7%D8%AA-%D8%A7%D9%84%D9%85%D8%B1%D8%B6%D9%89-%D8%A7%D9%84%D8%B3%D8%B9%D9%88%D8%AF%D9%8A%D9%8A%D9%86-%D8%A7%D9%84%D9%85%D8%AD%D9%88%D9%84%D9%8A%D9%86-%D9%84%D9%84%D8%B9%D9%84%D8%A7%D8%AC-%D8%AE%D8%A7%D8%B1%D8%AC-%D9%85%D9%86%D8%A7%D8%B7%D9%82-%D8%A5%D9%82%D8%A7%D9%85%D8%AA%D9%87%D9%85-1421" "Mozilla/5.0 (Linux; Android 7.0; MHA-L29 Build/HUAWEIMHA-L29) AppleWebKit/537.36 (KHTML, like Gecko) Chrome/61.0.3163.98 Mobile Safari/537.36"
176.47.34.182 - - [04/Oct/2017:13:19:16 +0000] "GET /favicon-32x32.png HTTP/1.1" 200 1303 "https://thesaudilaw.com/codes/%D8%AA%D9%86%D8%B8%D9%8A%D9%85-%D9%86%D9%81%D9%82%D8%A7%D8%AA-%D8%A7%D9%84%D9%85%D8%B1%D8%B6%D9%89-%D8%A7%D9%84%D8%B3%D8%B9%D9%88%D8%AF%D9%8A%D9%8A%D9%86-%D8%A7%D9%84%D9%85%D8%AD%D9%88%D9%84%D9%8A%D9%86-%D9%84%D9%84%D8%B9%D9%84%D8%A7%D8%AC-%D8%AE%D8%A7%D8%B1%D8%AC-%D9%85%D9%86%D8%A7%D8%B7%D9%82-%D8%A5%D9%82%D8%A7%D9%85%D8%AA%D9%87%D9%85-1421" "Mozilla/5.0 (Linux; Android 7.0; MHA-L29 Build/HUAWEIMHA-L29) AppleWebKit/537.36 (KHTML, like Gecko) Chrome/61.0.3163.98 Mobile Safari/537.36"
176.47.34.182 - - [04/Oct/2017:13:19:17 +0000] "GET /manifest.json HTTP/1.1" 200 1064 "https://thesaudilaw.com/codes/%D8%AA%D9%86%D8%B8%D9%8A%D9%85-%D9%86%D9%81%D9%82%D8%A7%D8%AA-%D8%A7%D9%84%D9%85%D8%B1%D8%B6%D9%89-%D8%A7%D9%84%D8%B3%D8%B9%D9%88%D8%AF%D9%8A%D9%8A%D9%86-%D8%A7%D9%84%D9%85%D8%AD%D9%88%D9%84%D9%8A%D9%86-%D9%84%D9%84%D8%B9%D9%84%D8%A7%D8%AC-%D8%AE%D8%A7%D8%B1%D8%AC-%D9%85%D9%86%D8%A7%D8%B7%D9%82-%D8%A5%D9%82%D8%A7%D9%85%D8%AA%D9%87%D9%85-1421" "Mozilla/5.0 (Linux; Android 7.0; MHA-L29 Build/HUAWEIMHA-L29) AppleWebKit/537.36 (KHTML, like Gecko) Chrome/61.0.3163.98 Mobile Safari/537.36"
176.47.34.182 - - [04/Oct/2017:13:19:17 +0000] "GET /android-chrome-192x192.png HTTP/1.1" 200 9000 "https://thesaudilaw.com/codes/%D8%AA%D9%86%D8%B8%D9%8A%D9%85-%D9%86%D9%81%D9%82%D8%A7%D8%AA-%D8%A7%D9%84%D9%85%D8%B1%D8%B6%D9%89-%D8%A7%D9%84%D8%B3%D8%B9%D9%88%D8%AF%D9%8A%D9%8A%D9%86-%D8%A7%D9%84%D9%85%D8%AD%D9%88%D9%84%D9%8A%D9%86-%D9%84%D9%84%D8%B9%D9%84%D8%A7%D8%AC-%D8%AE%D8%A7%D8%B1%D8%AC-%D9%85%D9%86%D8%A7%D8%B7%D9%82-%D8%A5%D9%82%D8%A7%D9%85%D8%AA%D9%87%D9%85-1421" "Mozilla/5.0 (Linux; Android 7.0; MHA-L29 Build/HUAWEIMHA-L29) AppleWebKit/537.36 (KHTML, like Gecko) Chrome/61.0.3163.98 Mobile Safari/537.36"
66.249.79.19 - - [04/Oct/2017:13:28:34 +0000] "GET /lawyers/%D8%AE%D8%A7%D9%84%D8%AF-%D8%A8%D9%86-%D8%B9%D8%A8%D8%AF%D8%A7%D9%84%D8%B1%D8%AD%D9%85%D9%86-%D9%86%D8%A7%D8%B5%D8%B1-%D8%A2%D9%84-%D8%B1%D8%A7%D9%83%D8%A7%D9%86-%D8%A7%D9%84%D8%AF%D9%88%D8%B3%D8%B1%D9%8A HTTP/1.1" 200 7502 "-" "Mozilla/5.0 (compatible; Googlebot/2.1; +http://www.google.com/bot.html)"
188.55.206.106 - - [04/Oct/2017:13:38:15 +0000] "GET /lawyers/%D8%B1%D8%A7%D8%A6%D8%AF-%D8%A8%D9%86-%D8%B9%D8%A8%D8%AF%D8%A7%D9%84%D9%84%D9%87-%D8%B9%D9%84%D9%8A-%D8%A8%D8%A7%D8%AC%D9%86%D8%AF%D9%88%D8%AD HTTP/1.1" 200 7475 "https://www.google.com/" "Mozilla/5.0 (Linux; Android 6.0.1; SM-G800F Build/MMB29K) AppleWebKit/537.36 (KHTML, like Gecko) Chrome/56.0.2924.87 Mobile Safari/537.36"
188.55.206.106 - - [04/Oct/2017:13:38:17 +0000] "GET /css/app.css?id=ea2b7f26afe664d56a04 HTTP/1.1" 200 33869 "https://thesaudilaw.com/lawyers/%D8%B1%D8%A7%D8%A6%D8%AF-%D8%A8%D9%86-%D8%B9%D8%A8%D8%AF%D8%A7%D9%84%D9%84%D9%87-%D8%B9%D9%84%D9%8A-%D8%A8%D8%A7%D8%AC%D9%86%D8%AF%D9%88%D8%AD" "Mozilla/5.0 (Linux; Android 6.0.1; SM-G800F Build/MMB29K) AppleWebKit/537.36 (KHTML, like Gecko) Chrome/56.0.2924.87 Mobile Safari/537.36"
188.55.206.106 - - [04/Oct/2017:13:38:17 +0000] "GET /js/manifest.js?id=00c9397dc4d2d4ed54de HTTP/1.1" 200 1374 "https://thesaudilaw.com/lawyers/%D8%B1%D8%A7%D8%A6%D8%AF-%D8%A8%D9%86-%D8%B9%D8%A8%D8%AF%D8%A7%D9%84%D9%84%D9%87-%D8%B9%D9%84%D9%8A-%D8%A8%D8%A7%D8%AC%D9%86%D8%AF%D9%88%D8%AD" "Mozilla/5.0 (Linux; Android 6.0.1; SM-G800F Build/MMB29K) AppleWebKit/537.36 (KHTML, like Gecko) Chrome/56.0.2924.87 Mobile Safari/537.36"
188.55.206.106 - - [04/Oct/2017:13:38:17 +0000] "GET /img/logo.svg HTTP/1.1" 200 4023 "https://thesaudilaw.com/lawyers/%D8%B1%D8%A7%D8%A6%D8%AF-%D8%A8%D9%86-%D8%B9%D8%A8%D8%AF%D8%A7%D9%84%D9%84%D9%87-%D8%B9%D9%84%D9%8A-%D8%A8%D8%A7%D8%AC%D9%86%D8%AF%D9%88%D8%AD" "Mozilla/5.0 (Linux; Android 6.0.1; SM-G800F Build/MMB29K) AppleWebKit/537.36 (KHTML, like Gecko) Chrome/56.0.2924.87 Mobile Safari/537.36"
188.55.206.106 - - [04/Oct/2017:13:38:18 +0000] "GET /js/app.js?id=616a35b9db9ae672e3b5 HTTP/1.1" 200 42188 "https://thesaudilaw.com/lawyers/%D8%B1%D8%A7%D8%A6%D8%AF-%D8%A8%D9%86-%D8%B9%D8%A8%D8%AF%D8%A7%D9%84%D9%84%D9%87-%D8%B9%D9%84%D9%8A-%D8%A8%D8%A7%D8%AC%D9%86%D8%AF%D9%88%D8%AD" "Mozilla/5.0 (Linux; Android 6.0.1; SM-G800F Build/MMB29K) AppleWebKit/537.36 (KHTML, like Gecko) Chrome/56.0.2924.87 Mobile Safari/537.36"
188.55.206.106 - - [04/Oct/2017:13:38:18 +0000] "GET /img/avatar.jpg HTTP/1.1" 200 51423 "https://thesaudilaw.com/lawyers/%D8%B1%D8%A7%D8%A6%D8%AF-%D8%A8%D9%86-%D8%B9%D8%A8%D8%AF%D8%A7%D9%84%D9%84%D9%87-%D8%B9%D9%84%D9%8A-%D8%A8%D8%A7%D8%AC%D9%86%D8%AF%D9%88%D8%AD" "Mozilla/5.0 (Linux; Android 6.0.1; SM-G800F Build/MMB29K) AppleWebKit/537.36 (KHTML, like Gecko) Chrome/56.0.2924.87 Mobile Safari/537.36"
188.55.206.106 - - [04/Oct/2017:13:38:18 +0000] "GET /js/vendor.js?id=f7400958569fae48befe HTTP/1.1" 200 252214 "https://thesaudilaw.com/lawyers/%D8%B1%D8%A7%D8%A6%D8%AF-%D8%A8%D9%86-%D8%B9%D8%A8%D8%AF%D8%A7%D9%84%D9%84%D9%87-%D8%B9%D9%84%D9%8A-%D8%A8%D8%A7%D8%AC%D9%86%D8%AF%D9%88%D8%AD" "Mozilla/5.0 (Linux; Android 6.0.1; SM-G800F Build/MMB29K) AppleWebKit/537.36 (KHTML, like Gecko) Chrome/56.0.2924.87 Mobile Safari/537.36"
188.55.206.106 - - [04/Oct/2017:13:38:32 +0000] "GET /favicon-32x32.png HTTP/1.1" 200 1456 "https://thesaudilaw.com/lawyers/%D8%B1%D8%A7%D8%A6%D8%AF-%D8%A8%D9%86-%D8%B9%D8%A8%D8%AF%D8%A7%D9%84%D9%84%D9%87-%D8%B9%D9%84%D9%8A-%D8%A8%D8%A7%D8%AC%D9%86%D8%AF%D9%88%D8%AD" "Mozilla/5.0 (Linux; Android 6.0.1; SM-G800F Build/MMB29K) AppleWebKit/537.36 (KHTML, like Gecko) Chrome/56.0.2924.87 Mobile Safari/537.36"
188.55.206.106 - - [04/Oct/2017:13:38:32 +0000] "GET /manifest.json HTTP/1.1" 200 4095 "https://thesaudilaw.com/lawyers/%D8%B1%D8%A7%D8%A6%D8%AF-%D8%A8%D9%86-%D8%B9%D8%A8%D8%AF%D8%A7%D9%84%D9%84%D9%87-%D8%B9%D9%84%D9%8A-%D8%A8%D8%A7%D8%AC%D9%86%D8%AF%D9%88%D8%AD" "Mozilla/5.0 (Linux; Android 6.0.1; SM-G800F Build/MMB29K) AppleWebKit/537.36 (KHTML, like Gecko) Chrome/56.0.2924.87 Mobile Safari/537.36"
188.55.206.106 - - [04/Oct/2017:13:38:32 +0000] "GET /apple-touch-icon.png HTTP/1.1" 200 3905 "https://thesaudilaw.com/lawyers/%D8%B1%D8%A7%D8%A6%D8%AF-%D8%A8%D9%86-%D8%B9%D8%A8%D8%AF%D8%A7%D9%84%D9%84%D9%87-%D8%B9%D9%84%D9%8A-%D8%A8%D8%A7%D8%AC%D9%86%D8%AF%D9%88%D8%AD" "Mozilla/5.0 (Linux; Android 6.0.1; SM-G800F Build/MMB29K) AppleWebKit/537.36 (KHTML, like Gecko) Chrome/56.0.2924.87 Mobile Safari/537.36"
64.120.56.210 - - [04/Oct/2017:13:38:40 +0000] "GET /robots.txt HTTP/1.1" 200 3008 "-" "Mozilla/5.0 (compatible; MJ12bot/v1.4.7; http://mj12bot.com/)"
64.120.56.210 - - [04/Oct/2017:13:38:46 +0000] "GET /lawyers/%D8%A3%D8%AD%D9%85%D8%AF-%D8%A8%D9%86-%D8%B9%D8%A8%D8%AF%D8%A7%D9%84%D9%84%D9%87-%D8%B8%D8%A7%D9%81%D8%B1-%D8%A7%D9%84%D9%83%D9%86%D8%A7%D9%86%D9%8A-%D8%A7%D9%84%D8%B4%D9%87%D8%B1%D9%8A HTTP/1.1" 200 12803 "-" "Mozilla/5.0 (compatible; MJ12bot/v1.4.7; http://mj12bot.com/)"
64.120.56.210 - - [04/Oct/2017:13:38:53 +0000] "GET /lawyers/%D8%A3%D8%AD%D9%85%D8%AF-%D8%A8%D9%86-%D8%B9%D8%A8%D8%AF%D8%A7%D9%84%D9%84%D9%87-%D8%B9%D9%84%D9%8A-%D8%A7%D8%A8%D9%86-%D8%AD%D9%85%D9%88%D8%B6 HTTP/1.1" 200 4382 "-" "Mozilla/5.0 (compatible; MJ12bot/v1.4.7; http://mj12bot.com/)"
64.120.56.210 - - [04/Oct/2017:13:39:03 +0000] "GET /lawyers/%D8%A3%D8%AD%D9%85%D8%AF-%D8%A8%D9%86-%D8%B9%D8%A8%D8%AF%D8%A7%D9%84%D9%88%D8%A7%D8%AD%D8%AF-%D9%8A%D8%AD%D9%8A%D9%89-%D8%A7%D9%84%D9%82%D8%AD%D8%B7%D8%A7%D9%86%D9%8A HTTP/1.1" 200 4398 "-" "Mozilla/5.0 (compatible; MJ12bot/v1.4.7; http://mj12bot.com/)"
64.120.56.210 - - [04/Oct/2017:13:39:11 +0000] "GET /lawyers/%D8%A3%D8%AD%D9%85%D8%AF-%D8%A8%D9%86-%D8%B9%D8%A8%D8%AF%D8%A7%D9%84%D9%88%D8%AF%D9%88%D8%AF-%D8%AD%D8%A7%D9%85%D8%AF-%D8%B3%D8%B1%D8%A7%D8%AC HTTP/1.1" 200 4382 "-" "Mozilla/5.0 (compatible; MJ12bot/v1.4.7; http://mj12bot.com/)"
64.120.56.210 - - [04/Oct/2017:13:39:18 +0000] "GET /lawyers/%D8%A3%D8%AD%D9%85%D8%AF-%D8%A8%D9%86-%D8%B9%D8%B4%D9%88%D8%A7%D9%86-%D8%B1%D8%AF%D8%B9%D8%A7%D9%86-%D8%A7%D9%84%D9%81%D8%AF%D8%B9%D8%A7%D9%86%D9%8A-%D8%A7%D9%84%D8%B9%D9%86%D8%B2%D9%8A HTTP/1.1" 200 4398 "-" "Mozilla/5.0 (compatible; MJ12bot/v1.4.7; http://mj12bot.com/)"
64.120.56.210 - - [04/Oct/2017:13:39:26 +0000] "GET /lawyers/%D8%A3%D8%AD%D9%85%D8%AF-%D8%A8%D9%86-%D8%B9%D9%84%D9%8A-%D9%85%D8%AD%D9%85%D8%AF-%D8%A7%D9%84%D8%B9%D9%82%D9%84 HTTP/1.1" 200 4350 "-" "Mozilla/5.0 (compatible; MJ12bot/v1.4.7; http://mj12bot.com/)"
64.120.56.210 - - [04/Oct/2017:13:39:35 +0000] "GET /lawyers/%D8%A3%D8%AD%D9%85%D8%AF-%D8%A8%D9%86-%D8%B9%D9%84%D9%8A-%D9%85%D8%AD%D9%85%D8%AF-%D8%A8%D9%86-%D8%AD%D9%81%D8%A7%D9%81 HTTP/1.1" 200 4350 "-" "Mozilla/5.0 (compatible; MJ12bot/v1.4.7; http://mj12bot.com/)"
64.120.56.210 - - [04/Oct/2017:13:39:43 +0000] "GET /lawyers/%D8%A3%D8%AD%D9%85%D8%AF-%D8%A8%D9%86-%D8%BA%D8%A7%D8%B2%D9%8A-%D9%81%D9%8A%D8%B5%D9%84-%D8%A8%D8%B5%D8%B1%D8%A7%D9%88%D9%8A HTTP/1.1" 200 4382 "-" "Mozilla/5.0 (compatible; MJ12bot/v1.4.7; http://mj12bot.com/)"
64.120.56.210 - - [04/Oct/2017:13:40:09 +0000] "GET /lawyers/%D8%A3%D8%AD%D9%85%D8%AF-%D8%A8%D9%86-%D9%81%D9%8A%D8%B5%D9%84-%D9%85%D8%AD%D9%85%D8%AF-%D8%B5%D8%A7%D9%84%D8%AD-%D9%8A%D9%85%D8%A7%D9%86%D9%8A HTTP/1.1" 200 4366 "-" "Mozilla/5.0 (compatible; MJ12bot/v1.4.7; http://mj12bot.com/)"
64.120.56.210 - - [04/Oct/2017:13:40:16 +0000] "GET /lawyers/%D8%A3%D8%AD%D9%85%D8%AF-%D8%A8%D9%86-%D9%85%D8%A8%D8%A7%D8%B1%D9%83-%D8%AD%D8%A7%D9%85%D8%AF-%D8%A7%D9%84%D9%87%D9%85%D9%8A%D9%84%D9%8A-%D8%A7%D9%84%D8%AD%D8%A7%D8%B1%D8%AB%D9%8A HTTP/1.1" 200 4398 "-" "Mozilla/5.0 (compatible; MJ12bot/v1.4.7; http://mj12bot.com/)"
64.120.56.210 - - [04/Oct/2017:13:40:20 +0000] "GET /lawyers/%D8%A3%D8%AD%D9%85%D8%AF-%D8%A8%D9%86-%D9%85%D8%AD%D9%85%D8%AF-%D8%AD%D9%85%D8%AF-%D8%A7%D9%84%D8%AC%D8%B7%D9%8A%D9%84%D9%8A HTTP/1.1" 200 4212 "-" "Mozilla/5.0 (compatible; MJ12bot/v1.4.7; http://mj12bot.com/)"
176.44.89.71 - - [04/Oct/2017:13:40:22 +0000] "HEAD /codes/%D8%A7%D9%84%D9%84%D8%A7%D8%A6%D8%AD%D8%A9-%D8%A7%D9%84%D8%AA%D9%86%D8%B8%D9%8A%D9%85%D9%8A%D8%A9-%D9%84%D8%AA%D8%A3%D8%B4%D9%8A%D8%B1%D8%A7%D8%AA-%D8%A7%D9%84%D8%A3%D8%B9%D9%85%D8%A7%D9%84-%D8%A7%D9%84%D9%85%D8%A4%D9%82%D8%AA%D8%A9-%D9%88%D8%A7%D9%84%D9%85%D9%88%D8%B3%D9%85%D9%8A%D8%A9-1436 HTTP/1.1" 200 4171 "-" "Mozilla/5.0 (Windows NT 10.0; Win64; x64) AppleWebKit/537.36 (KHTML, like Gecko) Chrome/61.0.3163.100 Safari/537.36"
176.44.89.71 - - [04/Oct/2017:13:40:24 +0000] "GET /codes/%D8%A7%D9%84%D9%84%D8%A7%D8%A6%D8%AD%D8%A9-%D8%A7%D9%84%D8%AA%D9%86%D8%B8%D9%8A%D9%85%D9%8A%D8%A9-%D9%84%D8%AA%D8%A3%D8%B4%D9%8A%D8%B1%D8%A7%D8%AA-%D8%A7%D9%84%D8%A3%D8%B9%D9%85%D8%A7%D9%84-%D8%A7%D9%84%D9%85%D8%A4%D9%82%D8%AA%D8%A9-%D9%88%D8%A7%D9%84%D9%85%D9%88%D8%B3%D9%85%D9%8A%D8%A9-1436 HTTP/1.1" 200 10563 "-" "Mozilla/5.0 (Windows NT 10.0; Win64; x64) AppleWebKit/537.36 (KHTML, like Gecko) Chrome/61.0.3163.100 Safari/537.36"
176.44.89.71 - - [04/Oct/2017:13:40:24 +0000] "GET /css/app.css?id=ea2b7f26afe664d56a04 HTTP/1.1" 200 33869 "https://thesaudilaw.com/codes/%D8%A7%D9%84%D9%84%D8%A7%D8%A6%D8%AD%D8%A9-%D8%A7%D9%84%D8%AA%D9%86%D8%B8%D9%8A%D9%85%D9%8A%D8%A9-%D9%84%D8%AA%D8%A3%D8%B4%D9%8A%D8%B1%D8%A7%D8%AA-%D8%A7%D9%84%D8%A3%D8%B9%D9%85%D8%A7%D9%84-%D8%A7%D9%84%D9%85%D8%A4%D9%82%D8%AA%D8%A9-%D9%88%D8%A7%D9%84%D9%85%D9%88%D8%B3%D9%85%D9%8A%D8%A9-1436" "Mozilla/5.0 (Windows NT 10.0; Win64; x64) AppleWebKit/537.36 (KHTML, like Gecko) Chrome/61.0.3163.100 Safari/537.36"
176.44.89.71 - - [04/Oct/2017:13:40:24 +0000] "GET /img/logo.svg HTTP/1.1" 200 7207 "https://thesaudilaw.com/codes/%D8%A7%D9%84%D9%84%D8%A7%D8%A6%D8%AD%D8%A9-%D8%A7%D9%84%D8%AA%D9%86%D8%B8%D9%8A%D9%85%D9%8A%D8%A9-%D9%84%D8%AA%D8%A3%D8%B4%D9%8A%D8%B1%D8%A7%D8%AA-%D8%A7%D9%84%D8%A3%D8%B9%D9%85%D8%A7%D9%84-%D8%A7%D9%84%D9%85%D8%A4%D9%82%D8%AA%D8%A9-%D9%88%D8%A7%D9%84%D9%85%D9%88%D8%B3%D9%85%D9%8A%D8%A9-1436" "Mozilla/5.0 (Windows NT 10.0; Win64; x64) AppleWebKit/537.36 (KHTML, like Gecko) Chrome/61.0.3163.100 Safari/537.36"
176.44.89.71 - - [04/Oct/2017:13:40:24 +0000] "GET /js/manifest.js?id=00c9397dc4d2d4ed54de HTTP/1.1" 200 1221 "https://thesaudilaw.com/codes/%D8%A7%D9%84%D9%84%D8%A7%D8%A6%D8%AD%D8%A9-%D8%A7%D9%84%D8%AA%D9%86%D8%B8%D9%8A%D9%85%D9%8A%D8%A9-%D9%84%D8%AA%D8%A3%D8%B4%D9%8A%D8%B1%D8%A7%D8%AA-%D8%A7%D9%84%D8%A3%D8%B9%D9%85%D8%A7%D9%84-%D8%A7%D9%84%D9%85%D8%A4%D9%82%D8%AA%D8%A9-%D9%88%D8%A7%D9%84%D9%85%D9%88%D8%B3%D9%85%D9%8A%D8%A9-1436" "Mozilla/5.0 (Windows NT 10.0; Win64; x64) AppleWebKit/537.36 (KHTML, like Gecko) Chrome/61.0.3163.100 Safari/537.36"
176.44.89.71 - - [04/Oct/2017:13:40:25 +0000] "GET /js/app.js?id=616a35b9db9ae672e3b5 HTTP/1.1" 200 42188 "https://thesaudilaw.com/codes/%D8%A7%D9%84%D9%84%D8%A7%D8%A6%D8%AD%D8%A9-%D8%A7%D9%84%D8%AA%D9%86%D8%B8%D9%8A%D9%85%D9%8A%D8%A9-%D9%84%D8%AA%D8%A3%D8%B4%D9%8A%D8%B1%D8%A7%D8%AA-%D8%A7%D9%84%D8%A3%D8%B9%D9%85%D8%A7%D9%84-%D8%A7%D9%84%D9%85%D8%A4%D9%82%D8%AA%D8%A9-%D9%88%D8%A7%D9%84%D9%85%D9%88%D8%B3%D9%85%D9%8A%D8%A9-1436" "Mozilla/5.0 (Windows NT 10.0; Win64; x64) AppleWebKit/537.36 (KHTML, like Gecko) Chrome/61.0.3163.100 Safari/537.36"
176.44.89.71 - - [04/Oct/2017:13:40:26 +0000] "GET /fonts/vendor/font-awesome/fontawesome-webfont.woff2?af7ae505a9eed503f8b8e6982036873e HTTP/1.1" 200 77750 "https://thesaudilaw.com/css/app.css?id=ea2b7f26afe664d56a04" "Mozilla/5.0 (Windows NT 10.0; Win64; x64) AppleWebKit/537.36 (KHTML, like Gecko) Chrome/61.0.3163.100 Safari/537.36"
64.120.56.210 - - [04/Oct/2017:13:40:28 +0000] "GET /lawyers/%D8%A3%D8%AD%D9%85%D8%AF-%D8%A8%D9%86-%D9%85%D8%AD%D9%85%D8%AF-%D8%B9%D8%A8%D8%AF-%D8%A7%D9%84%D9%84%D9%87-%D8%A7%D9%84%D9%85%D8%AD%D9%85%D8%AF-%D8%A7%D9%84%D8%B9%D9%85%D8%B1%D9%8A HTTP/1.1" 200 4382 "-" "Mozilla/5.0 (compatible; MJ12bot/v1.4.7; http://mj12bot.com/)"
176.44.89.71 - - [04/Oct/2017:13:40:25 +0000] "GET /js/vendor.js?id=f7400958569fae48befe HTTP/1.1" 200 252214 "https://thesaudilaw.com/codes/%D8%A7%D9%84%D9%84%D8%A7%D8%A6%D8%AD%D8%A9-%D8%A7%D9%84%D8%AA%D9%86%D8%B8%D9%8A%D9%85%D9%8A%D8%A9-%D9%84%D8%AA%D8%A3%D8%B4%D9%8A%D8%B1%D8%A7%D8%AA-%D8%A7%D9%84%D8%A3%D8%B9%D9%85%D8%A7%D9%84-%D8%A7%D9%84%D9%85%D8%A4%D9%82%D8%AA%D8%A9-%D9%88%D8%A7%D9%84%D9%85%D9%88%D8%B3%D9%85%D9%8A%D8%A9-1436" "Mozilla/5.0 (Windows NT 10.0; Win64; x64) AppleWebKit/537.36 (KHTML, like Gecko) Chrome/61.0.3163.100 Safari/537.36"
64.120.56.210 - - [04/Oct/2017:13:40:33 +0000] "GET /lawyers/%D8%A3%D8%AD%D9%85%D8%AF-%D8%A8%D9%86-%D9%85%D8%AD%D9%85%D8%AF-%D8%B9%D8%A8%D8%AF%D8%A7%D9%84%D8%B9%D8%B2%D9%8A%D8%B2-%D8%A7%D9%84%D9%85%D8%B7%D9%88%D8%B9 HTTP/1.1" 200 4366 "-" "Mozilla/5.0 (compatible; MJ12bot/v1.4.7; http://mj12bot.com/)"
176.44.89.71 - - [04/Oct/2017:13:40:38 +0000] "GET /favicon-32x32.png HTTP/1.1" 200 1456 "https://thesaudilaw.com/codes/%D8%A7%D9%84%D9%84%D8%A7%D8%A6%D8%AD%D8%A9-%D8%A7%D9%84%D8%AA%D9%86%D8%B8%D9%8A%D9%85%D9%8A%D8%A9-%D9%84%D8%AA%D8%A3%D8%B4%D9%8A%D8%B1%D8%A7%D8%AA-%D8%A7%D9%84%D8%A3%D8%B9%D9%85%D8%A7%D9%84-%D8%A7%D9%84%D9%85%D8%A4%D9%82%D8%AA%D8%A9-%D9%88%D8%A7%D9%84%D9%85%D9%88%D8%B3%D9%85%D9%8A%D8%A9-1436" "Mozilla/5.0 (Windows NT 10.0; Win64; x64) AppleWebKit/537.36 (KHTML, like Gecko) Chrome/61.0.3163.100 Safari/537.36"
176.44.89.71 - - [04/Oct/2017:13:40:39 +0000] "GET /favicon-16x16.png HTTP/1.1" 200 996 "https://thesaudilaw.com/codes/%D8%A7%D9%84%D9%84%D8%A7%D8%A6%D8%AD%D8%A9-%D8%A7%D9%84%D8%AA%D9%86%D8%B8%D9%8A%D9%85%D9%8A%D8%A9-%D9%84%D8%AA%D8%A3%D8%B4%D9%8A%D8%B1%D8%A7%D8%AA-%D8%A7%D9%84%D8%A3%D8%B9%D9%85%D8%A7%D9%84-%D8%A7%D9%84%D9%85%D8%A4%D9%82%D8%AA%D8%A9-%D9%88%D8%A7%D9%84%D9%85%D9%88%D8%B3%D9%85%D9%8A%D8%A9-1436" "Mozilla/5.0 (Windows NT 10.0; Win64; x64) AppleWebKit/537.36 (KHTML, like Gecko) Chrome/61.0.3163.100 Safari/537.36"
64.120.56.210 - - [04/Oct/2017:13:40:40 +0000] "GET /lawyers/%D8%A3%D8%AD%D9%85%D8%AF-%D8%A8%D9%86-%D9%85%D8%AD%D9%85%D8%AF-%D8%B9%D8%A8%D8%AF%D8%A7%D9%84%D9%84%D9%87-%D8%A7%D9%84%D8%A3%D8%AD%D9%85%D8%AF HTTP/1.1" 200 4366 "-" "Mozilla/5.0 (compatible; MJ12bot/v1.4.7; http://mj12bot.com/)"
64.120.56.210 - - [04/Oct/2017:13:40:50 +0000] "GET /lawyers/%D8%A3%D8%AD%D9%85%D8%AF-%D8%A8%D9%86-%D9%85%D8%AD%D9%85%D8%AF-%D9%86%D8%A7%D9%81%D8%B9-%D8%A7%D9%84-%D9%86%D8%A7%D9%81%D8%B9-%D8%A7%D9%84%D9%85%D8%B1%D8%AD%D8%A8%D9%8A HTTP/1.1" 200 4382 "-" "Mozilla/5.0 (compatible; MJ12bot/v1.4.7; http://mj12bot.com/)"
64.120.56.210 - - [04/Oct/2017:13:40:57 +0000] "GET /lawyers/%D8%A3%D8%AD%D9%85%D8%AF-%D8%A8%D9%86-%D9%85%D8%AD%D9%85%D8%AF-%D9%8A%D8%AD%D9%8A%D9%89-%D9%85%D8%B0%D9%83%D9%88%D8%B1 HTTP/1.1" 200 4366 "-" "Mozilla/5.0 (compatible; MJ12bot/v1.4.7; http://mj12bot.com/)"
64.120.56.210 - - [04/Oct/2017:13:41:04 +0000] "GET /lawyers/%D8%A3%D8%AD%D9%85%D8%AF-%D8%A8%D9%86-%D9%85%D8%B4%D8%A8%D8%A8-%D8%A3%D8%AD%D9%85%D8%AF-%D8%B9%D8%B7%D9%8A%D9%81 HTTP/1.1" 200 4366 "-" "Mozilla/5.0 (compatible; MJ12bot/v1.4.7; http://mj12bot.com/)"
64.120.56.210 - - [04/Oct/2017:13:41:12 +0000] "GET /lawyers/%D8%A3%D8%AD%D9%85%D8%AF-%D8%A8%D9%86-%D9%86%D8%A7%D8%B5%D8%B1-%D8%AD%D9%85%D9%88%D8%AF-%D8%A7%D9%84%D8%B9%D9%8A%D8%B3%D9%89-%D8%A7%D9%84%D8%AE%D8%A7%D9%84%D8%AF%D9%8A HTTP/1.1" 200 4382 "-" "Mozilla/5.0 (compatible; MJ12bot/v1.4.7; http://mj12bot.com/)"
64.120.56.210 - - [04/Oct/2017:13:41:16 +0000] "GET /lawyers/%D8%A3%D8%AD%D9%85%D8%AF-%D8%A8%D9%86-%D9%8A%D8%AD%D9%8A%D9%89-%D8%A3%D8%AD%D9%85%D8%AF-%D8%AB%D8%A7%D8%A8%D8%AA-%D8%B9%D8%B3%D9%8A%D8%B1%D9%8A HTTP/1.1" 200 4244 "-" "Mozilla/5.0 (compatible; MJ12bot/v1.4.7; http://mj12bot.com/)"
64.120.56.210 - - [04/Oct/2017:13:41:25 +0000] "GET /lawyers/%D8%A3%D8%AD%D9%85%D8%AF-%D8%A8%D9%86-%D9%8A%D8%AD%D9%8A%D9%89-%D8%AC%D8%A7%D8%A8%D8%B1-%D8%A7%D9%84%D9%88%D8%AF%D8%B9%D8%A7%D9%86%D9%8A HTTP/1.1" 200 4382 "-" "Mozilla/5.0 (compatible; MJ12bot/v1.4.7; http://mj12bot.com/)"
64.120.56.210 - - [04/Oct/2017:13:41:32 +0000] "GET /lawyers/%D8%A3%D8%B3%D8%A7%D9%85%D8%A9-%D8%A8%D9%86-%D8%A3%D8%AD%D9%85%D8%AF-%D9%85%D8%AD%D9%85%D8%AF-%D8%A7%D9%84%D8%B1%D9%81%D8%A7%D8%B9%D9%8A HTTP/1.1" 200 4366 "-" "Mozilla/5.0 (compatible; MJ12bot/v1.4.7; http://mj12bot.com/)"
64.120.56.210 - - [04/Oct/2017:13:41:41 +0000] "GET /lawyers/%D8%A3%D8%B3%D8%A7%D9%85%D8%A9-%D8%A8%D9%86-%D9%85%D8%AD%D9%85%D8%AF-%D8%AD%D9%85%D8%AF-%D8%A7%D9%84%D8%B3%D9%84%D9%8A%D9%85 HTTP/1.1" 200 4350 "-" "Mozilla/5.0 (compatible; MJ12bot/v1.4.7; http://mj12bot.com/)"
64.120.56.210 - - [04/Oct/2017:13:41:50 +0000] "GET /lawyers/%D8%A3%D8%B3%D8%A7%D9%85%D8%A9-%D8%A8%D9%86-%D9%85%D8%AD%D9%85%D8%AF-%D8%B9%D8%AA%D9%8A%D9%82-%D8%A7%D9%84%D8%B5%D8%A8%D8%AD%D9%8A-%D8%A7%D9%84%D8%AD%D8%B1%D8%A8%D9%8A HTTP/1.1" 200 4382 "-" "Mozilla/5.0 (compatible; MJ12bot/v1.4.7; http://mj12bot.com/)"
64.120.56.210 - - [04/Oct/2017:13:41:54 +0000] "GET /lawyers/%D8%A3%D8%B3%D8%A7%D9%85%D9%87-%D8%A8%D9%86-%D9%85%D8%AD%D9%85%D8%AF-%D8%B9%D8%A8%D8%AF%D8%A7%D9%84%D9%85%D8%AD%D8%B3%D9%86-%D8%B2%D9%8A%D8%AF HTTP/1.1" 200 4244 "-" "Mozilla/5.0 (compatible; MJ12bot/v1.4.7; http://mj12bot.com/)"
64.120.56.210 - - [04/Oct/2017:13:42:02 +0000] "GET /lawyers/%D8%A3%D8%B4%D8%B1%D9%81-%D8%A8%D9%86-%D9%85%D8%AD%D9%85%D8%AF-%D8%A3%D8%AD%D9%85%D8%AF-%D8%A7%D9%84%D8%B3%D8%B1%D8%A7%D8%AC HTTP/1.1" 200 4350 "-" "Mozilla/5.0 (compatible; MJ12bot/v1.4.7; http://mj12bot.com/)"
64.120.56.210 - - [04/Oct/2017:13:42:11 +0000] "GET /lawyers/%D8%A3%D9%86%D8%B3-%D8%A8%D9%86-%D8%B5%D8%A7%D9%84%D8%AD-%D9%85%D8%AD%D9%85%D8%AF-%D8%A7%D9%84%D8%B5%D9%88%D8%A7%D8%B7 HTTP/1.1" 200 4350 "-" "Mozilla/5.0 (compatible; MJ12bot/v1.4.7; http://mj12bot.com/)"
64.120.56.210 - - [04/Oct/2017:13:42:17 +0000] "GET /lawyers/%D8%A3%D9%86%D8%B3-%D8%A8%D9%86-%D8%B9%D8%A8%D8%AF%D8%A7%D9%84%D9%84%D9%87-%D8%B9%D8%A8%D8%AF%D8%A7%D9%84%D8%B1%D8%AD%D9%85%D9%86-%D8%A7%D9%84%D8%AC%D9%84%D8%A7%D9%84 HTTP/1.1" 200 4382 "-" "Mozilla/5.0 (compatible; MJ12bot/v1.4.7; http://mj12bot.com/)"
64.120.56.210 - - [04/Oct/2017:13:42:25 +0000] "GET /lawyers/%D8%A3%D9%86%D8%B3-%D8%A8%D9%86-%D8%B9%D8%A8%D8%AF%D8%A7%D9%84%D9%85%D8%AD%D8%B3%D9%86-%D9%85%D8%AD%D9%85%D8%AF-%D8%A7%D9%84%D8%B3%D9%88%D9%8A%D9%84%D9%85 HTTP/1.1" 200 4382 "-" "Mozilla/5.0 (compatible; MJ12bot/v1.4.7; http://mj12bot.com/)"
64.120.56.210 - - [04/Oct/2017:13:42:36 +0000] "GET /lawyers/%D8%A3%D9%86%D9%88%D8%A7%D8%B1-%D8%A8%D9%86%D8%AA-%D8%AE%D8%A7%D9%84%D8%AF-%D9%85%D8%B3%D9%84%D9%85-%D8%A7%D9%84%D8%AD%D8%B1%D8%A8%D9%8A HTTP/1.1" 200 4366 "-" "Mozilla/5.0 (compatible; MJ12bot/v1.4.7; http://mj12bot.com/)"
64.120.56.210 - - [04/Oct/2017:13:42:42 +0000] "GET /lawyers/%D8%A3%D9%8A%D9%85%D9%86-%D8%A8%D9%86-%D8%B9%D8%A8%D8%AF%D8%A7%D9%84%D9%84%D9%87-%D9%85%D8%AD%D9%85%D8%AF-%D8%A7%D9%84%D9%83%D9%86%D8%A7%D9%86%D9%8A-%D8%A7%D9%84%D8%B2%D9%87%D8%B1%D8%A7%D9%86%D9%8A HTTP/1.1" 200 4398 "-" "Mozilla/5.0 (compatible; MJ12bot/v1.4.7; http://mj12bot.com/)"
64.120.56.210 - - [04/Oct/2017:13:42:54 +0000] "GET /lawyers/%D8%A3%D9%8A%D9%85%D9%86-%D8%A8%D9%86-%D9%85%D8%AD%D9%85%D8%AF-%D8%B9%D8%A8%D8%AF-%D8%A7%D9%84%D9%88%D8%A7%D8%AD%D8%AF-%D8%A7%D8%A8%D8%B1%D8%A7%D9%87%D9%8A%D9%85-%D8%AC%D9%85%D8%AC%D9%88%D9%85 HTTP/1.1" 200 4398 "-" "Mozilla/5.0 (compatible; MJ12bot/v1.4.7; http://mj12bot.com/)"
64.120.56.210 - - [04/Oct/2017:13:43:03 +0000] "GET /lawyers/%D8%A5%D8%A8%D8%B1%D8%A7%D9%87%D9%8A%D9%85-%D8%A8%D9%86-%D8%A3%D8%AD%D9%85%D8%AF-%D8%B9%D8%B7%D9%8A%D8%A9-%D8%A7%D9%84%D8%A8%D8%A7%D8%B4%D9%87-%D8%A7%D9%84%D8%BA%D8%A7%D9%85%D8%AF%D9%8A HTTP/1.1" 200 4414 "-" "Mozilla/5.0 (compatible; MJ12bot/v1.4.7; http://mj12bot.com/)"
64.120.56.210 - - [04/Oct/2017:13:43:26 +0000] "GET /lawyers/%D8%A5%D8%A8%D8%B1%D8%A7%D9%87%D9%8A%D9%85-%D8%A8%D9%86-%D8%B5%D8%A7%D9%84%D8%AD-%D8%A5%D8%A8%D8%B1%D8%A7%D9%87%D9%8A%D9%85-%D8%A7%D9%84%D8%B9%D8%AC%D8%A7%D8%AC%D9%8A HTTP/1.1" 200 4382 "-" "Mozilla/5.0 (compatible; MJ12bot/v1.4.7; http://mj12bot.com/)"
64.120.56.210 - - [04/Oct/2017:13:43:43 +0000] "GET /lawyers/%D8%A5%D8%A8%D8%B1%D8%A7%D9%87%D9%8A%D9%85-%D8%A8%D9%86-%D8%B5%D8%A7%D9%84%D8%AD-%D9%85%D8%AD%D9%85%D8%AF-%D8%A7%D9%84%D8%AF%D8%A8%D8%A7%D8%B3%D9%8A HTTP/1.1" 200 6874 "-" "Mozilla/5.0 (compatible; MJ12bot/v1.4.7; http://mj12bot.com/)"
64.120.56.210 - - [04/Oct/2017:13:43:53 +0000] "GET /lawyers/%D8%A5%D8%A8%D8%B1%D8%A7%D9%87%D9%8A%D9%85-%D8%A8%D9%86-%D8%B9%D8%A7%D8%AF%D9%84-%D8%A5%D8%A8%D8%B1%D8%A7%D9%87%D9%8A%D9%85-%D8%A8%D9%86-%D8%B9%D9%84%D9%8A-%D9%86%D8%A7%D9%81%D8%B9 HTTP/1.1" 200 6874 "-" "Mozilla/5.0 (compatible; MJ12bot/v1.4.7; http://mj12bot.com/)"
64.120.56.210 - - [04/Oct/2017:13:44:03 +0000] "GET /lawyers/%D8%A5%D8%A8%D8%B1%D8%A7%D9%87%D9%8A%D9%85-%D8%A8%D9%86-%D8%B9%D8%A8%D8%AF-%D8%A7%D9%84%D8%B1%D8%AD%D9%85%D9%86-%D8%B9%D8%A8%D8%AF-%D8%A7%D9%84%D9%84%D9%87-%D8%A7%D9%84%D8%A8%D8%B1%D8%A7%D9%83 HTTP/1.1" 200 4382 "-" "Mozilla/5.0 (compatible; MJ12bot/v1.4.7; http://mj12bot.com/)"
64.120.56.210 - - [04/Oct/2017:13:44:12 +0000] "GET /lawyers/%D8%A5%D8%A8%D8%B1%D8%A7%D9%87%D9%8A%D9%85-%D8%A8%D9%86-%D8%B9%D8%A8%D8%AF-%D8%A7%D9%84%D8%B1%D8%AD%D9%85%D9%86-%D8%B9%D8%A8%D8%AF-%D8%A7%D9%84%D9%84%D9%87-%D8%A7%D9%84%D9%85%D8%AF%D9%8A%D9%85%D9%8A%D8%BA HTTP/1.1" 200 4398 "-" "Mozilla/5.0 (compatible; MJ12bot/v1.4.7; http://mj12bot.com/)"
64.120.56.210 - - [04/Oct/2017:13:44:22 +0000] "GET /lawyers/%D8%A5%D8%A8%D8%B1%D8%A7%D9%87%D9%8A%D9%85-%D8%A8%D9%86-%D8%B9%D8%A8%D8%AF-%D8%A7%D9%84%D9%84%D9%87-%D8%A3%D8%AD%D9%85%D8%AF-%D8%A7%D9%84%D8%A8%D8%B1%D8%A7%D9%87%D9%8A%D9%85 HTTP/1.1" 200 4398 "-" "Mozilla/5.0 (compatible; MJ12bot/v1.4.7; http://mj12bot.com/)"
64.120.56.210 - - [04/Oct/2017:13:44:29 +0000] "GET /lawyers/%D8%A5%D8%A8%D8%B1%D8%A7%D9%87%D9%8A%D9%85-%D8%A8%D9%86-%D8%B9%D8%A8%D8%AF-%D8%A7%D9%84%D9%84%D9%87-%D9%82%D8%A7%D8%B3%D9%85-%D9%82%D8%B4%D9%84%D8%A7%D9%86 HTTP/1.1" 200 4398 "-" "Mozilla/5.0 (compatible; MJ12bot/v1.4.7; http://mj12bot.com/)"
64.120.56.210 - - [04/Oct/2017:13:44:38 +0000] "GET /lawyers/%D8%A5%D8%A8%D8%B1%D8%A7%D9%87%D9%8A%D9%85-%D8%A8%D9%86-%D8%B9%D8%A8%D8%AF%D8%A7%D9%84%D8%B1%D8%AD%D9%8A%D9%85-%D8%A3%D8%AD%D9%85%D8%AF-%D8%A2%D9%84-%D8%AD%D8%A7%D9%81%D8%B8-%D8%A7%D9%84%D8%BA%D8%A7%D9%85%D8%AF%D9%8A HTTP/1.1" 200 4430 "-" "Mozilla/5.0 (compatible; MJ12bot/v1.4.7; http://mj12bot.com/)"
64.120.56.210 - - [04/Oct/2017:13:44:47 +0000] "GET /lawyers/%D8%A5%D8%A8%D8%B1%D8%A7%D9%87%D9%8A%D9%85-%D8%A8%D9%86-%D8%B9%D8%A8%D8%AF%D8%A7%D9%84%D9%85%D8%AC%D9%8A%D8%AF-%D8%B5%D8%A7%D8%AF%D9%82-%D8%A7%D9%84%D8%A2%D8%A8%D8%A7%D8%AF%D9%8A HTTP/1.1" 200 4398 "-" "Mozilla/5.0 (compatible; MJ12bot/v1.4.7; http://mj12bot.com/)"
64.120.56.210 - - [04/Oct/2017:13:44:55 +0000] "GET /lawyers/%D8%A5%D8%A8%D8%B1%D8%A7%D9%87%D9%8A%D9%85-%D8%A8%D9%86-%D8%B9%D9%84%D9%8A-%D9%85%D8%AD%D9%85%D8%AF-%D8%A2%D9%84-%D8%B3%D9%86%D8%A7%D9%86 HTTP/1.1" 200 4382 "-" "Mozilla/5.0 (compatible; MJ12bot/v1.4.7; http://mj12bot.com/)"
64.120.56.210 - - [04/Oct/2017:13:45:03 +0000] "GET /lawyers/%D8%A5%D8%A8%D8%B1%D8%A7%D9%87%D9%8A%D9%85-%D8%A8%D9%86-%D8%B9%D9%84%D9%8A-%D9%85%D8%AD%D9%85%D8%AF-%D8%A7%D9%84%D9%86%D9%81%D9%8A%D8%B3%D9%87 HTTP/1.1" 200 4382 "-" "Mozilla/5.0 (compatible; MJ12bot/v1.4.7; http://mj12bot.com/)"
64.120.56.210 - - [04/Oct/2017:13:45:11 +0000] "GET /lawyers/%D8%A5%D8%A8%D8%B1%D8%A7%D9%87%D9%8A%D9%85-%D8%A8%D9%86-%D8%B9%D9%8A%D8%B3%D9%89-%D8%B9%D9%84%D9%8A-%D8%A7%D9%84%D8%B9%D9%84%D9%8A-%D8%A7%D9%84%D8%B9%D9%8A%D8%B3%D9%89 HTTP/1.1" 200 4382 "-" "Mozilla/5.0 (compatible; MJ12bot/v1.4.7; http://mj12bot.com/)"
64.120.56.210 - - [04/Oct/2017:13:45:20 +0000] "GET /lawyers/%D8%A5%D8%A8%D8%B1%D8%A7%D9%87%D9%8A%D9%85-%D8%A8%D9%86-%D9%85%D8%AD%D9%85%D8%AF-%D8%B1%D8%A8%D8%AD%D9%8A-%D8%A5%D8%A8%D8%B1%D8%A7%D9%87%D9%8A%D9%85-%D9%86%D8%AC%D9%85 HTTP/1.1" 200 4382 "-" "Mozilla/5.0 (compatible; MJ12bot/v1.4.7; http://mj12bot.com/)"
64.120.56.210 - - [04/Oct/2017:13:45:29 +0000] "GET /lawyers/%D8%A5%D8%A8%D8%B1%D8%A7%D9%87%D9%8A%D9%85-%D8%A8%D9%86-%D9%85%D8%AD%D9%85%D8%AF-%D8%B9%D8%A8%D8%AF%D8%A7%D9%84%D9%83%D8%B1%D9%8A%D9%85-%D8%A7%D9%84%D8%B9%D8%AA%D9%8A%D9%82 HTTP/1.1" 200 4398 "-" "Mozilla/5.0 (compatible; MJ12bot/v1.4.7; http://mj12bot.com/)"
64.120.56.210 - - [04/Oct/2017:13:45:35 +0000] "GET /lawyers/%D8%A5%D8%A8%D8%B1%D8%A7%D9%87%D9%8A%D9%85-%D8%A8%D9%86-%D9%85%D8%AD%D9%85%D8%AF-%D8%B9%D8%A8%D8%AF%D8%A7%D9%84%D9%84%D9%87-%D8%A7%D9%84%D9%86%D8%A7%D8%B5%D8%B1%D9%8A HTTP/1.1" 200 4398 "-" "Mozilla/5.0 (compatible; MJ12bot/v1.4.7; http://mj12bot.com/)"
64.120.56.210 - - [04/Oct/2017:13:45:40 +0000] "GET /lawyers/%D8%A5%D8%A8%D8%B1%D8%A7%D9%87%D9%8A%D9%85-%D8%A8%D9%86-%D9%85%D8%AD%D9%85%D8%AF-%D8%B9%D9%84%D9%8A-%D8%A7%D9%84%D8%A8%D9%84%D9%88%D9%8A HTTP/1.1" 200 4228 "-" "Mozilla/5.0 (compatible; MJ12bot/v1.4.7; http://mj12bot.com/)"
64.120.56.210 - - [04/Oct/2017:13:45:50 +0000] "GET /lawyers/%D8%A5%D8%A8%D8%B1%D8%A7%D9%87%D9%8A%D9%85-%D8%A8%D9%86-%D9%85%D8%AD%D9%85%D8%AF-%D9%81%D8%A7%D8%B6%D9%84-%D8%B9%D8%A8%D8%AF%D8%A7%D9%84%D9%84%D9%87-%D8%B9%D8%B1%D8%A8 HTTP/1.1" 200 4398 "-" "Mozilla/5.0 (compatible; MJ12bot/v1.4.7; http://mj12bot.com/)"
64.120.56.210 - - [04/Oct/2017:13:46:01 +0000] "GET /lawyers/%D8%A5%D8%B3%D9%85%D8%A7%D8%B9%D9%8A%D9%84-%D8%A8%D9%86-%D8%B9%D8%A8%D8%AF%D8%A7%D9%84%D9%84%D9%87-%D9%85%D8%AD%D9%85%D8%AF-%D8%A7%D9%84%D9%86%D8%AC%D8%B1%D8%A7%D9%86 HTTP/1.1" 200 4398 "-" "Mozilla/5.0 (compatible; MJ12bot/v1.4.7; http://mj12bot.com/)"
64.120.56.210 - - [04/Oct/2017:13:46:08 +0000] "GET /lawyers/%D8%A5%D8%B3%D9%85%D8%A7%D8%B9%D9%8A%D9%84-%D8%A8%D9%86-%D9%85%D8%B9%D8%AA%D9%82-%D9%85%D8%AD%D9%85%D8%AF-%D8%A7%D9%84%D8%B5%D9%8A%D8%AF%D9%84%D8%A7%D9%86%D9%8A HTTP/1.1" 200 4382 "-" "Mozilla/5.0 (compatible; MJ12bot/v1.4.7; http://mj12bot.com/)"
64.120.56.210 - - [04/Oct/2017:13:46:20 +0000] "GET /lawyers/%D8%A5%D9%8A%D8%A7%D8%AF-%D8%A8%D9%86-%D8%B2%D9%87%D9%8A%D8%B1-%D8%A3%D8%AD%D9%85%D8%AF-%D8%A7%D9%84%D8%B3%D8%A8%D8%A7%D8%B9%D9%8A HTTP/1.1" 200 4366 "-" "Mozilla/5.0 (compatible; MJ12bot/v1.4.7; http://mj12bot.com/)"
64.120.56.210 - - [04/Oct/2017:13:46:28 +0000] "GET /lawyers/%D8%A7%D8%A8%D8%B1%D8%A7%D9%87%D9%8A%D9%85-%D8%A8%D9%86-%D8%A3%D8%AD%D9%85%D8%AF-%D8%B3%D8%B9%D9%8A%D8%AF-%D8%A7%D9%84%D9%8A%D9%85%D8%A7%D9%86%D9%8A-%D8%B2%D9%85%D8%B2%D9%85%D9%8A HTTP/1.1" 200 4398 "-" "Mozilla/5.0 (compatible; MJ12bot/v1.4.7; http://mj12bot.com/)"
64.120.56.210 - - [04/Oct/2017:13:46:38 +0000] "GET /lawyers/%D8%A7%D8%A8%D8%B1%D8%A7%D9%87%D9%8A%D9%85-%D8%A8%D9%86-%D8%A7%D8%AD%D9%85%D8%AF-%D9%85%D8%AD%D9%85%D8%AF-%D8%A7%D9%84%D8%B3%D8%B9%D8%AF%D9%88%D9%86 HTTP/1.1" 200 4382 "-" "Mozilla/5.0 (compatible; MJ12bot/v1.4.7; http://mj12bot.com/)"
64.120.56.210 - - [04/Oct/2017:13:46:45 +0000] "GET /lawyers/%D8%A7%D8%A8%D8%B1%D8%A7%D9%87%D9%8A%D9%85-%D8%A8%D9%86-%D8%AD%D9%85%D8%AF-%D8%A7%D8%A8%D8%B1%D8%A7%D9%87%D9%8A%D9%85-%D8%A7%D9%84%D9%85%D8%B4%D8%B9%D9%84 HTTP/1.1" 200 4366 "-" "Mozilla/5.0 (compatible; MJ12bot/v1.4.7; http://mj12bot.com/)"
64.120.56.210 - - [04/Oct/2017:13:46:47 +0000] "GET /lawyers/%D8%A7%D8%A8%D8%B1%D8%A7%D9%87%D9%8A%D9%85-%D8%A8%D9%86-%D8%AD%D9%85%D8%AF-%D8%A7%D8%A8%D8%B1%D8%A7%D9%87%D9%8A%D9%85-%D8%A7%D9%84%D9%87%D9%85%D9%8A%D9%84%D9%8A HTTP/1.1" 200 4228 "-" "Mozilla/5.0 (compatible; MJ12bot/v1.4.7; http://mj12bot.com/)"
64.120.56.210 - - [04/Oct/2017:13:46:54 +0000] "GET /lawyers/%D8%A7%D8%A8%D8%B1%D8%A7%D9%87%D9%8A%D9%85-%D8%A8%D9%86-%D8%AD%D9%85%D8%AF-%D9%85%D8%AD%D9%85%D8%AF-%D8%A7%D9%84%D8%B3%D9%83%D8%A7%D9%83%D8%B1 HTTP/1.1" 200 4366 "-" "Mozilla/5.0 (compatible; MJ12bot/v1.4.7; http://mj12bot.com/)"
64.120.56.210 - - [04/Oct/2017:13:46:58 +0000] "GET /lawyers/%D8%A7%D8%A8%D8%B1%D8%A7%D9%87%D9%8A%D9%85-%D8%A8%D9%86-%D8%AD%D9%85%D8%B2%D9%87-%D8%A7%D8%A8%D8%B1%D8%A7%D9%87%D9%8A%D9%85-%D8%A7%D8%A8%D9%88%D8%B4%D8%A7%D9%84 HTTP/1.1" 200 4228 "-" "Mozilla/5.0 (compatible; MJ12bot/v1.4.7; http://mj12bot.com/)"
64.120.56.210 - - [04/Oct/2017:13:47:07 +0000] "GET /lawyers/%D8%A7%D8%A8%D8%B1%D8%A7%D9%87%D9%8A%D9%85-%D8%A8%D9%86-%D8%B3%D8%A7%D9%84%D9%85-%D9%85%D9%83%D9%8A-%D8%A7%D8%A8%D9%88%D9%87%D8%A7%D8%AF%D9%8A HTTP/1.1" 200 4382 "-" "Mozilla/5.0 (compatible; MJ12bot/v1.4.7; http://mj12bot.com/)"
64.120.56.210 - - [04/Oct/2017:13:47:13 +0000] "GET /lawyers/%D8%A7%D8%A8%D8%B1%D8%A7%D9%87%D9%8A%D9%85-%D8%A8%D9%86-%D8%B3%D9%84%D9%8A%D9%85%D8%A7%D9%86-%D8%B9%D8%A8%D8%AF-%D8%A7%D9%84%D9%84%D9%87-%D8%A7%D9%84%D8%B3%D8%B9%D9%88%D9%8A HTTP/1.1" 200 4382 "-" "Mozilla/5.0 (compatible; MJ12bot/v1.4.7; http://mj12bot.com/)"
64.120.56.210 - - [04/Oct/2017:13:47:18 +0000] "GET /lawyers/%D8%A7%D8%A8%D8%B1%D8%A7%D9%87%D9%8A%D9%85-%D8%A8%D9%86-%D8%B3%D9%84%D9%8A%D9%85%D8%A7%D9%86-%D8%B9%D8%A8%D8%AF%D8%A7%D9%84%D8%B1%D8%AD%D9%85%D9%86-%D8%A7%D9%84%D8%A8%D8%B5%D9%8A%D9%84%D9%8A HTTP/1.1" 200 4260 "-" "Mozilla/5.0 (compatible; MJ12bot/v1.4.7; http://mj12bot.com/)"
64.120.56.210 - - [04/Oct/2017:13:47:31 +0000] "GET /lawyers/%D8%A7%D8%A8%D8%B1%D8%A7%D9%87%D9%8A%D9%85-%D8%A8%D9%86-%D8%B3%D9%84%D9%8A%D9%85%D8%A7%D9%86-%D9%85%D8%AD%D9%85%D8%AF-%D8%A7%D9%84%D9%85%D8%B3%D9%8A%D8%B7%D9%8A%D8%B1 HTTP/1.1" 200 4382 "-" "Mozilla/5.0 (compatible; MJ12bot/v1.4.7; http://mj12bot.com/)"
64.120.56.210 - - [04/Oct/2017:13:47:39 +0000] "GET /lawyers/%D8%A7%D8%A8%D8%B1%D8%A7%D9%87%D9%8A%D9%85-%D8%A8%D9%86-%D8%B9%D8%A8%D8%AF-%D8%A7%D9%84%D8%B9%D8%B2%D9%8A%D8%B2-%D9%85%D8%AD%D9%85%D8%AF-%D8%A7%D9%84%D9%85%D9%88%D8%B3%D9%89 HTTP/1.1" 200 4398 "-" "Mozilla/5.0 (compatible; MJ12bot/v1.4.7; http://mj12bot.com/)"
64.120.56.210 - - [04/Oct/2017:13:47:47 +0000] "GET /lawyers/%D8%A7%D8%A8%D8%B1%D8%A7%D9%87%D9%8A%D9%85-%D8%A8%D9%86-%D8%B9%D8%A8%D8%AF-%D8%A7%D9%84%D9%84%D9%87-%D8%B9%D9%84%D9%8A-%D8%A7%D9%84%D8%B9%D8%AC%D9%84%D8%A7%D9%86 HTTP/1.1" 200 4382 "-" "Mozilla/5.0 (compatible; MJ12bot/v1.4.7; http://mj12bot.com/)"
64.120.56.210 - - [04/Oct/2017:13:47:56 +0000] "GET /lawyers/%D8%A7%D8%A8%D8%B1%D8%A7%D9%87%D9%8A%D9%85-%D8%A8%D9%86-%D8%B9%D8%A8%D8%AF%D8%A7%D9%84%D8%B1%D8%AD%D9%85%D9%86-%D8%A7%D8%A8%D8%B1%D8%A7%D9%87%D9%8A%D9%85-%D8%A7%D9%84%D8%AD%D9%85%D9%8A%D8%AF%D9%8A HTTP/1.1" 200 4398 "-" "Mozilla/5.0 (compatible; MJ12bot/v1.4.7; http://mj12bot.com/)"
64.120.56.210 - - [04/Oct/2017:13:48:03 +0000] "GET /lawyers/%D8%A7%D8%A8%D8%B1%D8%A7%D9%87%D9%8A%D9%85-%D8%A8%D9%86-%D8%B9%D8%A8%D8%AF%D8%A7%D9%84%D8%B1%D8%AD%D9%85%D9%86-%D8%A7%D8%A8%D8%B1%D8%A7%D9%87%D9%8A%D9%85-%D8%A7%D9%84%D9%87%D9%88%D9%8A%D8%B4%D9%84 HTTP/1.1" 200 4398 "-" "Mozilla/5.0 (compatible; MJ12bot/v1.4.7; http://mj12bot.com/)"
64.120.56.210 - - [04/Oct/2017:13:48:09 +0000] "GET /lawyers/%D8%A7%D8%A8%D8%B1%D8%A7%D9%87%D9%8A%D9%85-%D8%A8%D9%86-%D8%B9%D8%A8%D8%AF%D8%A7%D9%84%D9%84%D8%B7%D9%8A%D9%81-%D8%A7%D8%A8%D8%B1%D8%A7%D9%87%D9%8A%D9%85-%D8%A7%D9%84%D8%B9%D8%AC%D9%8A%D9%84 HTTP/1.1" 200 4382 "-" "Mozilla/5.0 (compatible; MJ12bot/v1.4.7; http://mj12bot.com/)"
64.120.56.210 - - [04/Oct/2017:13:48:19 +0000] "GET /lawyers/%D8%A7%D8%A8%D8%B1%D8%A7%D9%87%D9%8A%D9%85-%D8%A8%D9%86-%D8%B9%D8%A8%D8%AF%D8%A7%D9%84%D9%84%D9%87-%D8%A7%D8%A8%D8%B1%D8%A7%D9%87%D9%8A%D9%85-%D8%A7%D9%84%D8%B3%D9%84%D9%8A%D9%85%D8%A7%D9%86 HTTP/1.1" 200 4382 "-" "Mozilla/5.0 (compatible; MJ12bot/v1.4.7; http://mj12bot.com/)"
90.148.247.231 - - [04/Oct/2017:13:48:23 +0000] "GET /documents?test=1&page=19 HTTP/1.1" 301 638 "https://www.google.com.sa/" "Mozilla/5.0 (Linux; Android 7.0; SAMSUNG SM-G925I Build/NRD90M) AppleWebKit/537.36 (KHTML, like Gecko) SamsungBrowser/5.4 Chrome/51.0.2704.106 Mobile Safari/537.36"
64.120.56.210 - - [04/Oct/2017:13:48:24 +0000] "GET /lawyers/%D8%A7%D8%A8%D8%B1%D8%A7%D9%87%D9%8A%D9%85-%D8%A8%D9%86-%D8%B9%D8%A8%D8%AF%D8%A7%D9%84%D9%84%D9%87-%D8%A7%D8%A8%D8%B1%D8%A7%D9%87%D9%8A%D9%85-%D8%A7%D9%84%D8%B4%D8%B1%D9%8A%D9%81 HTTP/1.1" 200 4244 "-" "Mozilla/5.0 (compatible; MJ12bot/v1.4.7; http://mj12bot.com/)"
64.120.56.210 - - [04/Oct/2017:13:48:31 +0000] "GET /lawyers/%D8%A7%D8%A8%D8%B1%D8%A7%D9%87%D9%8A%D9%85-%D8%A8%D9%86-%D8%B9%D8%A8%D8%AF%D8%A7%D9%84%D9%84%D9%87-%D8%A7%D8%A8%D8%B1%D8%A7%D9%87%D9%8A%D9%85-%D8%A7%D9%84%D9%85%D8%A8%D8%A7%D8%B1%D9%83 HTTP/1.1" 200 4382 "-" "Mozilla/5.0 (compatible; MJ12bot/v1.4.7; http://mj12bot.com/)"
64.120.56.210 - - [04/Oct/2017:13:48:38 +0000] "GET /lawyers/%D8%A7%D8%A8%D8%B1%D8%A7%D9%87%D9%8A%D9%85-%D8%A8%D9%86-%D8%B9%D8%A8%D8%AF%D8%A7%D9%84%D9%84%D9%87-%D8%AD%D9%85%D8%AF-%D8%A7%D9%84%D8%AC%D8%B1%D8%A8%D8%A7%D8%A1 HTTP/1.1" 200 4398 "-" "Mozilla/5.0 (compatible; MJ12bot/v1.4.7; http://mj12bot.com/)"
64.120.56.210 - - [04/Oct/2017:13:48:44 +0000] "GET /lawyers/%D8%A7%D8%A8%D8%B1%D8%A7%D9%87%D9%8A%D9%85-%D8%A8%D9%86-%D8%B9%D8%A8%D8%AF%D8%A7%D9%84%D9%84%D9%87-%D8%B3%D8%B9%D8%AF-%D8%A7%D9%84%D8%B1%D8%B4%D9%8A%D8%AF HTTP/1.1" 200 4382 "-" "Mozilla/5.0 (compatible; MJ12bot/v1.4.7; http://mj12bot.com/)"
64.120.56.210 - - [04/Oct/2017:13:48:54 +0000] "GET /lawyers/%D8%A7%D8%A8%D8%B1%D8%A7%D9%87%D9%8A%D9%85-%D8%A8%D9%86-%D8%B9%D8%A8%D8%AF%D8%A7%D9%84%D9%84%D9%87-%D8%B3%D9%84%D9%8A%D9%85%D8%A7%D9%86-%D8%A7%D9%84%D8%AC%D8%B1%D8%A8%D9%88%D8%B9 HTTP/1.1" 200 6890 "-" "Mozilla/5.0 (compatible; MJ12bot/v1.4.7; http://mj12bot.com/)"
64.120.56.210 - - [04/Oct/2017:13:49:01 +0000] "GET /lawyers/%D8%A7%D8%A8%D8%B1%D8%A7%D9%87%D9%8A%D9%85-%D8%A8%D9%86-%D8%B9%D8%A8%D8%AF%D8%A7%D9%84%D9%84%D9%87-%D9%85%D8%AD%D9%85%D8%AF-%D8%A7%D9%84%D8%A8%D8%B1%D8%A7%D9%87%D9%8A%D9%85 HTTP/1.1" 200 6874 "-" "Mozilla/5.0 (compatible; MJ12bot/v1.4.7; http://mj12bot.com/)"
90.148.247.231 - - [04/Oct/2017:13:49:10 +0000] "GET /documents?test=1&page=19 HTTP/1.1" 200 7673 "https://www.google.com.sa/" "Mozilla/5.0 (Linux; Android 7.0; SAMSUNG SM-G925I Build/NRD90M) AppleWebKit/537.36 (KHTML, like Gecko) SamsungBrowser/5.4 Chrome/51.0.2704.106 Mobile Safari/537.36"
64.120.56.210 - - [04/Oct/2017:13:49:10 +0000] "GET /lawyers/%D8%A7%D8%A8%D8%B1%D8%A7%D9%87%D9%8A%D9%85-%D8%A8%D9%86-%D8%B9%D9%84%D9%8A-%D8%A8%D8%B1%D8%A7%D9%87%D9%8A%D9%85-%D8%A7%D9%84%D8%A8%D9%83%D8%B1%D9%8A HTTP/1.1" 200 6858 "-" "Mozilla/5.0 (compatible; MJ12bot/v1.4.7; http://mj12bot.com/)"
90.148.247.231 - - [04/Oct/2017:13:49:11 +0000] "GET /css/app.css?id=ea2b7f26afe664d56a04 HTTP/1.1" 200 33869 "https://www.thesaudilaw.com/documents?test=1&page=19" "Mozilla/5.0 (Linux; Android 7.0; SAMSUNG SM-G925I Build/NRD90M) AppleWebKit/537.36 (KHTML, like Gecko) SamsungBrowser/5.4 Chrome/51.0.2704.106 Mobile Safari/537.36"
90.148.247.231 - - [04/Oct/2017:13:49:11 +0000] "GET /js/manifest.js?id=00c9397dc4d2d4ed54de HTTP/1.1" 200 1221 "https://www.thesaudilaw.com/documents?test=1&page=19" "Mozilla/5.0 (Linux; Android 7.0; SAMSUNG SM-G925I Build/NRD90M) AppleWebKit/537.36 (KHTML, like Gecko) SamsungBrowser/5.4 Chrome/51.0.2704.106 Mobile Safari/537.36"
90.148.247.231 - - [04/Oct/2017:13:49:12 +0000] "GET /js/app.js?id=616a35b9db9ae672e3b5 HTTP/1.1" 200 42341 "https://www.thesaudilaw.com/documents?test=1&page=19" "Mozilla/5.0 (Linux; Android 7.0; SAMSUNG SM-G925I Build/NRD90M) AppleWebKit/537.36 (KHTML, like Gecko) SamsungBrowser/5.4 Chrome/51.0.2704.106 Mobile Safari/537.36"
90.148.247.231 - - [04/Oct/2017:13:49:12 +0000] "GET /img/logo.svg HTTP/1.1" 200 4176 "https://www.thesaudilaw.com/documents?test=1&page=19" "Mozilla/5.0 (Linux; Android 7.0; SAMSUNG SM-G925I Build/NRD90M) AppleWebKit/537.36 (KHTML, like Gecko) SamsungBrowser/5.4 Chrome/51.0.2704.106 Mobile Safari/537.36"
90.148.247.231 - - [04/Oct/2017:13:49:11 +0000] "GET /js/vendor.js?id=f7400958569fae48befe HTTP/1.1" 200 252214 "https://www.thesaudilaw.com/documents?test=1&page=19" "Mozilla/5.0 (Linux; Android 7.0; SAMSUNG SM-G925I Build/NRD90M) AppleWebKit/537.36 (KHTML, like Gecko) SamsungBrowser/5.4 Chrome/51.0.2704.106 Mobile Safari/537.36"
90.148.247.231 - - [04/Oct/2017:13:49:15 +0000] "GET /apple-touch-icon.png HTTP/1.1" 200 3905 "https://www.thesaudilaw.com/documents?test=1&page=19" "Mozilla/5.0 (Linux; Android 7.0; SAMSUNG SM-G925I Build/NRD90M) AppleWebKit/537.36 (KHTML, like Gecko) SamsungBrowser/5.4 Chrome/51.0.2704.106 Mobile Safari/537.36"
90.148.247.231 - - [04/Oct/2017:13:49:15 +0000] "GET /favicon-32x32.png HTTP/1.1" 200 1303 "https://www.thesaudilaw.com/documents?test=1&page=19" "Mozilla/5.0 (Linux; Android 7.0; SAMSUNG SM-G925I Build/NRD90M) AppleWebKit/537.36 (KHTML, like Gecko) SamsungBrowser/5.4 Chrome/51.0.2704.106 Mobile Safari/537.36"
90.148.247.231 - - [04/Oct/2017:13:49:16 +0000] "GET /manifest.json HTTP/1.1" 200 4095 "https://www.thesaudilaw.com/documents?test=1&page=19" "Mozilla/5.0 (Linux; Android 7.0; SAMSUNG SM-G925I Build/NRD90M) AppleWebKit/537.36 (KHTML, like Gecko) SamsungBrowser/5.4 Chrome/51.0.2704.106 Mobile Safari/537.36"
64.120.56.210 - - [04/Oct/2017:13:49:17 +0000] "GET /lawyers/%D8%A7%D8%A8%D8%B1%D8%A7%D9%87%D9%8A%D9%85-%D8%A8%D9%86-%D8%B9%D9%84%D9%8A-%D8%B3%D8%B9%D9%8A%D8%AF-%D8%A7%D9%84%D9%85%D8%B1%D8%A8%D8%B9%D9%8A HTTP/1.1" 200 6858 "-" "Mozilla/5.0 (compatible; MJ12bot/v1.4.7; http://mj12bot.com/)"
64.120.56.210 - - [04/Oct/2017:13:49:25 +0000] "GET /lawyers/%D8%A7%D8%A8%D8%B1%D8%A7%D9%87%D9%8A%D9%85-%D8%A8%D9%86-%D8%B9%D9%85%D8%B1-%D9%85%D8%AD%D9%85%D8%AF-%D8%A8%D9%86-%D8%B9%D9%81%D9%8A%D9%81 HTTP/1.1" 200 6842 "-" "Mozilla/5.0 (compatible; MJ12bot/v1.4.7; http://mj12bot.com/)"
64.120.56.210 - - [04/Oct/2017:13:49:43 +0000] "GET /lawyers/%D8%A7%D8%A8%D8%B1%D8%A7%D9%87%D9%8A%D9%85-%D8%A8%D9%86-%D8%B9%D9%8A%D8%AF-%D9%85%D8%AD%D9%85%D8%AF-%D8%A7%D9%84%D9%85%D8%B7%D8%B1%D9%88%D8%AF%D9%8A HTTP/1.1" 200 6858 "-" "Mozilla/5.0 (compatible; MJ12bot/v1.4.7; http://mj12bot.com/)"
90.148.247.231 - - [04/Oct/2017:13:49:46 +0000] "GET /documents?category=anthm-almal-oalrkab HTTP/1.1" 200 4429 "https://www.thesaudilaw.com/documents?test=1&page=19" "Mozilla/5.0 (Linux; Android 7.0; SAMSUNG SM-G925I Build/NRD90M) AppleWebKit/537.36 (KHTML, like Gecko) SamsungBrowser/5.4 Chrome/51.0.2704.106 Mobile Safari/537.36"
90.148.247.231 - - [04/Oct/2017:13:49:46 +0000] "GET /css/app.css?id=ea2b7f26afe664d56a04 HTTP/1.1" 200 33869 "https://www.thesaudilaw.com/documents?category=anthm-almal-oalrkab" "Mozilla/5.0 (Linux; Android 7.0; SAMSUNG SM-G925I Build/NRD90M) AppleWebKit/537.36 (KHTML, like Gecko) SamsungBrowser/5.4 Chrome/51.0.2704.106 Mobile Safari/537.36"
66.249.79.23 - - [04/Oct/2017:13:49:47 +0000] "GET /lawyers/%D8%B3%D8%B9%D9%8A%D8%AF-%D8%A8%D9%86-%D8%B9%D8%A8%D8%AF%D8%A7%D9%84%D8%B9%D8%B2%D9%8A%D8%B2-%D8%B3%D8%B9%D9%8A%D8%AF-%D8%A7%D9%84%D8%BA%D8%B1%D9%8A%D8%A7%D9%81%D9%8A HTTP/1.1" 200 7458 "-" "Mozilla/5.0 (compatible; Googlebot/2.1; +http://www.google.com/bot.html)"
90.148.247.231 - - [04/Oct/2017:13:49:47 +0000] "GET /js/vendor.js?id=f7400958569fae48befe HTTP/1.1" 200 252214 "https://www.thesaudilaw.com/documents?category=anthm-almal-oalrkab" "Mozilla/5.0 (Linux; Android 7.0; SAMSUNG SM-G925I Build/NRD90M) AppleWebKit/537.36 (KHTML, like Gecko) SamsungBrowser/5.4 Chrome/51.0.2704.106 Mobile Safari/537.36"
90.148.247.231 - - [04/Oct/2017:13:49:48 +0000] "GET /js/manifest.js?id=00c9397dc4d2d4ed54de HTTP/1.1" 200 1374 "https://www.thesaudilaw.com/documents?category=anthm-almal-oalrkab" "Mozilla/5.0 (Linux; Android 7.0; SAMSUNG SM-G925I Build/NRD90M) AppleWebKit/537.36 (KHTML, like Gecko) SamsungBrowser/5.4 Chrome/51.0.2704.106 Mobile Safari/537.36"
90.148.247.231 - - [04/Oct/2017:13:49:48 +0000] "GET /js/app.js?id=616a35b9db9ae672e3b5 HTTP/1.1" 200 42341 "https://www.thesaudilaw.com/documents?category=anthm-almal-oalrkab" "Mozilla/5.0 (Linux; Android 7.0; SAMSUNG SM-G925I Build/NRD90M) AppleWebKit/537.36 (KHTML, like Gecko) SamsungBrowser/5.4 Chrome/51.0.2704.106 Mobile Safari/537.36"
90.148.247.231 - - [04/Oct/2017:13:49:51 +0000] "GET /documents?test=1&page=19 HTTP/1.1" 200 4495 "https://www.google.com.sa/" "Mozilla/5.0 (Linux; Android 7.0; SAMSUNG SM-G925I Build/NRD90M) AppleWebKit/537.36 (KHTML, like Gecko) SamsungBrowser/5.4 Chrome/51.0.2704.106 Mobile Safari/537.36"
64.120.56.210 - - [04/Oct/2017:13:49:53 +0000] "GET /lawyers/%D8%A7%D8%A8%D8%B1%D8%A7%D9%87%D9%8A%D9%85-%D8%A8%D9%86-%D9%81%D9%87%D8%AF-%D8%B9%D8%A8%D8%AF-%D8%A7%D9%84%D8%B9%D8%B2%D9%8A%D8%B2-%D8%A7%D9%84%D9%81%D9%87%D9%8A%D8%AF HTTP/1.1" 200 6890 "-" "Mozilla/5.0 (compatible; MJ12bot/v1.4.7; http://mj12bot.com/)"
90.148.247.231 - - [04/Oct/2017:13:49:55 +0000] "GET /manifest.json HTTP/1.1" 200 1064 "https://www.thesaudilaw.com/documents?test=1&page=19" "Mozilla/5.0 (Linux; Android 7.0; SAMSUNG SM-G925I Build/NRD90M) AppleWebKit/537.36 (KHTML, like Gecko) SamsungBrowser/5.4 Chrome/51.0.2704.106 Mobile Safari/537.36"
90.148.247.231 - - [04/Oct/2017:13:49:57 +0000] "GET /documents?category=anthm-alsh HTTP/1.1" 200 4439 "https://www.thesaudilaw.com/documents?test=1&page=19" "Mozilla/5.0 (Linux; Android 7.0; SAMSUNG SM-G925I Build/NRD90M) AppleWebKit/537.36 (KHTML, like Gecko) SamsungBrowser/5.4 Chrome/51.0.2704.106 Mobile Safari/537.36"
90.148.247.231 - - [04/Oct/2017:13:49:58 +0000] "GET /css/app.css?id=ea2b7f26afe664d56a04 HTTP/1.1" 200 33869 "https://www.thesaudilaw.com/documents?category=anthm-alsh" "Mozilla/5.0 (Linux; Android 7.0; SAMSUNG SM-G925I Build/NRD90M) AppleWebKit/537.36 (KHTML, like Gecko) SamsungBrowser/5.4 Chrome/51.0.2704.106 Mobile Safari/537.36"
64.120.56.210 - - [04/Oct/2017:13:49:58 +0000] "GET /lawyers/%D8%A7%D8%A8%D8%B1%D8%A7%D9%87%D9%8A%D9%85-%D8%A8%D9%86-%D9%85%D8%AD%D9%85%D8%AF-%D8%A7%D8%A8%D8%B1%D8%A7%D9%87%D9%8A%D9%85-%D8%A7%D9%84%D8%B4%D8%B9%D9%84%D8%A7%D9%86 HTTP/1.1" 200 4228 "-" "Mozilla/5.0 (compatible; MJ12bot/v1.4.7; http://mj12bot.com/)"
90.148.247.231 - - [04/Oct/2017:13:49:58 +0000] "GET /js/app.js?id=616a35b9db9ae672e3b5 HTTP/1.1" 200 42188 "https://www.thesaudilaw.com/documents?category=anthm-alsh" "Mozilla/5.0 (Linux; Android 7.0; SAMSUNG SM-G925I Build/NRD90M) AppleWebKit/537.36 (KHTML, like Gecko) SamsungBrowser/5.4 Chrome/51.0.2704.106 Mobile Safari/537.36"
90.148.247.231 - - [04/Oct/2017:13:49:59 +0000] "GET /js/manifest.js?id=00c9397dc4d2d4ed54de HTTP/1.1" 200 1374 "https://www.thesaudilaw.com/documents?category=anthm-alsh" "Mozilla/5.0 (Linux; Android 7.0; SAMSUNG SM-G925I Build/NRD90M) AppleWebKit/537.36 (KHTML, like Gecko) SamsungBrowser/5.4 Chrome/51.0.2704.106 Mobile Safari/537.36"
90.148.247.231 - - [04/Oct/2017:13:49:59 +0000] "GET /js/vendor.js?id=f7400958569fae48befe HTTP/1.1" 200 252367 "https://www.thesaudilaw.com/documents?category=anthm-alsh" "Mozilla/5.0 (Linux; Android 7.0; SAMSUNG SM-G925I Build/NRD90M) AppleWebKit/537.36 (KHTML, like Gecko) SamsungBrowser/5.4 Chrome/51.0.2704.106 Mobile Safari/537.36"
90.148.247.231 - - [04/Oct/2017:13:50:03 +0000] "GET /manifest.json HTTP/1.1" 200 1064 "https://www.thesaudilaw.com/documents?category=anthm-alsh" "Mozilla/5.0 (Linux; Android 7.0; SAMSUNG SM-G925I Build/NRD90M) AppleWebKit/537.36 (KHTML, like Gecko) SamsungBrowser/5.4 Chrome/51.0.2704.106 Mobile Safari/537.36"
64.120.56.210 - - [04/Oct/2017:13:50:14 +0000] "GET /lawyers/%D8%A7%D8%A8%D8%B1%D8%A7%D9%87%D9%8A%D9%85-%D8%A8%D9%86-%D9%85%D8%AD%D9%85%D8%AF-%D8%B9%D8%A8%D8%AF%D8%A7%D9%84%D8%B1%D8%AD%D9%85%D9%86-%D8%A7%D9%84%D8%BA%D9%8A%D9%87%D8%A8 HTTP/1.1" 200 4398 "-" "Mozilla/5.0 (compatible; MJ12bot/v1.4.7; http://mj12bot.com/)"
64.120.56.210 - - [04/Oct/2017:13:50:21 +0000] "GET /lawyers/%D8%A7%D8%A8%D8%B1%D8%A7%D9%87%D9%8A%D9%85-%D8%A8%D9%86-%D9%85%D8%AD%D9%85%D8%AF-%D8%B9%D8%A8%D8%AF%D8%A7%D9%84%D9%84%D8%A9-%D8%A7%D9%84%D9%8A%D8%AD%D9%8A HTTP/1.1" 200 4382 "-" "Mozilla/5.0 (compatible; MJ12bot/v1.4.7; http://mj12bot.com/)"
90.148.247.231 - - [04/Oct/2017:13:50:25 +0000] "GET /documents?test=1&page=19 HTTP/1.1" 200 4650 "https://www.google.com.sa/" "Mozilla/5.0 (Linux; Android 7.0; SAMSUNG SM-G925I Build/NRD90M) AppleWebKit/537.36 (KHTML, like Gecko) SamsungBrowser/5.4 Chrome/51.0.2704.106 Mobile Safari/537.36"
64.120.56.210 - - [04/Oct/2017:13:50:29 +0000] "GET /lawyers/%D8%A7%D8%A8%D8%B1%D8%A7%D9%87%D9%8A%D9%85-%D8%A8%D9%86-%D9%85%D8%AD%D9%85%D8%AF-%D8%B9%D8%A8%D8%AF%D8%A7%D9%84%D9%84%D9%87-%D8%A7%D9%84%D8%BA%D8%A7%D9%85%D8%AF%D9%8A HTTP/1.1" 200 4382 "-" "Mozilla/5.0 (compatible; MJ12bot/v1.4.7; http://mj12bot.com/)"
90.148.247.231 - - [04/Oct/2017:13:50:36 +0000] "GET /documents?test=1&page=19 HTTP/1.1" 301 638 "https://www.google.com.sa/" "Mozilla/5.0 (Linux; Android 7.0; SAMSUNG SM-G925I Build/NRD90M) AppleWebKit/537.36 (KHTML, like Gecko) SamsungBrowser/5.4 Chrome/51.0.2704.106 Mobile Safari/537.36"
64.120.56.210 - - [04/Oct/2017:13:50:36 +0000] "GET /lawyers/%D8%A7%D8%A8%D8%B1%D8%A7%D9%87%D9%8A%D9%85-%D8%A8%D9%86-%D9%85%D8%AD%D9%85%D8%AF-%D8%B9%D9%84%D9%8A-%D8%A7%D9%84%D8%B9%D9%85%D9%8A%D8%B1%D9%8A-%D8%A7%D9%84%D8%B1%D8%A7%D8%B4%D8%AF%D9%8A HTTP/1.1" 200 4382 "-" "Mozilla/5.0 (compatible; MJ12bot/v1.4.7; http://mj12bot.com/)"
90.148.247.231 - - [04/Oct/2017:13:50:38 +0000] "GET /documents?test=1&page=19 HTTP/1.1" 200 4648 "https://www.google.com.sa/" "Mozilla/5.0 (Linux; Android 7.0; SAMSUNG SM-G925I Build/NRD90M) AppleWebKit/537.36 (KHTML, like Gecko) SamsungBrowser/5.4 Chrome/51.0.2704.106 Mobile Safari/537.36"
90.148.247.231 - - [04/Oct/2017:13:50:40 +0000] "GET /manifest.json HTTP/1.1" 200 1064 "https://www.thesaudilaw.com/documents?test=1&page=19" "Mozilla/5.0 (Linux; Android 7.0; SAMSUNG SM-G925I Build/NRD90M) AppleWebKit/537.36 (KHTML, like Gecko) SamsungBrowser/5.4 Chrome/51.0.2704.106 Mobile Safari/537.36"
90.148.247.231 - - [04/Oct/2017:13:50:45 +0000] "GET /fonts/vendor/font-awesome/fontawesome-webfont.woff2?af7ae505a9eed503f8b8e6982036873e HTTP/1.1" 200 77750 "https://www.thesaudilaw.com/css/app.css?id=ea2b7f26afe664d56a04" "Mozilla/5.0 (Linux; Android 7.0; SAMSUNG SM-G925I Build/NRD90M) AppleWebKit/537.36 (KHTML, like Gecko) SamsungBrowser/5.4 Chrome/51.0.2704.106 Mobile Safari/537.36"
64.120.56.210 - - [04/Oct/2017:13:50:48 +0000] "GET /lawyers/%D8%AB%D8%A7%D9%85%D8%B1-%D8%A8%D9%86-%D8%B9%D8%A8%D8%AF%D8%A7%D9%84%D9%85%D8%AD%D8%B3%D9%86-%D8%B9%D8%A8%D8%AF%D8%A7%D9%84%D9%84%D9%87-%D8%A7%D9%84%D8%AD%D9%86%D9%8A%D9%88%D9%8A HTTP/1.1" 200 4382 "-" "Mozilla/5.0 (compatible; MJ12bot/v1.4.7; http://mj12bot.com/)"
64.120.56.210 - - [04/Oct/2017:13:50:54 +0000] "GET /lawyers/%D8%AB%D8%A7%D9%85%D8%B1-%D8%A8%D9%86-%D9%81%D9%8A%D8%B5%D9%84-%D9%85%D8%B1%D8%B4%D8%AF-%D8%A7%D9%84%D8%B4%D8%B9%D9%84%D8%A7%D9%86 HTTP/1.1" 200 4366 "-" "Mozilla/5.0 (compatible; MJ12bot/v1.4.7; http://mj12bot.com/)"
90.148.247.231 - - [04/Oct/2017:13:50:58 +0000] "GET /search?q=%D8%B1%D9%82%D9%85+%D9%A2%D9%A4%D9%A8 HTTP/1.1" 200 3746 "https://www.thesaudilaw.com/documents?test=1&page=19" "Mozilla/5.0 (Linux; Android 7.0; SAMSUNG SM-G925I Build/NRD90M) AppleWebKit/537.36 (KHTML, like Gecko) SamsungBrowser/5.4 Chrome/51.0.2704.106 Mobile Safari/537.36"
90.148.247.231 - - [04/Oct/2017:13:51:01 +0000] "GET /manifest.json HTTP/1.1" 200 1064 "https://www.thesaudilaw.com/search?q=%D8%B1%D9%82%D9%85+%D9%A2%D9%A4%D9%A8" "Mozilla/5.0 (Linux; Android 7.0; SAMSUNG SM-G925I Build/NRD90M) AppleWebKit/537.36 (KHTML, like Gecko) SamsungBrowser/5.4 Chrome/51.0.2704.106 Mobile Safari/537.36"
64.120.56.210 - - [04/Oct/2017:13:51:04 +0000] "GET /lawyers/%D8%AB%D8%A7%D9%85%D8%B1-%D8%A8%D9%86-%D9%82%D8%A7%D8%B3%D9%85-%D9%85%D8%AD%D9%85%D8%AF-%D8%A7%D9%84%D9%82%D8%A7%D8%B3%D9%85 HTTP/1.1" 200 4366 "-" "Mozilla/5.0 (compatible; MJ12bot/v1.4.7; http://mj12bot.com/)"
64.120.56.210 - - [04/Oct/2017:13:51:10 +0000] "GET /lawyers/%D8%AB%D8%A7%D9%85%D8%B1-%D8%A8%D9%86-%D9%85%D8%AD%D9%85%D8%AF-%D8%B9%D9%84%D9%8A-%D8%A7%D9%84%D8%B3%D9%83%D8%A7%D9%83%D8%B1 HTTP/1.1" 200 4366 "-" "Mozilla/5.0 (compatible; MJ12bot/v1.4.7; http://mj12bot.com/)"
90.148.247.231 - - [04/Oct/2017:13:51:15 +0000] "GET /search?q=248 HTTP/1.1" 200 4692 "https://www.thesaudilaw.com/search?q=%D8%B1%D9%82%D9%85+%D9%A2%D9%A4%D9%A8" "Mozilla/5.0 (Linux; Android 7.0; SAMSUNG SM-G925I Build/NRD90M) AppleWebKit/537.36 (KHTML, like Gecko) SamsungBrowser/5.4 Chrome/51.0.2704.106 Mobile Safari/537.36"
