5.9.149.98 - - [26/Sep/2017:22:12:37 +0000] "GET /lawyers/%D8%B3%D9%84%D9%85%D8%A7%D9%86-%D8%A8%D9%86-%D9%85%D8%AD%D9%85%D8%AF-%D9%85%D8%AE%D9%84%D9%81-%D8%A7%D9%84%D8%B2%D9%8A%D8%AF HTTP/1.1" 200 4208 "-" "Mozilla/5.0 (compatible; MJ12bot/v1.4.7; http://mj12bot.com/)"
5.9.149.98 - - [26/Sep/2017:22:12:37 +0000] "GET /lawyers/%D8%B3%D9%84%D9%85%D8%A7%D9%86-%D8%A8%D9%86-%D9%85%D8%AD%D9%85%D8%AF-%D9%85%D8%AE%D9%84%D9%81-%D8%A7%D9%84%D8%B2%D9%8A%D8%AF HTTP/1.1" 200 4208 "-" "Mozilla/5.0 (compatible; MJ12bot/v1.4.7; http://mj12bot.com/)"
5.9.149.98 - - [26/Sep/2017:22:12:38 +0000] "GET /lawyers/%D8%B3%D9%84%D9%8A%D9%85%D8%A7%D9%86-%D8%A8%D9%86-%D8%B5%D8%A7%D9%84%D8%AD-%D8%B9%D8%AB%D9%85%D8%A7%D9%86-%D8%A7%D9%84%D8%AF%D8%A8%D9%8A%D8%AE%D9%8A HTTP/1.1" 200 4224 "-" "Mozilla/5.0 (compatible; MJ12bot/v1.4.7; http://mj12bot.com/)"
5.9.149.98 - - [26/Sep/2017:22:12:39 +0000] "GET /lawyers/%D8%B3%D9%84%D9%8A%D9%85%D8%A7%D9%86-%D8%A8%D9%86-%D8%B5%D8%A7%D9%84%D8%AD-%D8%B9%D8%AB%D9%85%D8%A7%D9%86-%D8%A7%D9%84%D8%AF%D8%A8%D9%8A%D8%AE%D9%8A HTTP/1.1" 200 4230 "-" "Mozilla/5.0 (compatible; MJ12bot/v1.4.7; http://mj12bot.com/)"
5.9.149.98 - - [26/Sep/2017:22:12:40 +0000] "GET /lawyers/%D8%B3%D9%84%D9%8A%D9%85%D8%A7%D9%86-%D8%A8%D9%86-%D8%B9%D8%A8%D8%AF%D8%A7%D9%84%D9%84%D9%87-%D8%B3%D8%B9%D8%AF-%D8%A7%D9%84%D8%AF%D8%AE%D9%8A%D9%84 HTTP/1.1" 200 4235 "-" "Mozilla/5.0 (compatible; MJ12bot/v1.4.7; http://mj12bot.com/)"
5.9.149.98 - - [26/Sep/2017:22:12:40 +0000] "GET /lawyers/%D8%B3%D9%84%D9%8A%D9%85%D8%A7%D9%86-%D8%A8%D9%86-%D8%B9%D8%A8%D8%AF%D8%A7%D9%84%D9%84%D9%87-%D8%B3%D8%B9%D8%AF-%D8%A7%D9%84%D8%AF%D8%AE%D9%8A%D9%84 HTTP/1.1" 200 4232 "-" "Mozilla/5.0 (compatible; MJ12bot/v1.4.7; http://mj12bot.com/)"
66.249.73.4 - - [26/Sep/2017:22:13:36 +0000] "GET /codes/%D8%A7%D9%84%D9%86%D8%B8%D8%A7%D9%85-%D8%A7%D9%84%D8%A3%D8%B3%D8%A7%D8%B3%D9%8A-%D9%84%D9%85%D8%B1%D9%83%D8%B2-%D8%A7%D9%84%D9%85%D8%B9%D9%84%D9%88%D9%85%D8%A7%D8%AA-%D8%A7%D9%84%D8%AC%D9%86%D8%A7%D8%A6%D9%8A%D8%A9-%D9%84%D9%85%D9%83%D8%A7%D9%81%D8%AD%D8%A9-%D8%A7%D9%84%D9%85%D8%AE%D8%AF%D8%B1%D8%A7%D8%AA-%D9%84%D9%85%D8%AC%D9%84%D8%B3-%D8%A7%D9%84%D8%AA%D8%B9%D8%A7%D9%88%D9%86-%D9%84%D8%AF%D9%88%D9%84-%D8%A7%D9%84%D8%AE%D9%84%D9%8A%D8%AC-%D8%A7%D9%84%D8%B9%D8%B1%D8%A8%D9%8A%D8%A9-1430 HTTP/1.1" 200 12909 "-" "Mozilla/5.0 (compatible; Googlebot/2.1; +http://www.google.com/bot.html)"
66.249.73.149 - - [26/Sep/2017:22:46:40 +0000] "GET /lawyers/%D8%AD%D9%85%D9%88%D8%AF-%D8%A8%D9%86-%D8%B3%D8%B9%D8%AF-%D9%82%D9%86%D9%8A%D8%B5-%D8%A7%D9%84%D9%82%D9%86%D9%8A%D8%B5-%D8%A7%D9%84%D8%AE%D8%A7%D9%84%D8%AF%D9%8A HTTP/1.1" 200 7454 "-" "Mozilla/5.0 (compatible; Googlebot/2.1; +http://www.google.com/bot.html)"
66.249.73.5 - - [26/Sep/2017:22:56:08 +0000] "GET /codes/%D9%82%D8%A7%D9%86%D9%88%D9%86-%D9%86%D8%B8%D8%A7%D9%85-%D8%A7%D9%84%D8%B9%D9%84%D8%A7%D9%85%D8%A7%D8%AA-%D8%A7%D9%84%D8%AA%D8%AC%D8%A7%D8%B1%D9%8A%D8%A9-%D9%84%D8%AF%D9%88%D9%84-%D9%85%D8%AC%D9%84%D8%B3-%D8%A7%D9%84%D8%AA%D8%B9%D8%A7%D9%88%D9%86-%D9%84%D8%AF%D9%88%D9%84-%D8%A7%D9%84%D8%AE%D9%84%D9%8A%D8%AC-%D8%A7%D9%84%D8%B9%D8%B1%D8%A8%D9%8A%D8%A9-1435 HTTP/1.1" 301 854 "-" "Mozilla/5.0 (compatible; Googlebot/2.1; +http://www.google.com/bot.html)"
66.249.73.6 - - [26/Sep/2017:22:56:09 +0000] "GET /codes/%D9%82%D8%A7%D9%86%D9%88%D9%86-%D9%86%D8%B8%D8%A7%D9%85-%D8%A7%D9%84%D8%B9%D9%84%D8%A7%D9%85%D8%A7%D8%AA-%D8%A7%D9%84%D8%AA%D8%AC%D8%A7%D8%B1%D9%8A%D8%A9-%D9%84%D8%AF%D9%88%D9%84-%D9%85%D8%AC%D9%84%D8%B3-%D8%A7%D9%84%D8%AA%D8%B9%D8%A7%D9%88%D9%86-%D9%84%D8%AF%D9%88%D9%84-%D8%A7%D9%84%D8%AE%D9%84%D9%8A%D8%AC-%D8%A7%D9%84%D8%B9%D8%B1%D8%A8%D9%8A%D8%A9-1435 HTTP/1.1" 200 20826 "-" "Mozilla/5.0 (compatible; Googlebot/2.1; +http://www.google.com/bot.html)"
144.76.115.190 - - [26/Sep/2017:23:09:43 +0000] "GET /robots.txt HTTP/1.1" 200 3008 "-" "Mozilla/5.0 (compatible; MJ12bot/v1.4.7; http://mj12bot.com/)"
144.76.115.190 - - [26/Sep/2017:23:09:44 +0000] "GET /lawyers/%D8%B3%D9%84%D9%8A%D9%85%D8%A7%D9%86-%D8%A8%D9%86-%D8%B9%D9%84%D9%8A-%D8%B9%D8%A8%D8%AF%D8%A7%D9%84%D8%B9%D8%B2%D9%8A%D8%B2-%D8%A7%D9%84%D8%AE%D8%B1%D9%8A%D9%81 HTTP/1.1" 200 12489 "-" "Mozilla/5.0 (compatible; MJ12bot/v1.4.7; http://mj12bot.com/)"
144.76.115.190 - - [26/Sep/2017:23:09:46 +0000] "GET /lawyers/%D8%B3%D9%84%D9%8A%D9%85%D8%A7%D9%86-%D8%A8%D9%86-%D9%85%D8%AD%D9%85%D8%AF-%D8%B9%D8%A8%D8%AF%D8%A7%D9%84%D8%B1%D8%AD%D9%85%D9%86-%D8%A7%D9%84%D8%AA%D9%85%D9%8A%D9%85%D9%8A HTTP/1.1" 200 4260 "-" "Mozilla/5.0 (compatible; MJ12bot/v1.4.7; http://mj12bot.com/)"
144.76.115.190 - - [26/Sep/2017:23:09:47 +0000] "GET /lawyers/%D8%B3%D9%84%D9%8A%D9%85%D8%A7%D9%86-%D8%A8%D9%86-%D9%85%D8%AD%D9%85%D8%AF-%D8%B9%D8%A8%D8%AF%D8%A7%D9%84%D9%83%D8%B1%D9%8A%D9%85-%D8%A7%D9%84%D8%B1%D9%8A%D8%B4%D8%A7%D9%86 HTTP/1.1" 200 4244 "-" "Mozilla/5.0 (compatible; MJ12bot/v1.4.7; http://mj12bot.com/)"
144.76.115.190 - - [26/Sep/2017:23:09:49 +0000] "GET /lawyers/%D8%B3%D9%8A%D9%81-%D8%A7%D9%84%D9%84%D9%87-%D8%A8%D9%86-%D8%B3%D9%8A%D9%81-%D8%A7%D9%84%D8%AF%D9%8A%D9%86-%D8%AC%D8%B9%D9%81%D8%B1-%D8%B2%D9%88%D8%A7%D9%88%D9%8A HTTP/1.1" 200 4244 "-" "Mozilla/5.0 (compatible; MJ12bot/v1.4.7; http://mj12bot.com/)"
144.76.115.190 - - [26/Sep/2017:23:09:51 +0000] "GET /lawyers/%D8%B3%D9%8A%D9%81-%D8%A8%D9%86-%D9%8A%D9%88%D8%B3%D9%81-%D8%B9%D8%A8%D8%AF%D8%A7%D9%84%D8%B9%D8%B2%D9%8A%D8%B2-%D8%A7%D9%84%D8%B3%D9%8A%D9%81 HTTP/1.1" 200 4228 "-" "Mozilla/5.0 (compatible; MJ12bot/v1.4.7; http://mj12bot.com/)"
144.76.115.190 - - [26/Sep/2017:23:09:53 +0000] "GET /lawyers/%D8%B4%D8%A7%D9%83%D8%B1-%D8%A8%D9%86-%D9%85%D9%88%D8%B3%D9%89-%D8%B9%D9%8A%D8%B3%D9%89-%D8%B2%D8%A7%D8%B9%D8%A8%D9%8A-%D8%B3%D9%81%D9%8A%D8%A7%D9%86%D9%8A HTTP/1.1" 200 4228 "-" "Mozilla/5.0 (compatible; MJ12bot/v1.4.7; http://mj12bot.com/)"
144.76.115.190 - - [26/Sep/2017:23:09:54 +0000] "GET /lawyers/%D8%B5%D8%A7%D8%AF%D9%82-%D8%A8%D9%86-%D9%85%D8%AD%D9%85%D8%AF-%D9%85%D8%AD%D9%85%D8%AF-%D8%A7%D9%84%D8%AC%D8%A8%D8%B1%D8%A7%D9%86 HTTP/1.1" 200 4228 "-" "Mozilla/5.0 (compatible; MJ12bot/v1.4.7; http://mj12bot.com/)"
144.76.115.190 - - [26/Sep/2017:23:09:56 +0000] "GET /lawyers/%D8%B5%D8%A7%D9%84%D8%AD-%D8%A8%D9%86-%D8%AD%D9%85%D8%AF%D8%A7%D9%86-%D8%AD%D8%B3%D9%86-%D8%A8%D8%A7%D9%84%D8%AE%D8%B2%D9%85%D8%B1-%D8%A7%D9%84%D8%B2%D9%87%D8%B1%D8%A7%D9%86%D9%8A HTTP/1.1" 200 4244 "-" "Mozilla/5.0 (compatible; MJ12bot/v1.4.7; http://mj12bot.com/)"
144.76.115.190 - - [26/Sep/2017:23:09:58 +0000] "GET /lawyers/%D8%B5%D8%A7%D9%84%D8%AD-%D8%A8%D9%86-%D8%B3%D8%A7%D9%8A%D8%B1-%D9%87%D8%AC%D8%A7%D8%AF-%D8%A8%D9%86%D9%8A-%D8%B3%D8%A7%D9%84%D9%85-%D8%A7%D9%84%D8%AD%D8%B1%D8%A8%D9%8A HTTP/1.1" 200 4244 "-" "Mozilla/5.0 (compatible; MJ12bot/v1.4.7; http://mj12bot.com/)"
144.76.115.190 - - [26/Sep/2017:23:09:59 +0000] "GET /lawyers/%D8%B5%D8%A7%D9%84%D8%AD-%D8%A8%D9%86-%D8%B3%D9%84%D9%8A%D9%85%D8%A7%D9%86-%D8%B5%D8%A7%D9%84%D8%AD-%D8%A7%D9%84%D8%B2%D9%86%D9%8A%D8%AF%D9%8A HTTP/1.1" 200 4228 "-" "Mozilla/5.0 (compatible; MJ12bot/v1.4.7; http://mj12bot.com/)"
144.76.115.190 - - [26/Sep/2017:23:10:01 +0000] "GET /lawyers/%D8%B5%D8%A7%D9%84%D8%AD-%D8%A8%D9%86-%D8%B4%D8%A8%D9%8A%D8%A8-%D8%B9%D8%A8%D8%AF%D8%A7%D9%84%D8%B1%D8%AD%D9%85%D9%86-%D8%A7%D9%84%D9%81%D9%87%D9%8A%D8%AF HTTP/1.1" 200 4244 "-" "Mozilla/5.0 (compatible; MJ12bot/v1.4.7; http://mj12bot.com/)"
144.76.115.190 - - [26/Sep/2017:23:10:03 +0000] "GET /lawyers/%D8%B5%D8%A7%D9%84%D8%AD-%D8%A8%D9%86-%D8%B4%D8%B9%D9%8A%D9%84-%D8%B5%D8%A7%D9%84%D8%AD-%D8%A7%D9%84%D9%85%D8%BA%D9%8A%D8%B1%D9%8A-%D8%A7%D9%84%D8%B9%D8%AA%D9%8A%D8%A8%D9%8A HTTP/1.1" 200 4260 "-" "Mozilla/5.0 (compatible; MJ12bot/v1.4.7; http://mj12bot.com/)"
144.76.115.190 - - [26/Sep/2017:23:10:04 +0000] "GET /lawyers/%D8%B5%D8%A7%D9%84%D8%AD-%D8%A8%D9%86-%D8%B9%D8%A8%D8%AF-%D8%A7%D9%84%D8%B1%D8%AD%D9%85%D9%86-%D8%B5%D8%A7%D9%84%D8%AD-%D8%A7%D9%84%D8%B4%D8%B1%D9%8A%D8%AF%D9%87 HTTP/1.1" 200 4244 "-" "Mozilla/5.0 (compatible; MJ12bot/v1.4.7; http://mj12bot.com/)"
144.76.115.190 - - [26/Sep/2017:23:10:06 +0000] "GET /lawyers/%D8%B5%D8%A7%D9%84%D8%AD-%D8%A8%D9%86-%D8%B9%D8%A8%D8%AF-%D8%A7%D9%84%D9%84%D9%87-%D8%AC%D8%A8%D8%B1-%D8%A7%D9%84%D8%BA%D9%8A%D8%AB HTTP/1.1" 200 4228 "-" "Mozilla/5.0 (compatible; MJ12bot/v1.4.7; http://mj12bot.com/)"
66.249.73.5 - - [26/Sep/2017:23:16:23 +0000] "GET /category/anthm-almoaslat-oalatsalat HTTP/1.1" 301 656 "-" "Mozilla/5.0 (compatible; Googlebot/2.1; +http://www.google.com/bot.html)"
66.249.73.6 - - [26/Sep/2017:23:16:24 +0000] "GET /category/anthm-almoaslat-oalatsalat HTTP/1.1" 200 7603 "-" "Mozilla/5.0 (compatible; Googlebot/2.1; +http://www.google.com/bot.html)"
18.220.233.217 - - [26/Sep/2017:23:34:53 +0000] "GET / HTTP/1.1" 301 574 "-" "Mozilla/5.0 (Windows NT 6.1) AppleWebKit/537.36 (KHTML, like Gecko) Chrome/41.0.2228.0 Safari/537.36"
18.220.233.217 - - [26/Sep/2017:23:34:53 +0000] "GET / HTTP/1.1" 200 7470 "-" "Mozilla/5.0 (Windows NT 6.1) AppleWebKit/537.36 (KHTML, like Gecko) Chrome/41.0.2228.0 Safari/537.36"
66.249.73.2 - - [26/Sep/2017:23:36:52 +0000] "GET / HTTP/1.1" 200 7467 "-" "Mozilla/5.0 (Linux; Android 6.0.1; Nexus 5X Build/MMB29P) AppleWebKit/537.36 (KHTML, like Gecko) Chrome/41.0.2272.96 Mobile Safari/537.36 (compatible; Googlebot/2.1; +http://www.google.com/bot.html)"
66.249.73.145 - - [27/Sep/2017:00:02:27 +0000] "GET /lawyers/%D8%AE%D8%A7%D9%84%D8%AF-%D8%A8%D9%86-%D8%B3%D8%B9%D8%AF-%D9%85%D9%86%D9%8A%D9%81-%D8%A7%D9%84%D8%B1%D8%B3%D8%A7%D9%85-%D8%A7%D9%84%D8%AD%D9%85%D8%A7%D9%84%D9%8A HTTP/1.1" 200 7464 "-" "Mozilla/5.0 (compatible; Googlebot/2.1; +http://www.google.com/bot.html)"
66.249.73.9 - - [27/Sep/2017:00:07:49 +0000] "GET /lawyers/%D8%A8%D9%86%D8%AF%D8%B1-%D8%A8%D9%86-%D8%B9%D8%A8%D8%AF%D8%A7%D9%84%D8%B1%D8%AD%D9%85%D9%86-%D9%86%D8%A7%D8%B5%D8%B1-%D8%A7%D9%84%D9%85%D8%B3%D9%8A%D9%86%D8%AF HTTP/1.1" 301 714 "-" "Mozilla/5.0 (compatible; Googlebot/2.1; +http://www.google.com/bot.html)"
66.249.73.6 - - [27/Sep/2017:00:07:50 +0000] "GET /lawyers/%D8%A8%D9%86%D8%AF%D8%B1-%D8%A8%D9%86-%D8%B9%D8%A8%D8%AF%D8%A7%D9%84%D8%B1%D8%AD%D9%85%D9%86-%D9%86%D8%A7%D8%B5%D8%B1-%D8%A7%D9%84%D9%85%D8%B3%D9%8A%D9%86%D8%AF HTTP/1.1" 200 7457 "-" "Mozilla/5.0 (compatible; Googlebot/2.1; +http://www.google.com/bot.html)"
66.249.73.7 - - [27/Sep/2017:00:37:32 +0000] "GET /register HTTP/1.1" 301 602 "-" "Mozilla/5.0 (compatible; Googlebot/2.1; +http://www.google.com/bot.html)"
66.249.73.6 - - [27/Sep/2017:00:37:36 +0000] "GET /lawyers/%D9%86%D8%A7%D8%B5%D8%B1-%D8%A8%D9%86-%D9%85%D8%AD%D8%B3%D9%86-%D9%86%D8%A7%D8%B5%D8%B1-%D8%A7%D9%84%D9%87%D8%A7%D8%AC%D8%B1%D9%8A HTTP/1.1" 200 7440 "-" "Mozilla/5.0 (compatible; Googlebot/2.1; +http://www.google.com/bot.html)"
66.249.73.149 - - [27/Sep/2017:00:42:54 +0000] "GET /css/app.css?id=6147574e26ef32ab1fff HTTP/1.1" 200 37038 "https://thesaudilaw.com/lawyers/%D8%A8%D9%86%D8%AF%D8%B1-%D8%A8%D9%86-%D8%B9%D8%A8%D8%AF%D8%A7%D9%84%D8%B1%D8%AD%D9%85%D9%86-%D9%86%D8%A7%D8%B5%D8%B1-%D8%A7%D9%84%D9%85%D8%B3%D9%8A%D9%86%D8%AF" "Mozilla/5.0 (compatible; Googlebot/2.1; +http://www.google.com/bot.html)"
66.249.73.2 - - [27/Sep/2017:00:46:19 +0000] "GET /lawyers/%D8%A8%D9%86%D8%AF%D8%B1-%D8%A8%D9%86-%D8%B9%D8%A8%D8%AF%D8%A7%D9%84%D8%B1%D8%AD%D9%85%D9%86-%D9%86%D8%A7%D8%B5%D8%B1-%D8%A7%D9%84%D9%85%D8%B3%D9%8A%D9%86%D8%AF/link HTTP/1.1" 302 4634 "-" "Mozilla/5.0 (compatible; Googlebot/2.1; +http://www.google.com/bot.html)"
66.249.73.6 - - [27/Sep/2017:00:46:20 +0000] "GET /login HTTP/1.1" 200 7189 "-" "Mozilla/5.0 (compatible; Googlebot/2.1; +http://www.google.com/bot.html)"
66.249.73.9 - - [27/Sep/2017:00:58:16 +0000] "GET / HTTP/1.1" 301 586 "-" "Mozilla/5.0 (compatible; Googlebot/2.1; +http://www.google.com/bot.html)"
66.249.73.2 - - [27/Sep/2017:00:58:17 +0000] "GET / HTTP/1.1" 200 7465 "-" "Mozilla/5.0 (compatible; Googlebot/2.1; +http://www.google.com/bot.html)"
66.249.73.2 - - [27/Sep/2017:01:13:02 +0000] "GET / HTTP/1.1" 200 7464 "-" "Mozilla/5.0 (compatible; Googlebot/2.1; +http://www.google.com/bot.html)"
66.249.73.147 - - [27/Sep/2017:01:18:14 +0000] "GET /lawyers/%D8%AE%D8%A7%D9%84%D8%AF-%D8%A8%D9%86-%D8%B3%D8%A7%D9%84%D9%85-%D8%AD%D8%B3%D9%86-%D8%A8%D9%86-%D8%A5%D8%A8%D8%B1%D8%A7%D9%87%D9%8A%D9%85-%D9%85%D8%B1%D8%B9%D9%8A HTTP/1.1" 200 7467 "-" "Mozilla/5.0 (compatible; Googlebot/2.1; +http://www.google.com/bot.html)"
66.249.73.9 - - [27/Sep/2017:01:18:32 +0000] "GET /codes/%D9%86%D8%B8%D8%A7%D9%85-%D8%A7%D9%84%D8%AC%D9%85%D8%B9%D9%8A%D8%A7%D8%AA-%D9%88%D8%A7%D9%84%D9%85%D8%A4%D8%B3%D8%B3%D8%A7%D8%AA-%D8%A7%D9%84%D8%A3%D9%87%D9%84%D9%8A%D8%A9-1437 HTTP/1.1" 301 726 "-" "Mozilla/5.0 (compatible; Googlebot/2.1; +http://www.google.com/bot.html)"
66.249.73.6 - - [27/Sep/2017:01:18:33 +0000] "GET /codes/%D9%86%D8%B8%D8%A7%D9%85-%D8%A7%D9%84%D8%AC%D9%85%D8%B9%D9%8A%D8%A7%D8%AA-%D9%88%D8%A7%D9%84%D9%85%D8%A4%D8%B3%D8%B3%D8%A7%D8%AA-%D8%A7%D9%84%D8%A3%D9%87%D9%84%D9%8A%D8%A9-1437 HTTP/1.1" 200 17051 "-" "Mozilla/5.0 (compatible; Googlebot/2.1; +http://www.google.com/bot.html)"
66.249.73.6 - - [27/Sep/2017:01:28:32 +0000] "GET /lawyers/%D9%8A%D8%AD%D9%8A%D9%89-%D8%A8%D9%86-%D8%B3%D9%84%D9%85%D8%A7%D9%86-%D9%8A%D8%AD%D9%8A%D9%89-%D9%84%D8%BA%D8%A8%D9%8A HTTP/1.1" 200 7430 "-" "Mozilla/5.0 (Linux; Android 6.0.1; Nexus 5X Build/MMB29P) AppleWebKit/537.36 (KHTML, like Gecko) Chrome/41.0.2272.96 Mobile Safari/537.36 (compatible; Googlebot/2.1; +http://www.google.com/bot.html)"
37.216.158.132 - - [27/Sep/2017:01:31:28 +0000] "GET /lawyers/%D8%A5%D8%A8%D8%B1%D8%A7%D9%87%D9%8A%D9%85-%D8%A8%D9%86-%D8%B5%D8%A7%D9%84%D8%AD-%D9%85%D8%AD%D9%85%D8%AF-%D8%A7%D9%84%D8%AF%D8%A8%D8%A7%D8%B3%D9%8A HTTP/1.1" 200 7276 "https://www.google.com/" "Mozilla/5.0 (iPhone; CPU iPhone OS 9_3_4 like Mac OS X) AppleWebKit/601.1.46 (KHTML, like Gecko) Version/9.0 Mobile/13G35 Safari/601.1"
37.216.158.132 - - [27/Sep/2017:01:31:28 +0000] "GET /css/app.css?id=ea2b7f26afe664d56a04 HTTP/1.1" 200 33869 "https://thesaudilaw.com/lawyers/%D8%A5%D8%A8%D8%B1%D8%A7%D9%87%D9%8A%D9%85-%D8%A8%D9%86-%D8%B5%D8%A7%D9%84%D8%AD-%D9%85%D8%AD%D9%85%D8%AF-%D8%A7%D9%84%D8%AF%D8%A8%D8%A7%D8%B3%D9%8A" "Mozilla/5.0 (iPhone; CPU iPhone OS 9_3_4 like Mac OS X) AppleWebKit/601.1.46 (KHTML, like Gecko) Version/9.0 Mobile/13G35 Safari/601.1"
37.216.158.132 - - [27/Sep/2017:01:31:29 +0000] "GET /img/logo.svg HTTP/1.1" 200 4161 "https://thesaudilaw.com/lawyers/%D8%A5%D8%A8%D8%B1%D8%A7%D9%87%D9%8A%D9%85-%D8%A8%D9%86-%D8%B5%D8%A7%D9%84%D8%AD-%D9%85%D8%AD%D9%85%D8%AF-%D8%A7%D9%84%D8%AF%D8%A8%D8%A7%D8%B3%D9%8A" "Mozilla/5.0 (iPhone; CPU iPhone OS 9_3_4 like Mac OS X) AppleWebKit/601.1.46 (KHTML, like Gecko) Version/9.0 Mobile/13G35 Safari/601.1"
37.216.158.132 - - [27/Sep/2017:01:31:29 +0000] "GET /img/avatar.jpg HTTP/1.1" 200 51408 "https://thesaudilaw.com/lawyers/%D8%A5%D8%A8%D8%B1%D8%A7%D9%87%D9%8A%D9%85-%D8%A8%D9%86-%D8%B5%D8%A7%D9%84%D8%AD-%D9%85%D8%AD%D9%85%D8%AF-%D8%A7%D9%84%D8%AF%D8%A8%D8%A7%D8%B3%D9%8A" "Mozilla/5.0 (iPhone; CPU iPhone OS 9_3_4 like Mac OS X) AppleWebKit/601.1.46 (KHTML, like Gecko) Version/9.0 Mobile/13G35 Safari/601.1"
37.216.158.132 - - [27/Sep/2017:01:31:29 +0000] "GET /js/manifest.js?id=00c9397dc4d2d4ed54de HTTP/1.1" 200 1359 "https://thesaudilaw.com/lawyers/%D8%A5%D8%A8%D8%B1%D8%A7%D9%87%D9%8A%D9%85-%D8%A8%D9%86-%D8%B5%D8%A7%D9%84%D8%AD-%D9%85%D8%AD%D9%85%D8%AF-%D8%A7%D9%84%D8%AF%D8%A8%D8%A7%D8%B3%D9%8A" "Mozilla/5.0 (iPhone; CPU iPhone OS 9_3_4 like Mac OS X) AppleWebKit/601.1.46 (KHTML, like Gecko) Version/9.0 Mobile/13G35 Safari/601.1"
37.216.158.132 - - [27/Sep/2017:01:31:29 +0000] "GET /js/app.js?id=616a35b9db9ae672e3b5 HTTP/1.1" 200 42326 "https://thesaudilaw.com/lawyers/%D8%A5%D8%A8%D8%B1%D8%A7%D9%87%D9%8A%D9%85-%D8%A8%D9%86-%D8%B5%D8%A7%D9%84%D8%AD-%D9%85%D8%AD%D9%85%D8%AF-%D8%A7%D9%84%D8%AF%D8%A8%D8%A7%D8%B3%D9%8A" "Mozilla/5.0 (iPhone; CPU iPhone OS 9_3_4 like Mac OS X) AppleWebKit/601.1.46 (KHTML, like Gecko) Version/9.0 Mobile/13G35 Safari/601.1"
37.216.158.132 - - [27/Sep/2017:01:31:29 +0000] "GET /js/vendor.js?id=f7400958569fae48befe HTTP/1.1" 200 252352 "https://thesaudilaw.com/lawyers/%D8%A5%D8%A8%D8%B1%D8%A7%D9%87%D9%8A%D9%85-%D8%A8%D9%86-%D8%B5%D8%A7%D9%84%D8%AD-%D9%85%D8%AD%D9%85%D8%AF-%D8%A7%D9%84%D8%AF%D8%A8%D8%A7%D8%B3%D9%8A" "Mozilla/5.0 (iPhone; CPU iPhone OS 9_3_4 like Mac OS X) AppleWebKit/601.1.46 (KHTML, like Gecko) Version/9.0 Mobile/13G35 Safari/601.1"
66.249.73.2 - - [27/Sep/2017:01:38:33 +0000] "GET / HTTP/1.1" 200 7468 "-" "Mozilla/5.0 (Linux; Android 6.0.1; Nexus 5X Build/MMB29P) AppleWebKit/537.36 (KHTML, like Gecko) Chrome/41.0.2272.96 Mobile Safari/537.36 (compatible; Googlebot/2.1; +http://www.google.com/bot.html)"
66.249.73.7 - - [27/Sep/2017:01:53:44 +0000] "GET /documents/533 HTTP/1.1" 301 612 "-" "Mozilla/5.0 (compatible; Googlebot/2.1; +http://www.google.com/bot.html)"
66.249.73.4 - - [27/Sep/2017:01:53:46 +0000] "GET /documents/533 HTTP/1.1" 200 8194 "-" "Mozilla/5.0 (compatible; Googlebot/2.1; +http://www.google.com/bot.html)"
66.249.73.149 - - [27/Sep/2017:02:34:01 +0000] "GET /lawyers/%D8%AE%D8%A7%D9%84%D8%AF-%D8%A8%D9%86-%D8%B4%D8%AF%D9%8A%D8%AF-%D8%AC%D8%A7%D8%A8%D8%B1-%D8%A7%D9%84%D8%B3%D8%B1%D9%8A%D8%AD%D9%8A-%D8%A7%D9%84%D8%AD%D8%B1%D8%A8%D9%8A HTTP/1.1" 200 7454 "-" "Mozilla/5.0 (compatible; Googlebot/2.1; +http://www.google.com/bot.html)"
66.249.73.2 - - [27/Sep/2017:03:01:36 +0000] "GET /documents/38 HTTP/1.1" 200 7753 "-" "Mozilla/5.0 (compatible; Googlebot/2.1; +http://www.google.com/bot.html)"
5.156.205.243 - - [27/Sep/2017:03:18:46 +0000] "GET /lawyers/%D9%85%D8%AD%D9%85%D8%AF-%D8%A8%D9%86-%D9%85%D8%B1%D8%AC%D9%8A-%D8%B7%D9%84%D9%8A%D9%81%D9%8A%D8%AD-%D8%A7%D9%84%D8%B1%D8%B4%D9%8A%D8%AF%D9%8A HTTP/1.1" 200 7469 "http://www.google.com.sa/" "Mozilla/5.0 (Linux; Android 7.0; PRA-LA1 Build/HONORPRA-LA1) AppleWebKit/537.36 (KHTML, like Gecko) Chrome/61.0.3163.98 Mobile Safari/537.36"
5.156.205.243 - - [27/Sep/2017:03:18:47 +0000] "GET /css/app.css?id=ea2b7f26afe664d56a04 HTTP/1.1" 200 33869 "https://thesaudilaw.com/lawyers/%D9%85%D8%AD%D9%85%D8%AF-%D8%A8%D9%86-%D9%85%D8%B1%D8%AC%D9%8A-%D8%B7%D9%84%D9%8A%D9%81%D9%8A%D8%AD-%D8%A7%D9%84%D8%B1%D8%B4%D9%8A%D8%AF%D9%8A" "Mozilla/5.0 (Linux; Android 7.0; PRA-LA1 Build/HONORPRA-LA1) AppleWebKit/537.36 (KHTML, like Gecko) Chrome/61.0.3163.98 Mobile Safari/537.36"
5.156.205.243 - - [27/Sep/2017:03:18:47 +0000] "GET /img/logo.svg HTTP/1.1" 200 7207 "https://thesaudilaw.com/lawyers/%D9%85%D8%AD%D9%85%D8%AF-%D8%A8%D9%86-%D9%85%D8%B1%D8%AC%D9%8A-%D8%B7%D9%84%D9%8A%D9%81%D9%8A%D8%AD-%D8%A7%D9%84%D8%B1%D8%B4%D9%8A%D8%AF%D9%8A" "Mozilla/5.0 (Linux; Android 7.0; PRA-LA1 Build/HONORPRA-LA1) AppleWebKit/537.36 (KHTML, like Gecko) Chrome/61.0.3163.98 Mobile Safari/537.36"
5.156.205.243 - - [27/Sep/2017:03:18:47 +0000] "GET /js/manifest.js?id=00c9397dc4d2d4ed54de HTTP/1.1" 200 1221 "https://thesaudilaw.com/lawyers/%D9%85%D8%AD%D9%85%D8%AF-%D8%A8%D9%86-%D9%85%D8%B1%D8%AC%D9%8A-%D8%B7%D9%84%D9%8A%D9%81%D9%8A%D8%AD-%D8%A7%D9%84%D8%B1%D8%B4%D9%8A%D8%AF%D9%8A" "Mozilla/5.0 (Linux; Android 7.0; PRA-LA1 Build/HONORPRA-LA1) AppleWebKit/537.36 (KHTML, like Gecko) Chrome/61.0.3163.98 Mobile Safari/537.36"
5.156.205.243 - - [27/Sep/2017:03:18:48 +0000] "GET /img/avatar.jpg HTTP/1.1" 200 51423 "https://thesaudilaw.com/lawyers/%D9%85%D8%AD%D9%85%D8%AF-%D8%A8%D9%86-%D9%85%D8%B1%D8%AC%D9%8A-%D8%B7%D9%84%D9%8A%D9%81%D9%8A%D8%AD-%D8%A7%D9%84%D8%B1%D8%B4%D9%8A%D8%AF%D9%8A" "Mozilla/5.0 (Linux; Android 7.0; PRA-LA1 Build/HONORPRA-LA1) AppleWebKit/537.36 (KHTML, like Gecko) Chrome/61.0.3163.98 Mobile Safari/537.36"
5.156.205.243 - - [27/Sep/2017:03:18:48 +0000] "GET /js/app.js?id=616a35b9db9ae672e3b5 HTTP/1.1" 200 42188 "https://thesaudilaw.com/lawyers/%D9%85%D8%AD%D9%85%D8%AF-%D8%A8%D9%86-%D9%85%D8%B1%D8%AC%D9%8A-%D8%B7%D9%84%D9%8A%D9%81%D9%8A%D8%AD-%D8%A7%D9%84%D8%B1%D8%B4%D9%8A%D8%AF%D9%8A" "Mozilla/5.0 (Linux; Android 7.0; PRA-LA1 Build/HONORPRA-LA1) AppleWebKit/537.36 (KHTML, like Gecko) Chrome/61.0.3163.98 Mobile Safari/537.36"
5.156.205.243 - - [27/Sep/2017:03:18:48 +0000] "GET /js/vendor.js?id=f7400958569fae48befe HTTP/1.1" 200 252214 "https://thesaudilaw.com/lawyers/%D9%85%D8%AD%D9%85%D8%AF-%D8%A8%D9%86-%D9%85%D8%B1%D8%AC%D9%8A-%D8%B7%D9%84%D9%8A%D9%81%D9%8A%D8%AD-%D8%A7%D9%84%D8%B1%D8%B4%D9%8A%D8%AF%D9%8A" "Mozilla/5.0 (Linux; Android 7.0; PRA-LA1 Build/HONORPRA-LA1) AppleWebKit/537.36 (KHTML, like Gecko) Chrome/61.0.3163.98 Mobile Safari/537.36"
5.156.205.243 - - [27/Sep/2017:03:18:52 +0000] "GET /favicon-32x32.png HTTP/1.1" 200 1303 "https://thesaudilaw.com/lawyers/%D9%85%D8%AD%D9%85%D8%AF-%D8%A8%D9%86-%D9%85%D8%B1%D8%AC%D9%8A-%D8%B7%D9%84%D9%8A%D9%81%D9%8A%D8%AD-%D8%A7%D9%84%D8%B1%D8%B4%D9%8A%D8%AF%D9%8A" "Mozilla/5.0 (Linux; Android 7.0; PRA-LA1 Build/HONORPRA-LA1) AppleWebKit/537.36 (KHTML, like Gecko) Chrome/61.0.3163.98 Mobile Safari/537.36"
5.156.205.243 - - [27/Sep/2017:03:18:52 +0000] "GET /manifest.json HTTP/1.1" 200 4095 "https://thesaudilaw.com/lawyers/%D9%85%D8%AD%D9%85%D8%AF-%D8%A8%D9%86-%D9%85%D8%B1%D8%AC%D9%8A-%D8%B7%D9%84%D9%8A%D9%81%D9%8A%D8%AD-%D8%A7%D9%84%D8%B1%D8%B4%D9%8A%D8%AF%D9%8A" "Mozilla/5.0 (Linux; Android 7.0; PRA-LA1 Build/HONORPRA-LA1) AppleWebKit/537.36 (KHTML, like Gecko) Chrome/61.0.3163.98 Mobile Safari/537.36"
5.156.205.243 - - [27/Sep/2017:03:18:53 +0000] "GET /android-chrome-192x192.png HTTP/1.1" 200 9000 "https://thesaudilaw.com/lawyers/%D9%85%D8%AD%D9%85%D8%AF-%D8%A8%D9%86-%D9%85%D8%B1%D8%AC%D9%8A-%D8%B7%D9%84%D9%8A%D9%81%D9%8A%D8%AD-%D8%A7%D9%84%D8%B1%D8%B4%D9%8A%D8%AF%D9%8A" "Mozilla/5.0 (Linux; Android 7.0; PRA-LA1 Build/HONORPRA-LA1) AppleWebKit/537.36 (KHTML, like Gecko) Chrome/61.0.3163.98 Mobile Safari/537.36"
66.249.73.7 - - [27/Sep/2017:03:25:03 +0000] "GET /login HTTP/1.1" 301 596 "-" "Mozilla/5.0 (compatible; Googlebot/2.1; +http://www.google.com/bot.html)"
66.249.73.4 - - [27/Sep/2017:03:25:04 +0000] "GET /login HTTP/1.1" 200 7192 "-" "Mozilla/5.0 (compatible; Googlebot/2.1; +http://www.google.com/bot.html)"
66.249.73.4 - - [27/Sep/2017:03:30:12 +0000] "GET / HTTP/1.1" 200 7463 "-" "Mozilla/5.0 (Linux; Android 6.0.1; Nexus 5X Build/MMB29P) AppleWebKit/537.36 (KHTML, like Gecko) Chrome/41.0.2272.96 Mobile Safari/537.36 (compatible; Googlebot/2.1; +http://www.google.com/bot.html)"
66.249.73.149 - - [27/Sep/2017:03:49:48 +0000] "GET /lawyers/%D8%AE%D8%A7%D9%84%D8%AF-%D8%A8%D9%86-%D8%B9%D8%A8%D8%AF-%D8%A7%D9%84%D9%83%D8%B1%D9%8A%D9%85-%D8%B9%D8%AB%D9%85%D8%A7%D9%86-%D8%A7%D8%A8%D8%A7%D8%A8%D8%B7%D9%8A%D9%86 HTTP/1.1" 200 7463 "-" "Mozilla/5.0 (compatible; Googlebot/2.1; +http://www.google.com/bot.html)"
51.235.179.28 - - [27/Sep/2017:03:50:01 +0000] "GET /lawyers/%D9%85%D8%B1%D9%88%D8%A7%D9%86-%D8%A8%D9%86-%D8%B3%D8%A7%D9%85%D9%8A-%D8%B7%D8%A7%D9%84%D8%A8-%D8%A7%D9%84%D9%85%D8%B4%D9%82%D8%A7%D8%A8 HTTP/1.1" 200 7269 "https://www.google.com.sa/" "Mozilla/5.0 (iPhone; CPU iPhone OS 10_3_3 like Mac OS X) AppleWebKit/603.3.8 (KHTML, like Gecko) Version/10.0 Mobile/14G60 Safari/602.1"
51.235.179.28 - - [27/Sep/2017:03:50:02 +0000] "GET /css/app.css?id=ea2b7f26afe664d56a04 HTTP/1.1" 200 33869 "https://thesaudilaw.com/lawyers/%D9%85%D8%B1%D9%88%D8%A7%D9%86-%D8%A8%D9%86-%D8%B3%D8%A7%D9%85%D9%8A-%D8%B7%D8%A7%D9%84%D8%A8-%D8%A7%D9%84%D9%85%D8%B4%D9%82%D8%A7%D8%A8" "Mozilla/5.0 (iPhone; CPU iPhone OS 10_3_3 like Mac OS X) AppleWebKit/603.3.8 (KHTML, like Gecko) Version/10.0 Mobile/14G60 Safari/602.1"
51.235.179.28 - - [27/Sep/2017:03:50:02 +0000] "GET /img/logo.svg HTTP/1.1" 200 4161 "https://thesaudilaw.com/lawyers/%D9%85%D8%B1%D9%88%D8%A7%D9%86-%D8%A8%D9%86-%D8%B3%D8%A7%D9%85%D9%8A-%D8%B7%D8%A7%D9%84%D8%A8-%D8%A7%D9%84%D9%85%D8%B4%D9%82%D8%A7%D8%A8" "Mozilla/5.0 (iPhone; CPU iPhone OS 10_3_3 like Mac OS X) AppleWebKit/603.3.8 (KHTML, like Gecko) Version/10.0 Mobile/14G60 Safari/602.1"
51.235.179.28 - - [27/Sep/2017:03:50:02 +0000] "GET /img/avatar.jpg HTTP/1.1" 200 51408 "https://thesaudilaw.com/lawyers/%D9%85%D8%B1%D9%88%D8%A7%D9%86-%D8%A8%D9%86-%D8%B3%D8%A7%D9%85%D9%8A-%D8%B7%D8%A7%D9%84%D8%A8-%D8%A7%D9%84%D9%85%D8%B4%D9%82%D8%A7%D8%A8" "Mozilla/5.0 (iPhone; CPU iPhone OS 10_3_3 like Mac OS X) AppleWebKit/603.3.8 (KHTML, like Gecko) Version/10.0 Mobile/14G60 Safari/602.1"
51.235.179.28 - - [27/Sep/2017:03:50:02 +0000] "GET /js/manifest.js?id=00c9397dc4d2d4ed54de HTTP/1.1" 200 1359 "https://thesaudilaw.com/lawyers/%D9%85%D8%B1%D9%88%D8%A7%D9%86-%D8%A8%D9%86-%D8%B3%D8%A7%D9%85%D9%8A-%D8%B7%D8%A7%D9%84%D8%A8-%D8%A7%D9%84%D9%85%D8%B4%D9%82%D8%A7%D8%A8" "Mozilla/5.0 (iPhone; CPU iPhone OS 10_3_3 like Mac OS X) AppleWebKit/603.3.8 (KHTML, like Gecko) Version/10.0 Mobile/14G60 Safari/602.1"
51.235.179.28 - - [27/Sep/2017:03:50:02 +0000] "GET /js/vendor.js?id=f7400958569fae48befe HTTP/1.1" 200 252214 "https://thesaudilaw.com/lawyers/%D9%85%D8%B1%D9%88%D8%A7%D9%86-%D8%A8%D9%86-%D8%B3%D8%A7%D9%85%D9%8A-%D8%B7%D8%A7%D9%84%D8%A8-%D8%A7%D9%84%D9%85%D8%B4%D9%82%D8%A7%D8%A8" "Mozilla/5.0 (iPhone; CPU iPhone OS 10_3_3 like Mac OS X) AppleWebKit/603.3.8 (KHTML, like Gecko) Version/10.0 Mobile/14G60 Safari/602.1"
51.235.179.28 - - [27/Sep/2017:03:50:03 +0000] "GET /js/app.js?id=616a35b9db9ae672e3b5 HTTP/1.1" 200 42188 "https://thesaudilaw.com/lawyers/%D9%85%D8%B1%D9%88%D8%A7%D9%86-%D8%A8%D9%86-%D8%B3%D8%A7%D9%85%D9%8A-%D8%B7%D8%A7%D9%84%D8%A8-%D8%A7%D9%84%D9%85%D8%B4%D9%82%D8%A7%D8%A8" "Mozilla/5.0 (iPhone; CPU iPhone OS 10_3_3 like Mac OS X) AppleWebKit/603.3.8 (KHTML, like Gecko) Version/10.0 Mobile/14G60 Safari/602.1"
180.94.82.199 - - [27/Sep/2017:04:08:31 +0000] "GET / HTTP/1.1" 200 7263 "https://search.yahoo.com/" "Mozilla/5.0 (Windows NT 6.1) AppleWebKit/537.36 (KHTML, like Gecko) Chrome/61.0.3163.100 Safari/537.36"
180.94.82.199 - - [27/Sep/2017:04:08:32 +0000] "GET /css/app.css?id=ea2b7f26afe664d56a04 HTTP/1.1" 200 33869 "https://thesaudilaw.com/" "Mozilla/5.0 (Windows NT 6.1) AppleWebKit/537.36 (KHTML, like Gecko) Chrome/61.0.3163.100 Safari/537.36"
180.94.82.199 - - [27/Sep/2017:04:08:32 +0000] "GET /js/manifest.js?id=00c9397dc4d2d4ed54de HTTP/1.1" 200 4195 "https://thesaudilaw.com/" "Mozilla/5.0 (Windows NT 6.1) AppleWebKit/537.36 (KHTML, like Gecko) Chrome/61.0.3163.100 Safari/537.36"
180.94.82.199 - - [27/Sep/2017:04:08:32 +0000] "GET /img/logo.svg HTTP/1.1" 200 4023 "https://thesaudilaw.com/" "Mozilla/5.0 (Windows NT 6.1) AppleWebKit/537.36 (KHTML, like Gecko) Chrome/61.0.3163.100 Safari/537.36"
180.94.82.199 - - [27/Sep/2017:04:08:33 +0000] "GET /js/app.js?id=616a35b9db9ae672e3b5 HTTP/1.1" 200 42188 "https://thesaudilaw.com/" "Mozilla/5.0 (Windows NT 6.1) AppleWebKit/537.36 (KHTML, like Gecko) Chrome/61.0.3163.100 Safari/537.36"
180.94.82.199 - - [27/Sep/2017:04:08:33 +0000] "GET /fonts/vendor/font-awesome/fontawesome-webfont.woff2?af7ae505a9eed503f8b8e6982036873e HTTP/1.1" 200 80571 "https://thesaudilaw.com/css/app.css?id=ea2b7f26afe664d56a04" "Mozilla/5.0 (Windows NT 6.1) AppleWebKit/537.36 (KHTML, like Gecko) Chrome/61.0.3163.100 Safari/537.36"
180.94.82.199 - - [27/Sep/2017:04:08:33 +0000] "GET /js/vendor.js?id=f7400958569fae48befe HTTP/1.1" 200 252214 "https://thesaudilaw.com/" "Mozilla/5.0 (Windows NT 6.1) AppleWebKit/537.36 (KHTML, like Gecko) Chrome/61.0.3163.100 Safari/537.36"
180.94.82.199 - - [27/Sep/2017:04:08:40 +0000] "GET /favicon-32x32.png HTTP/1.1" 200 1303 "https://thesaudilaw.com/" "Mozilla/5.0 (Windows NT 6.1) AppleWebKit/537.36 (KHTML, like Gecko) Chrome/61.0.3163.100 Safari/537.36"
180.94.82.199 - - [27/Sep/2017:04:08:41 +0000] "GET /favicon-16x16.png HTTP/1.1" 200 996 "https://thesaudilaw.com/" "Mozilla/5.0 (Windows NT 6.1) AppleWebKit/537.36 (KHTML, like Gecko) Chrome/61.0.3163.100 Safari/537.36"
180.94.82.201 - - [27/Sep/2017:04:10:30 +0000] "GET /category/anthm-almoaslat-oalatsalat HTTP/1.1" 200 7399 "https://thesaudilaw.com/" "Mozilla/5.0 (Windows NT 6.1) AppleWebKit/537.36 (KHTML, like Gecko) Chrome/61.0.3163.100 Safari/537.36"
66.249.73.9 - - [27/Sep/2017:04:10:33 +0000] "GET /codes/%D8%AA%D9%86%D8%B8%D9%8A%D9%85-%D8%A7%D9%84%D9%85%D8%B1%D9%83%D8%B2-%D8%A7%D9%84%D8%B3%D8%B9%D9%88%D8%AF%D9%8A-%D9%84%D8%A7%D8%B9%D8%AA%D9%85%D8%A7%D8%AF-%D8%A7%D9%84%D9%85%D9%86%D8%B4%D8%A2%D8%AA-%D8%A7%D9%84%D8%B5%D8%AD%D9%8A%D8%A9-1436 HTTP/1.1" 301 770 "-" "Mozilla/5.0 (compatible; Googlebot/2.1; +http://www.google.com/bot.html)"
66.249.73.2 - - [27/Sep/2017:04:10:34 +0000] "GET /codes/%D8%AA%D9%86%D8%B8%D9%8A%D9%85-%D8%A7%D9%84%D9%85%D8%B1%D9%83%D8%B2-%D8%A7%D9%84%D8%B3%D8%B9%D9%88%D8%AF%D9%8A-%D9%84%D8%A7%D8%B9%D8%AA%D9%85%D8%A7%D8%AF-%D8%A7%D9%84%D9%85%D9%86%D8%B4%D8%A2%D8%AA-%D8%A7%D9%84%D8%B5%D8%AD%D9%8A%D8%A9-1436 HTTP/1.1" 200 11276 "-" "Mozilla/5.0 (compatible; Googlebot/2.1; +http://www.google.com/bot.html)"
180.94.82.199 - - [27/Sep/2017:04:13:44 +0000] "GET /codes/%D9%86%D8%B8%D8%A7%D9%85-%D8%A7%D9%84%D8%A8%D8%B1%D9%8A%D8%AF-1406 HTTP/1.1" 200 10532 "https://thesaudilaw.com/category/anthm-almoaslat-oalatsalat" "Mozilla/5.0 (Windows NT 6.1) AppleWebKit/537.36 (KHTML, like Gecko) Chrome/61.0.3163.100 Safari/537.36"
66.249.73.6 - - [27/Sep/2017:04:31:02 +0000] "GET /lawyers/%D8%B7%D9%84%D8%A7%D9%84-%D8%A8%D9%86-%D9%85%D9%88%D8%B3%D9%89-%D8%B4%D9%86%D9%8A%D9%81-%D8%A7%D9%84%D8%AB%D8%A7%D8%A8%D8%AA%D9%8A-%D8%A7%D9%84%D9%85%D8%A7%D9%84%D9%83%D9%8A HTTP/1.1" 200 7481 "-" "Mozilla/5.0 (compatible; Googlebot/2.1; +http://www.google.com/bot.html)"
180.94.82.199 - - [27/Sep/2017:04:33:24 +0000] "GET /category/alanthm-alasasy HTTP/1.1" 200 6812 "https://thesaudilaw.com/" "Mozilla/5.0 (Windows NT 6.1) AppleWebKit/537.36 (KHTML, like Gecko) Chrome/61.0.3163.100 Safari/537.36"
180.94.82.199 - - [27/Sep/2017:04:34:07 +0000] "GET /codes/%D8%A7%D9%84%D9%86%D8%B8%D8%A7%D9%85-%D8%A7%D9%84%D8%A3%D8%B3%D8%A7%D8%B3%D9%8A-%D9%84%D9%84%D8%AD%D9%83%D9%85-1412 HTTP/1.1" 200 14358 "https://thesaudilaw.com/category/alanthm-alasasy" "Mozilla/5.0 (Windows NT 6.1) AppleWebKit/537.36 (KHTML, like Gecko) Chrome/61.0.3163.100 Safari/537.36"
180.94.82.199 - - [27/Sep/2017:04:34:08 +0000] "GET /fonts/vendor/bootstrap/glyphicons-halflings-regular.woff2?448c34a56d699c29117adc64c43affeb HTTP/1.1" 200 18377 "https://thesaudilaw.com/css/app.css?id=ea2b7f26afe664d56a04" "Mozilla/5.0 (Windows NT 6.1) AppleWebKit/537.36 (KHTML, like Gecko) Chrome/61.0.3163.100 Safari/537.36"
108.185.116.130 - - [27/Sep/2017:04:42:01 +0000] "HEAD /documents/188 HTTP/1.1" 200 4171 "-" "Mozilla/5.0 (Macintosh; Intel Mac OS X 10_12_6) AppleWebKit/537.36 (KHTML, like Gecko) Chrome/60.0.3112.113 Safari/537.36"
108.185.116.130 - - [27/Sep/2017:04:42:01 +0000] "GET /documents/188 HTTP/1.1" 200 8427 "-" "Mozilla/5.0 (Macintosh; Intel Mac OS X 10_12_6) AppleWebKit/537.36 (KHTML, like Gecko) Chrome/60.0.3112.113 Safari/537.36"
108.185.116.130 - - [27/Sep/2017:04:42:02 +0000] "GET /img/logo.svg HTTP/1.1" 200 7207 "https://thesaudilaw.com/documents/188" "Mozilla/5.0 (Macintosh; Intel Mac OS X 10_12_6) AppleWebKit/537.36 (KHTML, like Gecko) Chrome/60.0.3112.113 Safari/537.36"
108.185.116.130 - - [27/Sep/2017:04:42:02 +0000] "GET /css/app.css?id=ea2b7f26afe664d56a04 HTTP/1.1" 200 33869 "https://thesaudilaw.com/documents/188" "Mozilla/5.0 (Macintosh; Intel Mac OS X 10_12_6) AppleWebKit/537.36 (KHTML, like Gecko) Chrome/60.0.3112.113 Safari/537.36"
108.185.116.130 - - [27/Sep/2017:04:42:02 +0000] "GET /js/manifest.js?id=00c9397dc4d2d4ed54de HTTP/1.1" 200 1221 "https://thesaudilaw.com/documents/188" "Mozilla/5.0 (Macintosh; Intel Mac OS X 10_12_6) AppleWebKit/537.36 (KHTML, like Gecko) Chrome/60.0.3112.113 Safari/537.36"
108.185.116.130 - - [27/Sep/2017:04:42:02 +0000] "GET /js/vendor.js?id=f7400958569fae48befe HTTP/1.1" 200 252214 "https://thesaudilaw.com/documents/188" "Mozilla/5.0 (Macintosh; Intel Mac OS X 10_12_6) AppleWebKit/537.36 (KHTML, like Gecko) Chrome/60.0.3112.113 Safari/537.36"
108.185.116.130 - - [27/Sep/2017:04:42:02 +0000] "GET /js/app.js?id=616a35b9db9ae672e3b5 HTTP/1.1" 200 42188 "https://thesaudilaw.com/documents/188" "Mozilla/5.0 (Macintosh; Intel Mac OS X 10_12_6) AppleWebKit/537.36 (KHTML, like Gecko) Chrome/60.0.3112.113 Safari/537.36"
108.185.116.130 - - [27/Sep/2017:04:42:03 +0000] "GET /fonts/vendor/font-awesome/fontawesome-webfont.woff2?af7ae505a9eed503f8b8e6982036873e HTTP/1.1" 200 77597 "https://thesaudilaw.com/css/app.css?id=ea2b7f26afe664d56a04" "Mozilla/5.0 (Macintosh; Intel Mac OS X 10_12_6) AppleWebKit/537.36 (KHTML, like Gecko) Chrome/60.0.3112.113 Safari/537.36"
108.185.116.130 - - [27/Sep/2017:04:42:04 +0000] "GET /favicon-32x32.png HTTP/1.1" 200 1303 "https://thesaudilaw.com/documents/188" "Mozilla/5.0 (Macintosh; Intel Mac OS X 10_12_6) AppleWebKit/537.36 (KHTML, like Gecko) Chrome/60.0.3112.113 Safari/537.36"
108.185.116.130 - - [27/Sep/2017:04:42:04 +0000] "GET /favicon-16x16.png HTTP/1.1" 200 996 "https://thesaudilaw.com/documents/188" "Mozilla/5.0 (Macintosh; Intel Mac OS X 10_12_6) AppleWebKit/537.36 (KHTML, like Gecko) Chrome/60.0.3112.113 Safari/537.36"
66.249.73.145 - - [27/Sep/2017:05:01:23 +0000] "GET /lawyers/%D8%B4%D9%87%D8%AF-%D8%A8%D9%86%D8%AA-%D8%A7%D8%AD%D9%85%D8%AF-%D8%B9%D8%A8%D8%AF%D8%A7%D9%84%D8%B9%D8%B2%D9%8A%D8%B2-%D8%A7%D9%84%D8%B9%D9%86%D9%82%D8%B1%D9%8A HTTP/1.1" 200 7475 "-" "Mozilla/5.0 (compatible; Googlebot/2.1; +http://www.google.com/bot.html)"
66.249.73.145 - - [27/Sep/2017:05:05:35 +0000] "GET /lawyers/%D8%AE%D8%A7%D9%84%D8%AF-%D8%A8%D9%86-%D8%BA%D8%A7%D8%B2%D9%8A-%D9%85%D8%AD%D9%85%D8%AF-%D8%A7%D9%84%D9%8A%D9%88%D8%B3%D9%81%D9%8A-%D8%A7%D9%84%D8%AB%D9%82%D9%81%D9%8A HTTP/1.1" 200 7467 "-" "Mozilla/5.0 (compatible; Googlebot/2.1; +http://www.google.com/bot.html)"
66.249.73.6 - - [27/Sep/2017:05:06:48 +0000] "GET /register HTTP/1.1" 200 7314 "-" "Mozilla/5.0 (compatible; Googlebot/2.1; +http://www.google.com/bot.html)"
66.249.73.4 - - [27/Sep/2017:05:16:43 +0000] "GET / HTTP/1.1" 200 7461 "-" "Mozilla/5.0 (Linux; Android 6.0.1; Nexus 5X Build/MMB29P) AppleWebKit/537.36 (KHTML, like Gecko) Chrome/41.0.2272.96 Mobile Safari/537.36 (compatible; Googlebot/2.1; +http://www.google.com/bot.html)"
66.249.73.2 - - [27/Sep/2017:05:25:36 +0000] "GET /lawyers/%D9%85%D9%88%D8%B3%D9%89-%D8%A8%D9%86-%D9%85%D8%AD%D9%85%D8%AF-%D9%85%D8%AD%D9%85%D8%AF-%D9%87%D9%8A%D8%AC%D8%A7%D9%86 HTTP/1.1" 200 7429 "-" "Mozilla/5.0 (compatible; Googlebot/2.1; +http://www.google.com/bot.html)"
66.249.73.147 - - [27/Sep/2017:05:52:38 +0000] "GET /lawyers/%D9%87%D9%86%D8%A7%D8%A1-%D8%A8%D9%86%D8%AA-%D8%B5%D8%AF%D9%8A%D9%82-%D8%B9%D8%A8%D8%AF%D8%A7%D9%84%D9%84%D9%87-%D8%AE%D9%84%D9%8A%D8%B5 HTTP/1.1" 200 7453 "-" "Mozilla/5.0 (compatible; Googlebot/2.1; +http://www.google.com/bot.html)"
66.249.73.5 - - [27/Sep/2017:05:57:32 +0000] "GET /category/anthm-alamn-aldakhly-oalahoal-almdny-oalanthm-aljnaey HTTP/1.1" 301 710 "-" "Mozilla/5.0 (compatible; Googlebot/2.1; +http://www.google.com/bot.html)"
66.249.73.6 - - [27/Sep/2017:05:57:33 +0000] "GET /category/anthm-alamn-aldakhly-oalahoal-almdny-oalanthm-aljnaey HTTP/1.1" 200 8514 "-" "Mozilla/5.0 (compatible; Googlebot/2.1; +http://www.google.com/bot.html)"
66.249.73.6 - - [27/Sep/2017:06:02:32 +0000] "GET /login HTTP/1.1" 200 7189 "-" "Mozilla/5.0 (compatible; Googlebot/2.1; +http://www.google.com/bot.html)"
66.249.73.149 - - [27/Sep/2017:06:07:39 +0000] "GET /lawyers?page=18 HTTP/1.1" 200 10876 "-" "Mozilla/5.0 (compatible; Googlebot/2.1; +http://www.google.com/bot.html)"
212.119.82.121 - - [27/Sep/2017:06:10:49 +0000] "HEAD /documents/255 HTTP/1.1" 200 3959 "-" "Mozilla/5.0 (Windows NT 6.1; Win64; x64) AppleWebKit/537.36 (KHTML, like Gecko) Chrome/60.0.3112.113 Safari/537.36"
212.119.82.121 - - [27/Sep/2017:06:10:51 +0000] "GET /documents/255 HTTP/1.1" 200 7485 "-" "Mozilla/5.0 (Windows NT 6.1; Win64; x64) AppleWebKit/537.36 (KHTML, like Gecko) Chrome/60.0.3112.113 Safari/537.36"
212.119.82.121 - - [27/Sep/2017:06:10:51 +0000] "GET /css/app.css?id=ea2b7f26afe664d56a04 HTTP/1.1" 200 33869 "https://thesaudilaw.com/documents/255" "Mozilla/5.0 (Windows NT 6.1; Win64; x64) AppleWebKit/537.36 (KHTML, like Gecko) Chrome/60.0.3112.113 Safari/537.36"
212.119.82.121 - - [27/Sep/2017:06:10:52 +0000] "GET /js/manifest.js?id=00c9397dc4d2d4ed54de HTTP/1.1" 200 1221 "https://thesaudilaw.com/documents/255" "Mozilla/5.0 (Windows NT 6.1; Win64; x64) AppleWebKit/537.36 (KHTML, like Gecko) Chrome/60.0.3112.113 Safari/537.36"
212.119.82.121 - - [27/Sep/2017:06:10:52 +0000] "GET /js/vendor.js?id=f7400958569fae48befe HTTP/1.1" 200 252214 "https://thesaudilaw.com/documents/255" "Mozilla/5.0 (Windows NT 6.1; Win64; x64) AppleWebKit/537.36 (KHTML, like Gecko) Chrome/60.0.3112.113 Safari/537.36"
212.119.82.121 - - [27/Sep/2017:06:10:53 +0000] "GET /js/app.js?id=616a35b9db9ae672e3b5 HTTP/1.1" 200 45162 "https://thesaudilaw.com/documents/255" "Mozilla/5.0 (Windows NT 6.1; Win64; x64) AppleWebKit/537.36 (KHTML, like Gecko) Chrome/60.0.3112.113 Safari/537.36"
212.119.82.121 - - [27/Sep/2017:06:10:53 +0000] "GET /img/logo.svg HTTP/1.1" 200 6997 "https://thesaudilaw.com/documents/255" "Mozilla/5.0 (Windows NT 6.1; Win64; x64) AppleWebKit/537.36 (KHTML, like Gecko) Chrome/60.0.3112.113 Safari/537.36"
212.119.82.121 - - [27/Sep/2017:06:10:54 +0000] "GET /fonts/vendor/font-awesome/fontawesome-webfont.woff2?af7ae505a9eed503f8b8e6982036873e HTTP/1.1" 200 77597 "https://thesaudilaw.com/css/app.css?id=ea2b7f26afe664d56a04" "Mozilla/5.0 (Windows NT 6.1; Win64; x64) AppleWebKit/537.36 (KHTML, like Gecko) Chrome/60.0.3112.113 Safari/537.36"
212.119.82.121 - - [27/Sep/2017:06:10:56 +0000] "GET /favicon-32x32.png HTTP/1.1" 200 1303 "https://thesaudilaw.com/documents/255" "Mozilla/5.0 (Windows NT 6.1; Win64; x64) AppleWebKit/537.36 (KHTML, like Gecko) Chrome/60.0.3112.113 Safari/537.36"
212.119.82.121 - - [27/Sep/2017:06:10:57 +0000] "GET /favicon-16x16.png HTTP/1.1" 200 996 "https://thesaudilaw.com/documents/255" "Mozilla/5.0 (Windows NT 6.1; Win64; x64) AppleWebKit/537.36 (KHTML, like Gecko) Chrome/60.0.3112.113 Safari/537.36"
212.119.82.121 - - [27/Sep/2017:06:11:09 +0000] "GET /codes/%D9%86%D8%B8%D8%A7%D9%85-%D8%A7%D9%84%D9%85%D8%B9%D8%A7%D8%AF%D9%86-%D8%A7%D9%84%D8%AB%D9%85%D9%8A%D9%86%D8%A9-%D9%88%D8%A7%D9%84%D8%A3%D8%AD%D8%AC%D8%A7%D8%B1-%D8%A7%D9%84%D9%83%D8%B1%D9%8A%D9%85%D8%A9-1403 HTTP/1.1" 200 10537 "https://thesaudilaw.com/documents/255" "Mozilla/5.0 (Windows NT 6.1; Win64; x64) AppleWebKit/537.36 (KHTML, like Gecko) Chrome/60.0.3112.113 Safari/537.36"
212.119.82.121 - - [27/Sep/2017:06:12:05 +0000] "GET /documents?category=anthm-altak-oalsnaaa-oaltaadyn HTTP/1.1" 200 7307 "https://thesaudilaw.com/documents/255" "Mozilla/5.0 (Windows NT 6.1; Win64; x64) AppleWebKit/537.36 (KHTML, like Gecko) Chrome/60.0.3112.113 Safari/537.36"
212.119.82.121 - - [27/Sep/2017:06:12:24 +0000] "GET /documents?test=1&category=anthm-altak-oalsnaaa-oaltaadyn&page=2 HTTP/1.1" 200 7289 "https://thesaudilaw.com/documents?category=anthm-altak-oalsnaaa-oaltaadyn" "Mozilla/5.0 (Windows NT 6.1; Win64; x64) AppleWebKit/537.36 (KHTML, like Gecko) Chrome/60.0.3112.113 Safari/537.36"
212.119.82.121 - - [27/Sep/2017:06:12:28 +0000] "GET /documents?test=1&category=anthm-altak-oalsnaaa-oaltaadyn&page=4 HTTP/1.1" 200 7016 "https://thesaudilaw.com/documents?test=1&category=anthm-altak-oalsnaaa-oaltaadyn&page=2" "Mozilla/5.0 (Windows NT 6.1; Win64; x64) AppleWebKit/537.36 (KHTML, like Gecko) Chrome/60.0.3112.113 Safari/537.36"
212.119.82.121 - - [27/Sep/2017:06:12:37 +0000] "GET /documents/255 HTTP/1.1" 200 7488 "https://thesaudilaw.com/documents?test=1&category=anthm-altak-oalsnaaa-oaltaadyn&page=4" "Mozilla/5.0 (Windows NT 6.1; Win64; x64) AppleWebKit/537.36 (KHTML, like Gecko) Chrome/60.0.3112.113 Safari/537.36"
66.249.73.5 - - [27/Sep/2017:06:12:42 +0000] "GET /category/anthm-alzraaa-oalmyah-oalthroat-alhy HTTP/1.1" 301 676 "-" "Mozilla/5.0 (compatible; Googlebot/2.1; +http://www.google.com/bot.html)"
66.249.73.4 - - [27/Sep/2017:06:12:43 +0000] "GET /category/anthm-alzraaa-oalmyah-oalthroat-alhy HTTP/1.1" 200 8310 "-" "Mozilla/5.0 (compatible; Googlebot/2.1; +http://www.google.com/bot.html)"
212.119.82.121 - - [27/Sep/2017:06:12:56 +0000] "GET /documents?test=1&category=anthm-altak-oalsnaaa-oaltaadyn&page=3 HTTP/1.1" 200 7290 "https://thesaudilaw.com/documents?test=1&category=anthm-altak-oalsnaaa-oaltaadyn&page=4" "Mozilla/5.0 (Windows NT 6.1; Win64; x64) AppleWebKit/537.36 (KHTML, like Gecko) Chrome/60.0.3112.113 Safari/537.36"
212.119.82.121 - - [27/Sep/2017:06:13:01 +0000] "GET /documents/254 HTTP/1.1" 200 8742 "https://thesaudilaw.com/documents?test=1&category=anthm-altak-oalsnaaa-oaltaadyn&page=3" "Mozilla/5.0 (Windows NT 6.1; Win64; x64) AppleWebKit/537.36 (KHTML, like Gecko) Chrome/60.0.3112.113 Safari/537.36"
212.119.82.121 - - [27/Sep/2017:06:13:20 +0000] "GET /documents/253 HTTP/1.1" 200 8363 "https://thesaudilaw.com/documents?test=1&category=anthm-altak-oalsnaaa-oaltaadyn&page=3" "Mozilla/5.0 (Windows NT 6.1; Win64; x64) AppleWebKit/537.36 (KHTML, like Gecko) Chrome/60.0.3112.113 Safari/537.36"
212.119.82.121 - - [27/Sep/2017:06:13:28 +0000] "GET /documents/252 HTTP/1.1" 200 7709 "https://thesaudilaw.com/documents?test=1&category=anthm-altak-oalsnaaa-oaltaadyn&page=3" "Mozilla/5.0 (Windows NT 6.1; Win64; x64) AppleWebKit/537.36 (KHTML, like Gecko) Chrome/60.0.3112.113 Safari/537.36"
212.119.82.121 - - [27/Sep/2017:06:13:46 +0000] "GET /codes HTTP/1.1" 200 9175 "https://thesaudilaw.com/documents/252" "Mozilla/5.0 (Windows NT 6.1; Win64; x64) AppleWebKit/537.36 (KHTML, like Gecko) Chrome/60.0.3112.113 Safari/537.36"
212.119.82.121 - - [27/Sep/2017:06:14:20 +0000] "GET /codes?category=anthm-altjar-oalaktsad-oalastthmar HTTP/1.1" 200 9352 "https://thesaudilaw.com/codes" "Mozilla/5.0 (Windows NT 6.1; Win64; x64) AppleWebKit/537.36 (KHTML, like Gecko) Chrome/60.0.3112.113 Safari/537.36"
212.119.82.121 - - [27/Sep/2017:06:14:31 +0000] "GET /documents?category=anthm-altjar-oalaktsad-oalastthmar HTTP/1.1" 200 7330 "https://thesaudilaw.com/codes?category=anthm-altjar-oalaktsad-oalastthmar" "Mozilla/5.0 (Windows NT 6.1; Win64; x64) AppleWebKit/537.36 (KHTML, like Gecko) Chrome/60.0.3112.113 Safari/537.36"
212.119.82.121 - - [27/Sep/2017:06:14:42 +0000] "GET /documents?test=1&category=anthm-altjar-oalaktsad-oalastthmar&page=11 HTTP/1.1" 200 7194 "https://thesaudilaw.com/documents?category=anthm-altjar-oalaktsad-oalastthmar" "Mozilla/5.0 (Windows NT 6.1; Win64; x64) AppleWebKit/537.36 (KHTML, like Gecko) Chrome/60.0.3112.113 Safari/537.36"
212.119.82.121 - - [27/Sep/2017:06:14:48 +0000] "GET /documents/50 HTTP/1.1" 200 7685 "https://thesaudilaw.com/documents?test=1&category=anthm-altjar-oalaktsad-oalastthmar&page=11" "Mozilla/5.0 (Windows NT 6.1; Win64; x64) AppleWebKit/537.36 (KHTML, like Gecko) Chrome/60.0.3112.113 Safari/537.36"
212.119.82.121 - - [27/Sep/2017:06:20:08 +0000] "GET /codes/%D9%86%D8%B8%D8%A7%D9%85-%D9%85%D8%AD%D9%84%D8%A7%D8%AA-%D8%A8%D9%8A%D8%B9-%D8%A7%D9%84%D9%85%D8%B1%D9%83%D8%A8%D8%A7%D8%AA-%D8%A7%D9%84%D9%85%D9%84%D8%BA%D9%89-%D8%AA%D8%B3%D8%AC%D9%8A%D9%84%D9%87%D8%A7-1422 HTTP/1.1" 200 8636 "https://thesaudilaw.com/documents/50" "Mozilla/5.0 (Windows NT 6.1; Win64; x64) AppleWebKit/537.36 (KHTML, like Gecko) Chrome/60.0.3112.113 Safari/537.36"
66.249.73.147 - - [27/Sep/2017:06:21:22 +0000] "GET /lawyers/%D8%AE%D8%A7%D9%84%D8%AF-%D8%A8%D9%86-%D8%B9%D8%A8%D8%AF%D8%A7%D9%84%D8%B1%D8%AD%D9%85%D9%86-%D8%B3%D9%84%D9%8A%D9%85%D8%A7%D9%86-%D8%A8%D9%86-%D8%AC%D8%AF%D9%8A%D8%AF HTTP/1.1" 200 7464 "-" "Mozilla/5.0 (compatible; Googlebot/2.1; +http://www.google.com/bot.html)"
212.119.82.121 - - [27/Sep/2017:06:21:44 +0000] "GET /documents/48 HTTP/1.1" 200 7818 "https://thesaudilaw.com/documents?test=1&category=anthm-altjar-oalaktsad-oalastthmar&page=11" "Mozilla/5.0 (Windows NT 6.1; Win64; x64) AppleWebKit/537.36 (KHTML, like Gecko) Chrome/60.0.3112.113 Safari/537.36"
212.119.82.121 - - [27/Sep/2017:06:22:19 +0000] "GET /documents/47 HTTP/1.1" 200 7557 "https://thesaudilaw.com/documents?test=1&category=anthm-altjar-oalaktsad-oalastthmar&page=11" "Mozilla/5.0 (Windows NT 6.1; Win64; x64) AppleWebKit/537.36 (KHTML, like Gecko) Chrome/60.0.3112.113 Safari/537.36"
212.119.82.121 - - [27/Sep/2017:06:22:31 +0000] "GET /documents/46 HTTP/1.1" 200 7584 "https://thesaudilaw.com/documents?test=1&category=anthm-altjar-oalaktsad-oalastthmar&page=11" "Mozilla/5.0 (Windows NT 6.1; Win64; x64) AppleWebKit/537.36 (KHTML, like Gecko) Chrome/60.0.3112.113 Safari/537.36"
212.119.82.121 - - [27/Sep/2017:06:22:42 +0000] "GET /documents?test=1&category=anthm-altjar-oalaktsad-oalastthmar&page=10 HTTP/1.1" 200 7338 "https://thesaudilaw.com/documents?test=1&category=anthm-altjar-oalaktsad-oalastthmar&page=11" "Mozilla/5.0 (Windows NT 6.1; Win64; x64) AppleWebKit/537.36 (KHTML, like Gecko) Chrome/60.0.3112.113 Safari/537.36"
212.119.82.121 - - [27/Sep/2017:06:22:51 +0000] "GET /documents/45 HTTP/1.1" 200 8770 "https://thesaudilaw.com/documents?test=1&category=anthm-altjar-oalaktsad-oalastthmar&page=10" "Mozilla/5.0 (Windows NT 6.1; Win64; x64) AppleWebKit/537.36 (KHTML, like Gecko) Chrome/60.0.3112.113 Safari/537.36"
66.249.73.147 - - [27/Sep/2017:06:22:52 +0000] "GET /documents/18 HTTP/1.1" 200 7736 "-" "Mozilla/5.0 (compatible; Googlebot/2.1; +http://www.google.com/bot.html)"
212.119.82.121 - - [27/Sep/2017:06:23:05 +0000] "GET /documents/44 HTTP/1.1" 200 7404 "https://thesaudilaw.com/documents?test=1&category=anthm-altjar-oalaktsad-oalastthmar&page=10" "Mozilla/5.0 (Windows NT 6.1; Win64; x64) AppleWebKit/537.36 (KHTML, like Gecko) Chrome/60.0.3112.113 Safari/537.36"
212.119.82.121 - - [27/Sep/2017:06:23:35 +0000] "GET /documents/43 HTTP/1.1" 200 7381 "https://thesaudilaw.com/documents?test=1&category=anthm-altjar-oalaktsad-oalastthmar&page=10" "Mozilla/5.0 (Windows NT 6.1; Win64; x64) AppleWebKit/537.36 (KHTML, like Gecko) Chrome/60.0.3112.113 Safari/537.36"
212.119.82.121 - - [27/Sep/2017:06:23:46 +0000] "GET /codes/%D9%86%D8%B8%D8%A7%D9%85-%D8%A7%D9%84%D9%88%D9%83%D8%A7%D9%84%D8%A7%D8%AA-%D8%A7%D9%84%D8%AA%D8%AC%D8%A7%D8%B1%D9%8A%D8%A9-1382 HTTP/1.1" 200 9308 "https://thesaudilaw.com/documents/43" "Mozilla/5.0 (Windows NT 6.1; Win64; x64) AppleWebKit/537.36 (KHTML, like Gecko) Chrome/60.0.3112.113 Safari/537.36"
212.119.82.121 - - [27/Sep/2017:06:23:48 +0000] "GET /fonts/vendor/bootstrap/glyphicons-halflings-regular.woff2?448c34a56d699c29117adc64c43affeb HTTP/1.1" 200 21356 "https://thesaudilaw.com/css/app.css?id=ea2b7f26afe664d56a04" "Mozilla/5.0 (Windows NT 6.1; Win64; x64) AppleWebKit/537.36 (KHTML, like Gecko) Chrome/60.0.3112.113 Safari/537.36"
