74.91.22.178 - - [27/Sep/2017:23:59:48 +0000] "GET /lawyers/%D9%85%D9%8A%D9%85%D9%88%D9%86%D9%87-%D8%A8%D9%86%D8%AA-%D9%85%D8%AD%D9%85%D8%AF-%D8%B9%D8%A8%D8%AF%D8%A7%D9%84%D9%84%D9%87-%D8%A2%D9%84-%D8%B1%D8%A7%D9%8A%D9%81-%D8%A7%D9%84%D9%82%D8%AD%D8%B7%D8%A7%D9%86%D9%8A HTTP/1.1" 200 4269 "-" "Mozilla/5.0 (compatible; MJ12bot/v1.4.7; http://mj12bot.com/)"
74.91.22.178 - - [27/Sep/2017:23:59:50 +0000] "GET /lawyers/%D9%86%D8%A7%D8%AF%D9%8A%D9%86-%D8%A8%D9%86%D8%AA-%D8%B9%D8%A8%D8%AF%D8%A7%D9%84%D9%88%D9%87%D8%A7%D8%A8-%D8%B9%D8%A8%D8%AF%D8%A7%D9%84%D8%B1%D8%AD%D9%85%D9%86-%D9%85%D8%B1%D8%B4%D8%AF HTTP/1.1" 200 4259 "-" "Mozilla/5.0 (compatible; MJ12bot/v1.4.7; http://mj12bot.com/)"
74.91.22.178 - - [27/Sep/2017:23:59:51 +0000] "GET /lawyers/%D9%86%D8%A7%D8%B5%D8%B1-%D8%A8%D9%86-%D8%B2%D8%A7%D9%8A%D8%AF-%D8%AC%D9%85%D8%B9%D8%A7%D9%86-%D8%A2%D9%84-%D8%B2%D8%A7%D9%8A%D8%AF-%D8%A7%D9%84%D8%BA%D8%A7%D9%85%D8%AF%D9%8A HTTP/1.1" 200 7416 "-" "Mozilla/5.0 (compatible; MJ12bot/v1.4.7; http://mj12bot.com/)"
74.91.22.178 - - [27/Sep/2017:23:59:53 +0000] "GET /lawyers/%D9%86%D8%A7%D8%B5%D8%B1-%D8%A8%D9%86-%D8%B3%D8%B9%D8%AF-%D9%85%D8%AD%D9%85%D8%AF-%D8%A7%D9%84%D9%81%D9%82%D9%8A%D9%87 HTTP/1.1" 200 4226 "-" "Mozilla/5.0 (compatible; MJ12bot/v1.4.7; http://mj12bot.com/)"
74.91.22.178 - - [27/Sep/2017:23:59:55 +0000] "GET /lawyers/%D9%86%D8%A7%D8%B5%D8%B1-%D8%A8%D9%86-%D8%B3%D8%B9%D9%8A%D8%AF-%D9%85%D8%B9%D9%8A%D8%B6-%D8%A2%D9%84-%D8%B3%D8%B9%D9%8A%D8%AF-%D8%A7%D9%84%D9%82%D8%AD%D8%B7%D8%A7%D9%86%D9%8A HTTP/1.1" 200 4249 "-" "Mozilla/5.0 (compatible; MJ12bot/v1.4.7; http://mj12bot.com/)"
74.91.22.178 - - [27/Sep/2017:23:59:56 +0000] "GET /lawyers/%D9%86%D8%A7%D8%B5%D8%B1-%D8%A8%D9%86-%D8%B7%D8%B1%D9%8A%D8%AF-%D8%AF%D8%AE%D9%8A%D9%84-%D8%A7%D9%84%D8%B5%D9%82%D8%B1%D9%8A-%D8%A7%D9%84%D8%B9%D9%86%D8%B2%D9%8A HTTP/1.1" 200 4232 "-" "Mozilla/5.0 (compatible; MJ12bot/v1.4.7; http://mj12bot.com/)"
74.91.22.178 - - [27/Sep/2017:23:59:58 +0000] "GET /lawyers/%D9%86%D8%A7%D8%B5%D8%B1-%D8%A8%D9%86-%D8%B9%D8%A8%D8%AF%D8%A7%D9%84%D8%B9%D8%B2%D9%8A%D8%B2-%D9%8A%D9%88%D8%B3%D9%81-%D8%A7%D9%84%D8%AA%D9%88%D9%8A%D9%85 HTTP/1.1" 200 4245 "-" "Mozilla/5.0 (compatible; MJ12bot/v1.4.7; http://mj12bot.com/)"
74.91.22.178 - - [27/Sep/2017:23:59:59 +0000] "GET /lawyers/%D9%86%D8%A7%D8%B5%D8%B1-%D8%A8%D9%86-%D8%B9%D8%A8%D8%AF%D8%A7%D9%84%D9%84%D9%87-%D8%AD%D8%B3%D9%86-%D8%B9%D9%84%D9%8A-%D8%A7%D9%84-%D9%87%D8%AA%D8%A7%D9%86 HTTP/1.1" 200 4235 "-" "Mozilla/5.0 (compatible; MJ12bot/v1.4.7; http://mj12bot.com/)"
74.91.22.178 - - [28/Sep/2017:00:00:01 +0000] "GET /lawyers/%D9%86%D8%A7%D8%B5%D8%B1-%D8%A8%D9%86-%D8%B9%D8%A8%D8%AF%D8%A7%D9%84%D9%84%D9%87-%D8%B9%D8%A8%D8%AF%D8%A7%D9%84%D8%B9%D8%B2%D9%8A%D8%B2-%D8%A7%D9%84%D9%85%D9%8A%D9%85%D8%A7%D9%86 HTTP/1.1" 200 4239 "-" "Mozilla/5.0 (compatible; MJ12bot/v1.4.7; http://mj12bot.com/)"
74.91.22.178 - - [28/Sep/2017:00:00:02 +0000] "GET /lawyers/%D9%86%D8%A7%D8%B5%D8%B1-%D8%A8%D9%86-%D8%B9%D9%8A%D8%AF-%D8%B9%D9%8A%D8%B3%D9%89-%D8%A7%D9%84%D8%B9%D8%B1%D8%AC%D9%8A-%D8%A7%D9%84%D9%82%D8%AD%D8%B7%D8%A7%D9%86%D9%8A HTTP/1.1" 200 4248 "-" "Mozilla/5.0 (compatible; MJ12bot/v1.4.7; http://mj12bot.com/)"
74.91.22.178 - - [28/Sep/2017:00:00:04 +0000] "GET /lawyers/%D9%86%D8%A7%D8%B5%D8%B1-%D8%A8%D9%86-%D9%81%D9%86%D8%AE%D9%8A%D8%B1-%D9%87%D9%85%D9%8A%D8%AC%D8%A7%D9%86-%D8%A7%D9%84%D9%81%D8%B1%D9%8A%D8%AF%D9%8A HTTP/1.1" 200 4240 "-" "Mozilla/5.0 (compatible; MJ12bot/v1.4.7; http://mj12bot.com/)"
74.91.22.178 - - [28/Sep/2017:00:00:05 +0000] "GET /lawyers/%D9%86%D8%A7%D8%B5%D8%B1-%D8%A8%D9%86-%D9%85%D8%A7%D9%86%D8%B9-%D8%B9%D9%84%D9%8A-%D8%A2%D9%84-%D8%B1%D8%A7%D9%8A%D8%AD-%D8%A7%D9%84%D8%A3%D8%AD%D9%85%D8%B1%D9%8A HTTP/1.1" 200 4249 "-" "Mozilla/5.0 (compatible; MJ12bot/v1.4.7; http://mj12bot.com/)"
74.91.22.178 - - [28/Sep/2017:00:00:07 +0000] "GET /lawyers/%D9%86%D8%A7%D8%B5%D8%B1-%D8%A8%D9%86-%D9%85%D8%AD%D8%B3%D9%86-%D9%86%D8%A7%D8%B5%D8%B1-%D8%A7%D9%84%D9%87%D8%A7%D8%AC%D8%B1%D9%8A HTTP/1.1" 200 4218 "-" "Mozilla/5.0 (compatible; MJ12bot/v1.4.7; http://mj12bot.com/)"
74.91.22.178 - - [28/Sep/2017:00:00:08 +0000] "GET /lawyers/%D9%86%D8%A7%D8%B5%D8%B1-%D8%A8%D9%86-%D9%85%D8%AD%D9%85%D8%AF-%D8%AD%D9%85%D8%AF-%D8%A7%D9%84%D8%A8%D8%B1%D9%8A%D8%B5-%D8%A7%D9%84%D9%85%D8%B1%D9%8A HTTP/1.1" 200 4225 "-" "Mozilla/5.0 (compatible; MJ12bot/v1.4.7; http://mj12bot.com/)"
74.91.22.178 - - [28/Sep/2017:00:00:10 +0000] "GET /lawyers/%D9%86%D8%A7%D8%B5%D8%B1-%D8%A8%D9%86-%D9%85%D9%87%D8%AF%D9%8A-%D8%B9%D9%84%D9%8A-%D8%A7%D9%84-%D8%AE%D9%85%D8%B3%D8%A7%D9%86 HTTP/1.1" 200 4213 "-" "Mozilla/5.0 (compatible; MJ12bot/v1.4.7; http://mj12bot.com/)"
74.91.22.178 - - [28/Sep/2017:00:00:11 +0000] "GET /lawyers/%D9%86%D8%A7%D9%81%D8%B9-%D8%A8%D9%86-%D8%A3%D8%AD%D9%85%D8%AF-%D9%85%D8%AD%D9%85%D8%AF-%D8%A2%D9%84-%D9%86%D8%A7%D9%81%D8%B9-%D8%A7%D9%84%D9%85%D8%B1%D8%AD%D8%A8%D9%8A HTTP/1.1" 200 4233 "-" "Mozilla/5.0 (compatible; MJ12bot/v1.4.7; http://mj12bot.com/)"
74.91.22.178 - - [28/Sep/2017:00:00:13 +0000] "GET /lawyers/%D9%86%D8%A7%D9%8A%D9%81-%D8%A8%D9%86-%D8%A7%D8%AD%D9%85%D8%AF-%D9%85%D8%AD%D9%85%D8%AF-%D8%A7%D9%84%D8%AD%D8%B3%D9%8A%D9%86%D9%8A-%D8%A7%D9%84%D8%B4%D8%B1%D9%8A%D9%81 HTTP/1.1" 200 4226 "-" "Mozilla/5.0 (compatible; MJ12bot/v1.4.7; http://mj12bot.com/)"
74.91.22.178 - - [28/Sep/2017:00:00:14 +0000] "GET /lawyers/%D9%86%D8%A7%D9%8A%D9%81-%D8%A8%D9%86-%D8%B9%D8%A8%D8%AF-%D8%A7%D9%84%D9%84%D9%87-%D9%85%D8%AD%D9%85%D8%AF-%D8%A7%D9%84%D9%85%D8%AD%D9%8A%D9%85%D9%8A%D8%AF HTTP/1.1" 200 4233 "-" "Mozilla/5.0 (compatible; MJ12bot/v1.4.7; http://mj12bot.com/)"
74.91.22.178 - - [28/Sep/2017:00:00:16 +0000] "GET /lawyers/%D9%86%D8%A7%D9%8A%D9%81-%D8%A8%D9%86-%D9%85%D8%AD%D9%85%D8%AF-%D8%B3%D9%84%D8%B7%D8%A7%D9%86-%D8%A7%D9%84%D8%B3%D9%84%D8%B7%D8%A7%D9%86 HTTP/1.1" 200 4210 "-" "Mozilla/5.0 (compatible; MJ12bot/v1.4.7; http://mj12bot.com/)"
74.91.22.178 - - [28/Sep/2017:00:00:17 +0000] "GET /lawyers/%D9%86%D8%A7%D9%8A%D9%81-%D8%A8%D9%86-%D9%85%D8%AD%D9%85%D8%AF-%D8%B5%D8%A7%D9%84%D8%AD-%D8%A7%D9%84%D8%B5%D8%A7%D9%84%D8%AD-%D8%A7%D9%84%D9%85%D8%AD%D9%8A%D9%85%D9%8A%D8%AF HTTP/1.1" 200 4229 "-" "Mozilla/5.0 (compatible; MJ12bot/v1.4.7; http://mj12bot.com/)"
74.91.22.178 - - [28/Sep/2017:00:00:19 +0000] "GET /lawyers/%D9%86%D8%A7%D9%8A%D9%81-%D8%A8%D9%86-%D9%85%D8%AD%D9%85%D8%AF-%D8%B9%D8%A8%D8%AF%D8%A7%D9%84%D9%84%D9%87-%D8%A7%D9%84%D8%B1%D8%A8%D9%8A%D8%B9%D8%A7%D9%86 HTTP/1.1" 200 4227 "-" "Mozilla/5.0 (compatible; MJ12bot/v1.4.7; http://mj12bot.com/)"
74.91.22.178 - - [28/Sep/2017:00:00:20 +0000] "GET /lawyers/%D9%86%D8%A8%D9%8A%D9%84-%D8%A8%D9%86-%D8%B3%D8%B9%D8%AF-%D8%A7%D9%84%D8%AF%D9%8A%D9%86-%D8%B9%D8%A8%D8%AF%D8%A7%D9%84%D9%82%D8%A7%D8%AF%D8%B1-%D8%A8%D8%B1%D8%A7%D8%AF%D9%87 HTTP/1.1" 200 4246 "-" "Mozilla/5.0 (compatible; MJ12bot/v1.4.7; http://mj12bot.com/)"
74.91.22.178 - - [28/Sep/2017:00:00:22 +0000] "GET /lawyers/%D9%86%D8%A8%D9%8A%D9%84-%D8%A8%D9%86-%D9%85%D8%AD%D9%85%D8%AF-%D8%B5%D8%A7%D9%84%D8%AD-%D8%A7%D9%84%D9%85%D8%B4%D9%8A%D9%82%D8%AD HTTP/1.1" 200 4216 "-" "Mozilla/5.0 (compatible; MJ12bot/v1.4.7; http://mj12bot.com/)"
74.91.22.178 - - [28/Sep/2017:00:00:23 +0000] "GET /lawyers/%D9%86%D8%AC%D9%85-%D8%A8%D9%86-%D8%BA%D8%A7%D8%B2%D9%8A-%D9%86%D8%AC%D9%85-%D8%A7%D9%84%D8%B3%D9%85%D8%A7%D8%B9%D9%8A%D9%84-%D8%A7%D9%84%D8%B8%D9%81%D9%8A%D8%B1%D9%8A HTTP/1.1" 200 4229 "-" "Mozilla/5.0 (compatible; MJ12bot/v1.4.7; http://mj12bot.com/)"
74.91.22.178 - - [28/Sep/2017:00:00:25 +0000] "GET /lawyers/%D9%86%D8%AC%D9%88%D8%AF-%D8%A8%D9%86%D8%AA-%D9%85%D8%B5%D8%B7%D9%81%D9%89-%D9%85%D8%AD%D9%85%D8%AF-%D8%B9%D8%AF%D8%A7%D9%88%D9%8A HTTP/1.1" 200 4219 "-" "Mozilla/5.0 (compatible; MJ12bot/v1.4.7; http://mj12bot.com/)"
74.91.22.178 - - [28/Sep/2017:00:00:26 +0000] "GET /lawyers/%D9%86%D8%AC%D9%88%D9%89-%D8%A8%D9%86%D8%AA-%D8%A7%D8%B3%D9%85%D8%A7%D8%B9%D9%8A%D9%84-%D8%A7%D8%AD%D9%85%D8%AF-%D8%AD%D8%B3%D9%86-%D9%81%D9%84%D9%85%D8%A8%D8%A7%D9%86 HTTP/1.1" 200 4239 "-" "Mozilla/5.0 (compatible; MJ12bot/v1.4.7; http://mj12bot.com/)"
74.91.22.178 - - [28/Sep/2017:00:00:28 +0000] "GET /lawyers/%D9%86%D8%AC%D9%8A%D8%A8-%D8%A8%D9%86-%D8%A7%D8%A8%D8%B1%D8%A7%D9%87%D9%8A%D9%85-%D8%B9%D8%A8%D8%AF-%D8%A7%D9%84%D9%85%D8%AD%D8%B3%D9%86-%D8%A7%D9%84%D8%B4%D9%85%D9%84%D8%A7%D9%86 HTTP/1.1" 200 4252 "-" "Mozilla/5.0 (compatible; MJ12bot/v1.4.7; http://mj12bot.com/)"
74.91.22.178 - - [28/Sep/2017:00:00:30 +0000] "GET /lawyers/%D9%86%D8%B3%D8%B1%D9%8A%D9%86-%D8%A8%D9%86%D8%AA-%D8%B9%D8%A8%D8%AF%D8%A7%D9%84%D8%B1%D8%AD%D9%85%D9%86-%D8%B9%D8%A8%D8%AF%D8%A7%D9%84%D9%84%D8%B7%D9%8A%D9%81-%D8%A7%D9%84%D8%B9%D9%8A%D8%B3%D9%89 HTTP/1.1" 200 4265 "-" "Mozilla/5.0 (compatible; MJ12bot/v1.4.7; http://mj12bot.com/)"
74.91.22.178 - - [28/Sep/2017:00:00:32 +0000] "GET /lawyers/%D9%86%D8%B5%D8%B1-%D8%A8%D9%86-%D9%85%D8%A8%D8%A7%D8%B1%D9%83-%D9%86%D8%A7%D8%B5%D8%B1-%D8%B0%D9%88%D9%89-%D9%85%D8%B3%D8%A7%D8%B9%D8%AF-%D8%A7%D9%84%D8%A8%D8%B1%D9%83%D8%A7%D8%AA%D9%8A HTTP/1.1" 200 4265 "-" "Mozilla/5.0 (compatible; MJ12bot/v1.4.7; http://mj12bot.com/)"
74.91.22.178 - - [28/Sep/2017:00:00:33 +0000] "GET /lawyers/%D9%86%D9%88%D8%A7%D9%81-%D8%A8%D9%86-%D8%B3%D8%B9%D8%AF-%D8%B5%D8%A7%D9%84%D8%AD-%D8%A7%D9%84%D8%B9%D8%A8%D8%AF%D8%A7%D9%84%D9%84%D8%B7%D9%8A%D9%81 HTTP/1.1" 200 4233 "-" "Mozilla/5.0 (compatible; MJ12bot/v1.4.7; http://mj12bot.com/)"
74.91.22.178 - - [28/Sep/2017:00:00:35 +0000] "GET /lawyers/%D9%86%D9%88%D8%B1%D8%A7%D9%86-%D8%A8%D9%86%D8%AA-%D8%B3%D8%B9%D8%AF-%D8%A8%D8%AE%D9%8A%D8%AA-%D8%A7%D9%84%D8%A7%D8%AD%D9%85%D8%AF%D9%8A HTTP/1.1" 200 4233 "-" "Mozilla/5.0 (compatible; MJ12bot/v1.4.7; http://mj12bot.com/)"
74.91.22.178 - - [28/Sep/2017:00:00:36 +0000] "GET /lawyers/%D9%86%D9%88%D8%B1%D8%A9-%D8%A8%D9%86%D8%AA-%D8%BA%D8%A7%D8%B2%D9%89-%D8%B3%D9%84%D9%8A%D9%85%D8%A7%D9%86-%D8%A7%D9%84%D8%B5%D8%A8%D8%AD%D9%8A-%D8%A7%D9%84%D8%AD%D8%B1%D8%A8%D9%8A HTTP/1.1" 200 4261 "-" "Mozilla/5.0 (compatible; MJ12bot/v1.4.7; http://mj12bot.com/)"
74.91.22.178 - - [28/Sep/2017:00:00:38 +0000] "GET /lawyers/%D9%86%D9%88%D8%B1%D9%87-%D8%A8%D9%86%D8%AA-%D8%B9%D8%A8%D8%AF%D8%A7%D9%84%D9%84%D9%87-%D8%B3%D8%B9%D9%8A%D8%AF-%D8%A7%D9%84%D8%B4%D9%87%D8%B1%D8%A7%D9%86%D9%8A HTTP/1.1" 200 4243 "-" "Mozilla/5.0 (compatible; MJ12bot/v1.4.7; http://mj12bot.com/)"
74.91.22.178 - - [28/Sep/2017:00:00:39 +0000] "GET /lawyers/%D9%86%D9%88%D8%B1%D9%87-%D8%A8%D9%86%D8%AA-%D9%81%D9%87%D8%AF-%D8%A7%D8%A8%D8%B1%D8%A7%D9%87%D9%8A%D9%85-%D8%A7%D9%84%D8%AF%D8%A7%D9%88%D8%AF HTTP/1.1" 200 4227 "-" "Mozilla/5.0 (compatible; MJ12bot/v1.4.7; http://mj12bot.com/)"
74.91.22.178 - - [28/Sep/2017:00:00:41 +0000] "GET /lawyers/%D9%86%D9%88%D8%B1%D9%87-%D8%A8%D9%86%D8%AA-%D9%85%D8%AD%D9%85%D8%AF-%D8%B9%D8%A8%D8%AF-%D8%A7%D9%84%D9%84%D9%87-%D8%A7%D9%84%D8%AA%D9%88%D9%8A%D9%85 HTTP/1.1" 200 4234 "-" "Mozilla/5.0 (compatible; MJ12bot/v1.4.7; http://mj12bot.com/)"
66.249.79.17 - - [28/Sep/2017:00:00:55 +0000] "GET /codes/%D8%AA%D9%86%D8%B8%D9%8A%D9%85-%D8%A7%D9%84%D8%AC%D9%85%D8%B9%D9%8A%D8%A9-%D8%A7%D9%84%D8%B3%D8%B9%D9%88%D8%AF%D9%8A%D8%A9-%D9%84%D9%85%D8%B1%D8%A7%D9%81%D9%82-%D8%A7%D9%84%D8%A5%D9%8A%D9%88%D8%A7%D8%A1-%D8%A7%D9%84%D8%B3%D9%8A%D8%A7%D8%AD%D9%8A-2014 HTTP/1.1" 404 12342 "-" "Mozilla/5.0 (compatible; Googlebot/2.1; +http://www.google.com/bot.html)"
66.249.79.17 - - [28/Sep/2017:00:02:20 +0000] "GET /lawyers/%D8%AE%D8%A7%D9%84%D8%AF-%D8%A8%D9%86-%D8%A7%D8%A8%D8%B1%D8%A7%D9%87%D9%8A%D9%85-%D8%B9%D8%A8%D8%AF%D8%A7%D9%84%D9%84%D9%87-%D8%A7%D9%84%D9%88%D8%B1%D9%82%D8%A7%D9%86/link HTTP/1.1" 302 4614 "-" "Mozilla/5.0 (compatible; Googlebot/2.1; +http://www.google.com/bot.html)"
66.249.79.17 - - [28/Sep/2017:00:02:20 +0000] "GET /login HTTP/1.1" 200 4021 "-" "Mozilla/5.0 (compatible; Googlebot/2.1; +http://www.google.com/bot.html)"
66.249.79.27 - - [28/Sep/2017:00:06:03 +0000] "GET / HTTP/1.1" 200 7463 "-" "Mozilla/5.0 (compatible; Googlebot/2.1; +http://www.google.com/bot.html)"
66.249.79.19 - - [28/Sep/2017:00:18:33 +0000] "GET / HTTP/1.1" 200 7468 "-" "Mozilla/5.0 (compatible; Googlebot/2.1; +http://www.google.com/bot.html)"
66.249.79.7 - - [28/Sep/2017:00:19:41 +0000] "GET /robots.txt HTTP/1.1" 301 594 "-" "Mozilla/5.0 (compatible; Googlebot/2.1; +http://www.google.com/bot.html)"
66.249.79.19 - - [28/Sep/2017:00:19:42 +0000] "GET /robots.txt HTTP/1.1" 200 3534 "-" "Mozilla/5.0 (compatible; Googlebot/2.1; +http://www.google.com/bot.html)"
66.249.79.7 - - [28/Sep/2017:00:19:42 +0000] "GET / HTTP/1.1" 301 573 "-" "Mozilla/5.0 (compatible; Googlebot/2.1; +http://www.google.com/bot.html)"
66.249.79.19 - - [28/Sep/2017:00:31:36 +0000] "GET /codes/%D9%86%D8%B8%D8%A7%D9%85-%D8%A7%D9%84%D8%B5%D9%86%D8%AF%D9%88%D9%82-%D8%A7%D9%84%D8%B3%D8%B9%D9%88%D8%AF%D9%8A-%D9%84%D9%84%D8%AA%D9%86%D9%85%D9%8A%D8%A9-1974 HTTP/1.1" 404 12052 "-" "Mozilla/5.0 (compatible; Googlebot/2.1; +http://www.google.com/bot.html)"
66.249.79.27 - - [28/Sep/2017:00:37:36 +0000] "GET /lawyers/%D9%86%D8%A7%D8%B5%D8%B1-%D8%A8%D9%86-%D8%B3%D8%B9%D8%AF-%D9%85%D8%AD%D9%85%D8%AF-%D8%A7%D9%84%D9%81%D9%82%D9%8A%D9%87 HTTP/1.1" 200 7452 "-" "Mozilla/5.0 (compatible; Googlebot/2.1; +http://www.google.com/bot.html)"
66.249.79.27 - - [28/Sep/2017:00:46:27 +0000] "GET / HTTP/1.1" 200 7465 "-" "Mozilla/5.0 (Linux; Android 6.0.1; Nexus 5X Build/MMB29P) AppleWebKit/537.36 (KHTML, like Gecko) Chrome/41.0.2272.96 Mobile Safari/537.36 (compatible; Googlebot/2.1; +http://www.google.com/bot.html)"
66.249.79.25 - - [28/Sep/2017:00:51:26 +0000] "GET /codes/%D8%A7%D9%84%D9%84%D8%A7%D8%A6%D8%AD%D8%A9-%D8%A7%D9%84%D8%AA%D9%86%D8%B8%D9%8A%D9%85%D9%8A%D8%A9-%D9%84%D9%85%D8%B1%D8%A7%D9%83%D8%B2-%D8%A7%D9%84%D8%AA%D9%86%D9%85%D9%8A%D8%A9-%D8%A7%D9%84%D8%A7%D8%AC%D8%AA%D9%85%D8%A7%D8%B9%D9%8A%D8%A9-1428 HTTP/1.1" 200 10753 "-" "Mozilla/5.0 (Linux; Android 6.0.1; Nexus 5X Build/MMB29P) AppleWebKit/537.36 (KHTML, like Gecko) Chrome/41.0.2272.96 Mobile Safari/537.36 (compatible; Googlebot/2.1; +http://www.google.com/bot.html)"
66.249.79.28 - - [28/Sep/2017:01:01:36 +0000] "GET /codes/%D9%86%D8%B8%D8%A7%D9%85-%D8%A7%D9%84%D8%AB%D8%B1%D9%88%D8%A9-%D8%A7%D9%84%D8%AD%D9%8A%D9%88%D8%A7%D9%86%D9%8A%D8%A9-1424 HTTP/1.1" 301 688 "-" "Mozilla/5.0 (compatible; Googlebot/2.1; +http://www.google.com/bot.html)"
66.249.79.27 - - [28/Sep/2017:01:01:37 +0000] "GET /codes/%D9%86%D8%B8%D8%A7%D9%85-%D8%A7%D9%84%D8%AB%D8%B1%D9%88%D8%A9-%D8%A7%D9%84%D8%AD%D9%8A%D9%88%D8%A7%D9%86%D9%8A%D8%A9-1424 HTTP/1.1" 200 11218 "-" "Mozilla/5.0 (compatible; Googlebot/2.1; +http://www.google.com/bot.html)"
35.196.110.149 - - [28/Sep/2017:01:08:21 +0000] "GET / HTTP/1.1" 301 537 "-" "Mozilla/5.0 (X11; U; Linux i686; en-US; rv:1.4) Gecko/20030624"
35.196.110.149 - - [28/Sep/2017:01:08:21 +0000] "GET / HTTP/1.1" 200 7438 "-" "Mozilla/5.0 (X11; U; Linux i686; en-US; rv:1.4) Gecko/20030624"
66.249.79.17 - - [28/Sep/2017:01:18:07 +0000] "GET /lawyers/%D8%AE%D8%A7%D9%84%D8%AF-%D8%A8%D9%86-%D8%B2%D8%A8%D8%A7%D8%B1-%D8%BA%D8%B2%D8%A7%D9%8A-%D8%A7%D9%84%D8%AE%D8%B1%D8%A7%D8%B5%D9%8A-%D8%A7%D9%84%D8%B9%D8%AA%D9%8A%D8%A8%D9%8A/link HTTP/1.1" 302 4612 "-" "Mozilla/5.0 (compatible; Googlebot/2.1; +http://www.google.com/bot.html)"
66.249.79.21 - - [28/Sep/2017:01:18:08 +0000] "GET /login HTTP/1.1" 200 7197 "-" "Mozilla/5.0 (compatible; Googlebot/2.1; +http://www.google.com/bot.html)"
162.242.156.106 - - [28/Sep/2017:01:23:54 +0000] "GET /contact HTTP/1.1" 200 6986 "http://thesaudilaw.com/" "Mozilla/5.0 (Windows NT 6.1; WOW64) AppleWebKit/534.24 (KHTML, like Gecko) Chrome/11.0.696.71 Safari/534.24"
66.249.79.27 - - [28/Sep/2017:01:32:07 +0000] "GET / HTTP/1.1" 200 7469 "-" "Mozilla/5.0 (compatible; Googlebot/2.1; +http://www.google.com/bot.html)"
4.35.154.115 - - [28/Sep/2017:01:57:10 +0000] "GET / HTTP/1.1" 301 574 "-" "Mozilla/5.0 (Macintosh; Intel Mac OS X 10_12_6) AppleWebKit/537.36 (KHTML, like Gecko) Chrome/61.0.3163.100 Safari/537.36"
4.35.154.115 - - [28/Sep/2017:01:57:10 +0000] "GET / HTTP/1.1" 200 7775 "-" "Mozilla/5.0 (Macintosh; Intel Mac OS X 10_12_6) AppleWebKit/537.36 (KHTML, like Gecko) Chrome/61.0.3163.100 Safari/537.36"
4.35.154.115 - - [28/Sep/2017:01:57:11 +0000] "GET /img/logo.svg HTTP/1.1" 200 7207 "https://thesaudilaw.com/" "Mozilla/5.0 (Macintosh; Intel Mac OS X 10_12_6) AppleWebKit/537.36 (KHTML, like Gecko) Chrome/61.0.3163.100 Safari/537.36"
4.35.154.115 - - [28/Sep/2017:01:57:11 +0000] "GET /css/app.css?id=ea2b7f26afe664d56a04 HTTP/1.1" 200 33869 "https://thesaudilaw.com/" "Mozilla/5.0 (Macintosh; Intel Mac OS X 10_12_6) AppleWebKit/537.36 (KHTML, like Gecko) Chrome/61.0.3163.100 Safari/537.36"
4.35.154.115 - - [28/Sep/2017:01:57:11 +0000] "GET /js/manifest.js?id=00c9397dc4d2d4ed54de HTTP/1.1" 200 1221 "https://thesaudilaw.com/" "Mozilla/5.0 (Macintosh; Intel Mac OS X 10_12_6) AppleWebKit/537.36 (KHTML, like Gecko) Chrome/61.0.3163.100 Safari/537.36"
4.35.154.115 - - [28/Sep/2017:01:57:11 +0000] "GET /js/app.js?id=616a35b9db9ae672e3b5 HTTP/1.1" 200 42188 "https://thesaudilaw.com/" "Mozilla/5.0 (Macintosh; Intel Mac OS X 10_12_6) AppleWebKit/537.36 (KHTML, like Gecko) Chrome/61.0.3163.100 Safari/537.36"
4.35.154.115 - - [28/Sep/2017:01:57:11 +0000] "GET /fonts/vendor/font-awesome/fontawesome-webfont.woff2?af7ae505a9eed503f8b8e6982036873e HTTP/1.1" 200 77750 "https://thesaudilaw.com/css/app.css?id=ea2b7f26afe664d56a04" "Mozilla/5.0 (Macintosh; Intel Mac OS X 10_12_6) AppleWebKit/537.36 (KHTML, like Gecko) Chrome/61.0.3163.100 Safari/537.36"
4.35.154.115 - - [28/Sep/2017:01:57:11 +0000] "GET /js/vendor.js?id=f7400958569fae48befe HTTP/1.1" 200 252214 "https://thesaudilaw.com/" "Mozilla/5.0 (Macintosh; Intel Mac OS X 10_12_6) AppleWebKit/537.36 (KHTML, like Gecko) Chrome/61.0.3163.100 Safari/537.36"
4.35.154.115 - - [28/Sep/2017:01:57:15 +0000] "GET /favicon-32x32.png HTTP/1.1" 200 1303 "https://thesaudilaw.com/" "Mozilla/5.0 (Macintosh; Intel Mac OS X 10_12_6) AppleWebKit/537.36 (KHTML, like Gecko) Chrome/61.0.3163.100 Safari/537.36"
4.35.154.115 - - [28/Sep/2017:01:57:15 +0000] "GET /favicon-16x16.png HTTP/1.1" 200 996 "https://thesaudilaw.com/" "Mozilla/5.0 (Macintosh; Intel Mac OS X 10_12_6) AppleWebKit/537.36 (KHTML, like Gecko) Chrome/61.0.3163.100 Safari/537.36"
4.35.154.115 - - [28/Sep/2017:01:57:17 +0000] "GET /codes HTTP/1.1" 200 6486 "https://thesaudilaw.com/" "Mozilla/5.0 (Macintosh; Intel Mac OS X 10_12_6) AppleWebKit/537.36 (KHTML, like Gecko) Chrome/61.0.3163.100 Safari/537.36"
4.35.154.115 - - [28/Sep/2017:01:57:19 +0000] "GET /codes/%D9%86%D8%B8%D8%A7%D9%85-%D8%A7%D9%84%D9%87%D9%8A%D8%A6%D8%A9-%D8%A7%D9%84%D8%B9%D8%A7%D9%85%D8%A9-%D9%84%D9%84%D8%A3%D9%88%D9%82%D8%A7%D9%81-1437 HTTP/1.1" 200 12626 "https://thesaudilaw.com/codes" "Mozilla/5.0 (Macintosh; Intel Mac OS X 10_12_6) AppleWebKit/537.36 (KHTML, like Gecko) Chrome/61.0.3163.100 Safari/537.36"
4.35.154.115 - - [28/Sep/2017:01:57:19 +0000] "GET /fonts/vendor/bootstrap/glyphicons-halflings-regular.woff2?448c34a56d699c29117adc64c43affeb HTTP/1.1" 200 18377 "https://thesaudilaw.com/css/app.css?id=ea2b7f26afe664d56a04" "Mozilla/5.0 (Macintosh; Intel Mac OS X 10_12_6) AppleWebKit/537.36 (KHTML, like Gecko) Chrome/61.0.3163.100 Safari/537.36"
4.35.154.115 - - [28/Sep/2017:01:57:21 +0000] "GET /lawyers HTTP/1.1" 200 7873 "https://thesaudilaw.com/codes/%D9%86%D8%B8%D8%A7%D9%85-%D8%A7%D9%84%D9%87%D9%8A%D8%A6%D8%A9-%D8%A7%D9%84%D8%B9%D8%A7%D9%85%D8%A9-%D9%84%D9%84%D8%A3%D9%88%D9%82%D8%A7%D9%81-1437" "Mozilla/5.0 (Macintosh; Intel Mac OS X 10_12_6) AppleWebKit/537.36 (KHTML, like Gecko) Chrome/61.0.3163.100 Safari/537.36"
66.249.79.30 - - [28/Sep/2017:02:03:09 +0000] "GET /lawyers/%D8%B3%D8%B9%D9%88%D8%AF-%D8%A8%D9%86-%D8%B9%D9%84%D9%8A-%D8%B9%D8%A8%D8%AF%D8%A7%D9%84%D9%84%D9%87-%D8%A7%D9%84%D8%A8%D9%88%D8%B4%D9%8A HTTP/1.1" 301 698 "-" "Mozilla/5.0 (compatible; Googlebot/2.1; +http://www.google.com/bot.html)"
66.249.79.27 - - [28/Sep/2017:02:03:10 +0000] "GET /lawyers/%D8%B3%D8%B9%D9%88%D8%AF-%D8%A8%D9%86-%D8%B9%D9%84%D9%8A-%D8%B9%D8%A8%D8%AF%D8%A7%D9%84%D9%84%D9%87-%D8%A7%D9%84%D8%A8%D9%88%D8%B4%D9%8A HTTP/1.1" 200 7451 "-" "Mozilla/5.0 (compatible; Googlebot/2.1; +http://www.google.com/bot.html)"
66.249.79.21 - - [28/Sep/2017:02:03:53 +0000] "GET /css/app.css?id=ee208984d95bc3393783 HTTP/1.1" 200 37038 "https://thesaudilaw.com/lawyers/%D8%B3%D8%B9%D9%88%D8%AF-%D8%A8%D9%86-%D8%B9%D9%84%D9%8A-%D8%B9%D8%A8%D8%AF%D8%A7%D9%84%D9%84%D9%87-%D8%A7%D9%84%D8%A8%D9%88%D8%B4%D9%8A" "Mozilla/5.0 (compatible; Googlebot/2.1; +http://www.google.com/bot.html)"
66.249.79.23 - - [28/Sep/2017:02:08:46 +0000] "GET /lawyers/%D8%B3%D8%B9%D9%88%D8%AF-%D8%A8%D9%86-%D8%B9%D9%84%D9%8A-%D8%B9%D8%A8%D8%AF%D8%A7%D9%84%D9%84%D9%87-%D8%A7%D9%84%D8%A8%D9%88%D8%B4%D9%8A/link HTTP/1.1" 302 4634 "-" "Mozilla/5.0 (compatible; Googlebot/2.1; +http://www.google.com/bot.html)"
66.249.79.23 - - [28/Sep/2017:02:08:47 +0000] "GET /login HTTP/1.1" 200 4029 "-" "Mozilla/5.0 (compatible; Googlebot/2.1; +http://www.google.com/bot.html)"
4.35.154.115 - - [28/Sep/2017:02:09:12 +0000] "GET /lawyers HTTP/1.1" 200 11064 "https://thesaudilaw.com/codes/%D9%86%D8%B8%D8%A7%D9%85-%D8%A7%D9%84%D9%87%D9%8A%D8%A6%D8%A9-%D8%A7%D9%84%D8%B9%D8%A7%D9%85%D8%A9-%D9%84%D9%84%D8%A3%D9%88%D9%82%D8%A7%D9%81-1437" "Mozilla/5.0 (Macintosh; Intel Mac OS X 10_12_6) AppleWebKit/537.36 (KHTML, like Gecko) Chrome/61.0.3163.100 Safari/537.36"
66.249.79.19 - - [28/Sep/2017:02:28:25 +0000] "GET /lawyers/%D8%B3%D8%B9%D9%88%D8%AF-%D8%A8%D9%86-%D8%B9%D9%84%D9%8A-%D8%B9%D8%A8%D8%AF%D8%A7%D9%84%D9%84%D9%87-%D8%A7%D9%84%D8%A8%D9%88%D8%B4%D9%8A HTTP/1.1" 200 7446 "-" "Mozilla/5.0 (compatible; Googlebot/2.1; +http://www.google.com/bot.html)"
66.249.79.19 - - [28/Sep/2017:02:33:54 +0000] "GET /lawyers/%D8%AE%D8%A7%D9%84%D8%AF-%D8%A8%D9%86-%D9%8A%D8%AD%D9%8A-%D8%A7%D8%AD%D9%85%D8%AF-%D8%B3%D9%87%D9%84%D9%8A HTTP/1.1" 200 7428 "-" "Mozilla/5.0 (compatible; Googlebot/2.1; +http://www.google.com/bot.html)"
66.249.79.19 - - [28/Sep/2017:02:48:47 +0000] "GET /lawyers/%D8%B3%D8%B9%D9%88%D8%AF-%D8%A8%D9%86-%D8%B9%D9%84%D9%8A-%D8%B9%D8%A8%D8%AF%D8%A7%D9%84%D9%84%D9%87-%D8%A7%D9%84%D8%A8%D9%88%D8%B4%D9%8A HTTP/1.1" 200 7439 "-" "Mozilla/5.0 (Linux; Android 6.0.1; Nexus 5X Build/MMB29P) AppleWebKit/537.36 (KHTML, like Gecko) Chrome/41.0.2272.96 Mobile Safari/537.36 (compatible; Googlebot/2.1; +http://www.google.com/bot.html)"
162.242.156.106 - - [28/Sep/2017:02:51:42 +0000] "GET /contact HTTP/1.1" 301 563 "https://thesaudilaw.com/contact" "Mozilla/5.0 (Windows NT 6.1; WOW64) AppleWebKit/534.24 (KHTML, like Gecko) Chrome/11.0.696.71 Safari/534.24"
66.249.79.23 - - [28/Sep/2017:02:53:56 +0000] "GET /lawyers?page=2 HTTP/1.1" 200 10758 "-" "Mozilla/5.0 (Linux; Android 6.0.1; Nexus 5X Build/MMB29P) AppleWebKit/537.36 (KHTML, like Gecko) Chrome/41.0.2272.96 Mobile Safari/537.36 (compatible; Googlebot/2.1; +http://www.google.com/bot.html)"
66.249.79.28 - - [28/Sep/2017:02:57:03 +0000] "GET /css/app.css?id=997031f43d4de6ee5e9a HTTP/1.1" 301 656 "http://www.thesaudilaw.com/codes/%D8%A7%D9%84%D9%84%D8%A7%D8%A6%D8%AD%D8%A9-%D8%A7%D9%84%D8%A3%D8%B3%D8%A7%D8%B3%D9%8A%D8%A9-%D9%84%D9%84%D8%A8%D9%8A%D9%88%D8%AA-%D8%A7%D9%84%D8%A7%D8%AC%D8%AA%D9%85%D8%A7%D8%B9%D9%8A%D8%A9-1436" "Mozilla/5.0 (compatible; Googlebot/2.1; +http://www.google.com/bot.html)"
66.249.79.25 - - [28/Sep/2017:03:01:36 +0000] "GET /lawyers/%D9%85%D8%AD%D9%85%D8%AF-%D8%A8%D9%86-%D8%B5%D8%A7%D9%84%D8%AD-%D8%B5%D8%A7%D9%84%D8%AD-%D8%A7%D9%84%D8%B5%D8%A7%D9%84%D8%AD HTTP/1.1" 200 7419 "-" "Mozilla/5.0 (compatible; Googlebot/2.1; +http://www.google.com/bot.html)"
207.46.13.169 - - [28/Sep/2017:03:03:13 +0000] "GET /auth/twitter HTTP/1.1" 302 4875 "-" "Mozilla/5.0 (compatible; bingbot/2.0; +http://www.bing.com/bingbot.htm)"
66.249.79.23 - - [28/Sep/2017:03:04:07 +0000] "GET / HTTP/1.1" 200 7466 "-" "Mozilla/5.0 (Linux; Android 6.0.1; Nexus 5X Build/MMB29P) AppleWebKit/537.36 (KHTML, like Gecko) Chrome/41.0.2272.96 Mobile Safari/537.36 (compatible; Googlebot/2.1; +http://www.google.com/bot.html)"
104.238.248.15 - - [28/Sep/2017:03:11:02 +0000] "GET / HTTP/1.1" 301 530 "-" "Mozilla/4.0 (compatible; MSIE 8.0; Windows NT 6.0)"
66.249.79.27 - - [28/Sep/2017:03:19:17 +0000] "GET / HTTP/1.1" 200 7462 "-" "Mozilla/5.0 (compatible; Googlebot/2.1; +http://www.google.com/bot.html)"
66.249.79.21 - - [28/Sep/2017:03:29:22 +0000] "GET /lawyers/%D9%87%D9%86%D8%A7%D8%A1-%D8%A8%D9%86%D8%AA-%D8%B5%D8%AF%D9%8A%D9%82-%D8%B9%D8%A8%D8%AF%D8%A7%D9%84%D9%84%D9%87-%D8%AE%D9%84%D9%8A%D8%B5 HTTP/1.1" 200 7463 "-" "Mozilla/5.0 (compatible; Googlebot/2.1; +http://www.google.com/bot.html)"
66.249.79.19 - - [28/Sep/2017:03:39:19 +0000] "GET /lawyers/%D8%B4%D9%87%D8%AF-%D8%A8%D9%86%D8%AA-%D8%A7%D8%AD%D9%85%D8%AF-%D8%B9%D8%A8%D8%AF%D8%A7%D9%84%D8%B9%D8%B2%D9%8A%D8%B2-%D8%A7%D9%84%D8%B9%D9%86%D9%82%D8%B1%D9%8A HTTP/1.1" 200 7465 "-" "Mozilla/5.0 (compatible; Googlebot/2.1; +http://www.google.com/bot.html)"
66.249.79.23 - - [28/Sep/2017:03:44:17 +0000] "GET /lawyers/%D8%A8%D9%86%D8%AF%D8%B1-%D8%A8%D9%86-%D8%B9%D8%A8%D8%AF%D8%A7%D9%84%D8%B1%D8%AD%D9%85%D9%86-%D9%86%D8%A7%D8%B5%D8%B1-%D8%A7%D9%84%D9%85%D8%B3%D9%8A%D9%86%D8%AF HTTP/1.1" 200 7464 "-" "Mozilla/5.0 (Linux; Android 6.0.1; Nexus 5X Build/MMB29P) AppleWebKit/537.36 (KHTML, like Gecko) Chrome/41.0.2272.96 Mobile Safari/537.36 (compatible; Googlebot/2.1; +http://www.google.com/bot.html)"
66.249.79.17 - - [28/Sep/2017:03:49:43 +0000] "GET /lawyers/%D8%AD%D8%B3%D8%A7%D9%85-%D8%A8%D9%86-%D9%85%D8%AD%D8%B3%D9%86-%D8%B9%D9%85%D8%B1-%D8%B3%D8%B1%D8%AD%D8%A7%D9%86 HTTP/1.1" 200 7427 "-" "Mozilla/5.0 (compatible; Googlebot/2.1; +http://www.google.com/bot.html)"
66.249.79.27 - - [28/Sep/2017:03:59:43 +0000] "GET /lawyers/%D8%B7%D9%84%D8%A7%D9%84-%D8%A8%D9%86-%D9%85%D9%88%D8%B3%D9%89-%D8%B4%D9%86%D9%8A%D9%81-%D8%A7%D9%84%D8%AB%D8%A7%D8%A8%D8%AA%D9%8A-%D8%A7%D9%84%D9%85%D8%A7%D9%84%D9%83%D9%8A HTTP/1.1" 200 7479 "-" "Mozilla/5.0 (compatible; Googlebot/2.1; +http://www.google.com/bot.html)"
66.249.79.17 - - [28/Sep/2017:04:01:28 +0000] "GET /sitemap HTTP/1.1" 200 40389 "-" "Mozilla/5.0 (compatible; Googlebot/2.1; +http://www.google.com/bot.html)"
66.249.79.19 - - [28/Sep/2017:04:04:36 +0000] "GET /documents/433 HTTP/1.1" 200 9803 "-" "Mozilla/5.0 (compatible; Googlebot/2.1; +http://www.google.com/bot.html)"
176.45.185.43 - - [28/Sep/2017:04:09:20 +0000] "GET /lawyers?gender=male HTTP/1.1" 200 10786 "https://www.google.com.sa/" "Mozilla/5.0 (Linux; Android 6.0.1; SM-N910C Build/MMB29K) AppleWebKit/537.36 (KHTML, like Gecko) Chrome/61.0.3163.98 Mobile Safari/537.36"
176.45.185.43 - - [28/Sep/2017:04:09:21 +0000] "GET /css/app.css?id=ea2b7f26afe664d56a04 HTTP/1.1" 200 33869 "https://thesaudilaw.com/lawyers?gender=male" "Mozilla/5.0 (Linux; Android 6.0.1; SM-N910C Build/MMB29K) AppleWebKit/537.36 (KHTML, like Gecko) Chrome/61.0.3163.98 Mobile Safari/537.36"
176.45.185.43 - - [28/Sep/2017:04:09:21 +0000] "GET /js/manifest.js?id=00c9397dc4d2d4ed54de HTTP/1.1" 200 1374 "https://thesaudilaw.com/lawyers?gender=male" "Mozilla/5.0 (Linux; Android 6.0.1; SM-N910C Build/MMB29K) AppleWebKit/537.36 (KHTML, like Gecko) Chrome/61.0.3163.98 Mobile Safari/537.36"
176.45.185.43 - - [28/Sep/2017:04:09:21 +0000] "GET /js/app.js?id=616a35b9db9ae672e3b5 HTTP/1.1" 200 42188 "https://thesaudilaw.com/lawyers?gender=male" "Mozilla/5.0 (Linux; Android 6.0.1; SM-N910C Build/MMB29K) AppleWebKit/537.36 (KHTML, like Gecko) Chrome/61.0.3163.98 Mobile Safari/537.36"
176.45.185.43 - - [28/Sep/2017:04:09:21 +0000] "GET /js/vendor.js?id=f7400958569fae48befe HTTP/1.1" 200 252214 "https://thesaudilaw.com/lawyers?gender=male" "Mozilla/5.0 (Linux; Android 6.0.1; SM-N910C Build/MMB29K) AppleWebKit/537.36 (KHTML, like Gecko) Chrome/61.0.3163.98 Mobile Safari/537.36"
176.45.185.43 - - [28/Sep/2017:04:09:22 +0000] "GET /img/logo.svg HTTP/1.1" 200 4176 "https://thesaudilaw.com/lawyers?gender=male" "Mozilla/5.0 (Linux; Android 6.0.1; SM-N910C Build/MMB29K) AppleWebKit/537.36 (KHTML, like Gecko) Chrome/61.0.3163.98 Mobile Safari/537.36"
176.45.185.43 - - [28/Sep/2017:04:09:22 +0000] "GET /fonts/vendor/font-awesome/fontawesome-webfont.woff2?af7ae505a9eed503f8b8e6982036873e HTTP/1.1" 200 77597 "https://thesaudilaw.com/css/app.css?id=ea2b7f26afe664d56a04" "Mozilla/5.0 (Linux; Android 6.0.1; SM-N910C Build/MMB29K) AppleWebKit/537.36 (KHTML, like Gecko) Chrome/61.0.3163.98 Mobile Safari/537.36"
176.45.185.43 - - [28/Sep/2017:04:09:31 +0000] "GET /manifest.json HTTP/1.1" 200 4095 "https://thesaudilaw.com/lawyers?gender=male" "Mozilla/5.0 (Linux; Android 6.0.1; SM-N910C Build/MMB29K) AppleWebKit/537.36 (KHTML, like Gecko) Chrome/61.0.3163.98 Mobile Safari/537.36"
176.45.185.43 - - [28/Sep/2017:04:09:31 +0000] "GET /favicon-32x32.png HTTP/1.1" 200 1456 "https://thesaudilaw.com/lawyers?gender=male" "Mozilla/5.0 (Linux; Android 6.0.1; SM-N910C Build/MMB29K) AppleWebKit/537.36 (KHTML, like Gecko) Chrome/61.0.3163.98 Mobile Safari/537.36"
176.45.185.43 - - [28/Sep/2017:04:09:31 +0000] "GET /android-chrome-192x192.png HTTP/1.1" 200 9000 "https://thesaudilaw.com/lawyers?gender=male" "Mozilla/5.0 (Linux; Android 6.0.1; SM-N910C Build/MMB29K) AppleWebKit/537.36 (KHTML, like Gecko) Chrome/61.0.3163.98 Mobile Safari/537.36"
66.249.79.27 - - [28/Sep/2017:04:24:47 +0000] "GET /register HTTP/1.1" 200 7320 "-" "Mozilla/5.0 (compatible; Googlebot/2.1; +http://www.google.com/bot.html)"
66.249.79.27 - - [28/Sep/2017:04:29:57 +0000] "GET /login HTTP/1.1" 200 7193 "-" "Mozilla/5.0 (compatible; Googlebot/2.1; +http://www.google.com/bot.html)"
66.249.79.23 - - [28/Sep/2017:04:35:08 +0000] "GET /documents HTTP/1.1" 200 7486 "-" "Mozilla/5.0 (compatible; Googlebot/2.1; +http://www.google.com/bot.html)"
66.249.79.19 - - [28/Sep/2017:04:55:30 +0000] "GET /documents/433 HTTP/1.1" 200 9803 "-" "Mozilla/5.0 (Linux; Android 6.0.1; Nexus 5X Build/MMB29P) AppleWebKit/537.36 (KHTML, like Gecko) Chrome/41.0.2272.96 Mobile Safari/537.36 (compatible; Googlebot/2.1; +http://www.google.com/bot.html)"
66.249.79.19 - - [28/Sep/2017:05:00:33 +0000] "GET /codes/%D9%86%D8%B8%D8%A7%D9%85-%D8%A7%D9%84%D8%AA%D8%AD%D9%83%D9%8A%D9%85-1983 HTTP/1.1" 404 11874 "-" "Mozilla/5.0 (compatible; Googlebot/2.1; +http://www.google.com/bot.html)"
66.249.79.17 - - [28/Sep/2017:05:05:28 +0000] "GET /lawyers/%D8%AE%D8%A7%D9%84%D8%AF-%D8%A8%D9%86-%D8%B3%D8%B9%D9%8A%D8%AF-%D9%85%D8%AD%D9%85%D8%AF-%D8%A2%D9%84-%D8%B3%D8%B1%D8%AD-%D8%A7%D9%84%D8%B4%D9%87%D8%B1%D8%A7%D9%86%D9%8A HTTP/1.1" 200 7476 "-" "Mozilla/5.0 (compatible; Googlebot/2.1; +http://www.google.com/bot.html)"
66.249.79.27 - - [28/Sep/2017:05:16:02 +0000] "GET /codes/%D9%82%D8%A7%D9%86%D9%88%D9%86-%D9%86%D8%B8%D8%A7%D9%85-%D8%A7%D9%84%D8%B9%D9%84%D8%A7%D9%85%D8%A7%D8%AA-%D8%A7%D9%84%D8%AA%D8%AC%D8%A7%D8%B1%D9%8A%D8%A9-%D9%84%D8%AF%D9%88%D9%84-%D9%85%D8%AC%D9%84%D8%B3-%D8%A7%D9%84%D8%AA%D8%B9%D8%A7%D9%88%D9%86-%D9%84%D8%AF%D9%88%D9%84-%D8%A7%D9%84%D8%AE%D9%84%D9%8A%D8%AC-%D8%A7%D9%84%D8%B9%D8%B1%D8%A8%D9%8A%D8%A9-1435 HTTP/1.1" 200 20825 "-" "Mozilla/5.0 (compatible; Googlebot/2.1; +http://www.google.com/bot.html)"
66.249.79.25 - - [28/Sep/2017:05:20:47 +0000] "GET /codes/%D9%86%D8%B8%D8%A7%D9%85-%D9%85%D9%83%D8%A7%D9%81%D8%AD%D8%A9-%D8%A7%D9%84%D8%AA%D8%AF%D8%AE%D9%8A%D9%86-1436 HTTP/1.1" 200 10116 "-" "Mozilla/5.0 (compatible; Googlebot/2.1; +http://www.google.com/bot.html)"
66.249.79.23 - - [28/Sep/2017:05:25:36 +0000] "GET /codes/%D9%86%D8%B8%D8%A7%D9%85-%D8%A7%D9%84%D8%A3%D8%B9%D9%84%D8%A7%D9%81-1435 HTTP/1.1" 200 14311 "-" "Mozilla/5.0 (compatible; Googlebot/2.1; +http://www.google.com/bot.html)"
66.249.79.25 - - [28/Sep/2017:05:31:07 +0000] "GET /category/anthm-almal-oalrkab HTTP/1.1" 200 8029 "-" "Mozilla/5.0 (compatible; Googlebot/2.1; +http://www.google.com/bot.html)"
66.249.79.25 - - [28/Sep/2017:05:41:27 +0000] "GET / HTTP/1.1" 200 7469 "-" "Mozilla/5.0 (compatible; Googlebot/2.1; +http://www.google.com/bot.html)"
66.249.79.23 - - [28/Sep/2017:05:46:39 +0000] "GET /codes/%D9%82%D8%A7%D9%86%D9%88%D9%86-%D9%86%D8%B8%D8%A7%D9%85-%D8%A7%D9%84%D8%B9%D9%84%D8%A7%D9%85%D8%A7%D8%AA-%D8%A7%D9%84%D8%AA%D8%AC%D8%A7%D8%B1%D9%8A%D8%A9-%D9%84%D8%AF%D9%88%D9%84-%D9%85%D8%AC%D9%84%D8%B3-%D8%A7%D9%84%D8%AA%D8%B9%D8%A7%D9%88%D9%86-%D9%84%D8%AF%D9%88%D9%84-%D8%A7%D9%84%D8%AE%D9%84%D9%8A%D8%AC-%D8%A7%D9%84%D8%B9%D8%B1%D8%A8%D9%8A%D8%A9-1435 HTTP/1.1" 200 20829 "-" "Mozilla/5.0 (Linux; Android 6.0.1; Nexus 5X Build/MMB29P) AppleWebKit/537.36 (KHTML, like Gecko) Chrome/41.0.2272.96 Mobile Safari/537.36 (compatible; Googlebot/2.1; +http://www.google.com/bot.html)"
66.249.79.28 - - [28/Sep/2017:05:48:41 +0000] "GET /sitemap HTTP/1.1" 301 600 "-" "Mozilla/5.0 (compatible; Googlebot/2.1; +http://www.google.com/bot.html)"
66.249.79.27 - - [28/Sep/2017:05:48:42 +0000] "GET /sitemap HTTP/1.1" 200 40389 "-" "Mozilla/5.0 (compatible; Googlebot/2.1; +http://www.google.com/bot.html)"
66.249.79.23 - - [28/Sep/2017:05:56:40 +0000] "GET / HTTP/1.1" 200 7465 "-" "Mozilla/5.0 (Linux; Android 6.0.1; Nexus 5X Build/MMB29P) AppleWebKit/537.36 (KHTML, like Gecko) Chrome/41.0.2272.96 Mobile Safari/537.36 (compatible; Googlebot/2.1; +http://www.google.com/bot.html)"
66.249.79.23 - - [28/Sep/2017:06:01:38 +0000] "GET /lawyers/%D8%B7%D9%84%D8%A7%D9%84-%D8%A8%D9%86-%D9%85%D9%88%D8%B3%D9%89-%D8%B4%D9%86%D9%8A%D9%81-%D8%A7%D9%84%D8%AB%D8%A7%D8%A8%D8%AA%D9%8A-%D8%A7%D9%84%D9%85%D8%A7%D9%84%D9%83%D9%8A HTTP/1.1" 200 7476 "-" "Mozilla/5.0 (compatible; Googlebot/2.1; +http://www.google.com/bot.html)"
66.249.79.21 - - [28/Sep/2017:06:21:15 +0000] "GET /lawyers/%D8%AD%D8%B3%D9%8A%D9%86-%D8%A8%D9%86-%D8%A7%D8%AD%D9%85%D8%AF-%D8%AD%D8%B3%D9%8A%D9%86-%D8%A2%D9%84-%D9%85%D8%AD%D9%85%D8%AF-%D8%A7%D9%84%D8%BA%D8%A7%D9%85%D8%AF%D9%8A HTTP/1.1" 200 7452 "-" "Mozilla/5.0 (compatible; Googlebot/2.1; +http://www.google.com/bot.html)"
66.249.79.17 - - [28/Sep/2017:06:22:03 +0000] "GET /lawyers/%D9%87%D9%86%D8%A7%D8%A1-%D8%A8%D9%86%D8%AA-%D8%B5%D8%AF%D9%8A%D9%82-%D8%B9%D8%A8%D8%AF%D8%A7%D9%84%D9%84%D9%87-%D8%AE%D9%84%D9%8A%D8%B5 HTTP/1.1" 200 7455 "-" "Mozilla/5.0 (compatible; Googlebot/2.1; +http://www.google.com/bot.html)"
